<?xml version="1.0" encoding="ISO-8859-1" ?>
<link_info>
   <banner>TI ARM Linker PC v20.2.2.LTS</banner>
   <copyright>Copyright (c) 1996-2018 Texas Instruments Incorporated</copyright>
   <link_time>0x5f70a890</link_time>
   <link_errors>0x0</link_errors>
   <output_file>boostxl_edumkii_microphonefft_msp432p401r_MSP_EXP432P401R_nortos_ccs.out</output_file>
   <entry_point>
      <name>_c_int00_noargs</name>
      <address>0x1452d</address>
   </entry_point>
   <input_file_list>
      <input_file id="fl-2">
         <path>.\</path>
         <kind>object</kind>
         <file>arm_fir_data.obj</file>
         <name>arm_fir_data.obj</name>
      </input_file>
      <input_file id="fl-3">
         <path>.\</path>
         <kind>object</kind>
         <file>main.obj</file>
         <name>main.obj</name>
      </input_file>
      <input_file id="fl-4">
         <path>.\</path>
         <kind>object</kind>
         <file>main_fir_f32.obj</file>
         <name>main_fir_f32.obj</name>
      </input_file>
      <input_file id="fl-5">
         <path>.\</path>
         <kind>object</kind>
         <file>main_fir_q15_simple.obj</file>
         <name>main_fir_q15_simple.obj</name>
      </input_file>
      <input_file id="fl-6">
         <path>.\</path>
         <kind>object</kind>
         <file>math_helper.obj</file>
         <name>math_helper.obj</name>
      </input_file>
      <input_file id="fl-7">
         <path>.\</path>
         <kind>object</kind>
         <file>system_msp432p401r.obj</file>
         <name>system_msp432p401r.obj</name>
      </input_file>
      <input_file id="fl-8">
         <path>.\LcdDriver\</path>
         <kind>object</kind>
         <file>Crystalfontz128x128_ST7735.obj</file>
         <name>Crystalfontz128x128_ST7735.obj</name>
      </input_file>
      <input_file id="fl-9">
         <path>.\LcdDriver\</path>
         <kind>object</kind>
         <file>HAL_MSP_EXP432P401R_Crystalfontz128x128_ST7735.obj</file>
         <name>HAL_MSP_EXP432P401R_Crystalfontz128x128_ST7735.obj</name>
      </input_file>
      <input_file id="fl-a">
         <path>.\ccs\</path>
         <kind>object</kind>
         <file>startup_msp432p401r_ccs.obj</file>
         <name>startup_msp432p401r_ccs.obj</name>
      </input_file>
      <input_file id="fl-b">
         <path>.\dsp\</path>
         <kind>object</kind>
         <file>signal_filter.obj</file>
         <name>signal_filter.obj</name>
      </input_file>
      <input_file id="fl-17">
         <kind>object</kind>
         <file>&lt;internal&gt;</file>
         <name>&lt;internal&gt;</name>
      </input_file>
      <input_file id="fl-18">
         <path>C:\ti\simplelink_msp432p4_sdk_3_40_01_02\source\third_party\CMSIS\DSP_Lib\lib\ccs\m4f\</path>
         <kind>archive</kind>
         <file>arm_cortexM4lf_math.a</file>
         <name>arm_fir_init_q15.o</name>
      </input_file>
      <input_file id="fl-19">
         <path>C:\ti\simplelink_msp432p4_sdk_3_40_01_02\source\third_party\CMSIS\DSP_Lib\lib\ccs\m4f\</path>
         <kind>archive</kind>
         <file>arm_cortexM4lf_math.a</file>
         <name>arm_fir_q15.o</name>
      </input_file>
      <input_file id="fl-1a">
         <path>C:\ti\simplelink_msp432p4_sdk_3_40_01_02\source\third_party\CMSIS\DSP_Lib\lib\ccs\m4f\</path>
         <kind>archive</kind>
         <file>arm_cortexM4lf_math.a</file>
         <name>arm_max_q15.o</name>
      </input_file>
      <input_file id="fl-1b">
         <path>C:\ti\simplelink_msp432p4_sdk_3_40_01_02\source\third_party\CMSIS\DSP_Lib\lib\ccs\m4f\</path>
         <kind>archive</kind>
         <file>arm_cortexM4lf_math.a</file>
         <name>arm_rfft_init_q15.o</name>
      </input_file>
      <input_file id="fl-1c">
         <path>C:\ti\simplelink_msp432p4_sdk_3_40_01_02\source\third_party\CMSIS\DSP_Lib\lib\ccs\m4f\</path>
         <kind>archive</kind>
         <file>arm_cortexM4lf_math.a</file>
         <name>arm_rfft_q15.o</name>
      </input_file>
      <input_file id="fl-1d">
         <path>C:\ti\simplelink_msp432p4_sdk_3_40_01_02\source\third_party\CMSIS\DSP_Lib\lib\ccs\m4f\</path>
         <kind>archive</kind>
         <file>arm_cortexM4lf_math.a</file>
         <name>arm_const_structs.o</name>
      </input_file>
      <input_file id="fl-1e">
         <path>C:\ti\simplelink_msp432p4_sdk_3_40_01_02\source\third_party\CMSIS\DSP_Lib\lib\ccs\m4f\</path>
         <kind>archive</kind>
         <file>arm_cortexM4lf_math.a</file>
         <name>arm_cfft_q15.o</name>
      </input_file>
      <input_file id="fl-1f">
         <path>C:\ti\simplelink_msp432p4_sdk_3_40_01_02\source\third_party\CMSIS\DSP_Lib\lib\ccs\m4f\</path>
         <kind>archive</kind>
         <file>arm_cortexM4lf_math.a</file>
         <name>arm_cfft_radix4_q15.o</name>
      </input_file>
      <input_file id="fl-20">
         <path>C:\ti\simplelink_msp432p4_sdk_3_40_01_02\source\third_party\CMSIS\DSP_Lib\lib\ccs\m4f\</path>
         <kind>archive</kind>
         <file>arm_cortexM4lf_math.a</file>
         <name>arm_rfft_init_q31.o</name>
      </input_file>
      <input_file id="fl-21">
         <path>C:\ti\simplelink_msp432p4_sdk_3_40_01_02\source\third_party\CMSIS\DSP_Lib\lib\ccs\m4f\</path>
         <kind>archive</kind>
         <file>arm_cortexM4lf_math.a</file>
         <name>arm_bitreversal2.o</name>
      </input_file>
      <input_file id="fl-22">
         <path>C:\ti\simplelink_msp432p4_sdk_3_40_01_02\source\third_party\CMSIS\DSP_Lib\lib\ccs\m4f\</path>
         <kind>archive</kind>
         <file>arm_cortexM4lf_math.a</file>
         <name>arm_common_tables.o</name>
      </input_file>
      <input_file id="fl-23">
         <path>C:\ti\simplelink_msp432p4_sdk_3_40_01_02\source\third_party\CMSIS\DSP_Lib\lib\ccs\m4f\</path>
         <kind>archive</kind>
         <file>arm_cortexM4lf_math.a</file>
         <name>arm_bitreversal.o</name>
      </input_file>
      <input_file id="fl-24">
         <path>C:\ti\simplelink_msp432p4_sdk_3_40_01_02\source\ti\devices\msp432p4xx\driverlib\ccs\</path>
         <kind>archive</kind>
         <file>msp432p4xx_driverlib.lib</file>
         <name>adc14.o</name>
      </input_file>
      <input_file id="fl-25">
         <path>C:\ti\simplelink_msp432p4_sdk_3_40_01_02\source\ti\devices\msp432p4xx\driverlib\ccs\</path>
         <kind>archive</kind>
         <file>msp432p4xx_driverlib.lib</file>
         <name>dma.o</name>
      </input_file>
      <input_file id="fl-26">
         <path>C:\ti\simplelink_msp432p4_sdk_3_40_01_02\source\ti\devices\msp432p4xx\driverlib\ccs\</path>
         <kind>archive</kind>
         <file>msp432p4xx_driverlib.lib</file>
         <name>gpio.o</name>
      </input_file>
      <input_file id="fl-27">
         <path>C:\ti\simplelink_msp432p4_sdk_3_40_01_02\source\ti\devices\msp432p4xx\driverlib\ccs\</path>
         <kind>archive</kind>
         <file>msp432p4xx_driverlib.lib</file>
         <name>interrupt.o</name>
      </input_file>
      <input_file id="fl-28">
         <path>C:\ti\simplelink_msp432p4_sdk_3_40_01_02\source\ti\devices\msp432p4xx\driverlib\ccs\</path>
         <kind>archive</kind>
         <file>msp432p4xx_driverlib.lib</file>
         <name>spi.o</name>
      </input_file>
      <input_file id="fl-29">
         <path>C:\ti\simplelink_msp432p4_sdk_3_40_01_02\source\ti\devices\msp432p4xx\driverlib\ccs\</path>
         <kind>archive</kind>
         <file>msp432p4xx_driverlib.lib</file>
         <name>timer_a.o</name>
      </input_file>
      <input_file id="fl-2a">
         <path>C:\ti\simplelink_msp432p4_sdk_3_40_01_02\source\ti\devices\msp432p4xx\driverlib\ccs\</path>
         <kind>archive</kind>
         <file>msp432p4xx_driverlib.lib</file>
         <name>cpu.o</name>
      </input_file>
      <input_file id="fl-e0">
         <path>C:\ti\ccs1011\ccs\tools\compiler\ti-cgt-arm_20.2.2.LTS\lib\</path>
         <kind>archive</kind>
         <file>rtsv7M4_T_le_v4SPD16_eabi.lib</file>
         <name>e_log10.c.obj</name>
      </input_file>
      <input_file id="fl-e1">
         <path>C:\ti\ccs1011\ccs\tools\compiler\ti-cgt-arm_20.2.2.LTS\lib\</path>
         <kind>archive</kind>
         <file>rtsv7M4_T_le_v4SPD16_eabi.lib</file>
         <name>e_sqrtf.c.obj</name>
      </input_file>
      <input_file id="fl-e2">
         <path>C:\ti\ccs1011\ccs\tools\compiler\ti-cgt-arm_20.2.2.LTS\lib\</path>
         <kind>archive</kind>
         <file>rtsv7M4_T_le_v4SPD16_eabi.lib</file>
         <name>s_cosf.c.obj</name>
      </input_file>
      <input_file id="fl-e3">
         <path>C:\ti\ccs1011\ccs\tools\compiler\ti-cgt-arm_20.2.2.LTS\lib\</path>
         <kind>archive</kind>
         <file>rtsv7M4_T_le_v4SPD16_eabi.lib</file>
         <name>fd_add_t2.asm.obj</name>
      </input_file>
      <input_file id="fl-e4">
         <path>C:\ti\ccs1011\ccs\tools\compiler\ti-cgt-arm_20.2.2.LTS\lib\</path>
         <kind>archive</kind>
         <file>rtsv7M4_T_le_v4SPD16_eabi.lib</file>
         <name>fd_div_t2.asm.obj</name>
      </input_file>
      <input_file id="fl-e5">
         <path>C:\ti\ccs1011\ccs\tools\compiler\ti-cgt-arm_20.2.2.LTS\lib\</path>
         <kind>archive</kind>
         <file>rtsv7M4_T_le_v4SPD16_eabi.lib</file>
         <name>fd_mul_t2.asm.obj</name>
      </input_file>
      <input_file id="fl-e6">
         <path>C:\ti\ccs1011\ccs\tools\compiler\ti-cgt-arm_20.2.2.LTS\lib\</path>
         <kind>archive</kind>
         <file>rtsv7M4_T_le_v4SPD16_eabi.lib</file>
         <name>fd_toi_t2.asm.obj</name>
      </input_file>
      <input_file id="fl-e7">
         <path>C:\ti\ccs1011\ccs\tools\compiler\ti-cgt-arm_20.2.2.LTS\lib\</path>
         <kind>archive</kind>
         <file>rtsv7M4_T_le_v4SPD16_eabi.lib</file>
         <name>fd_tos_t2.asm.obj</name>
      </input_file>
      <input_file id="fl-e8">
         <path>C:\ti\ccs1011\ccs\tools\compiler\ti-cgt-arm_20.2.2.LTS\lib\</path>
         <kind>archive</kind>
         <file>rtsv7M4_T_le_v4SPD16_eabi.lib</file>
         <name>fs_tod_t2.asm.obj</name>
      </input_file>
      <input_file id="fl-e9">
         <path>C:\ti\ccs1011\ccs\tools\compiler\ti-cgt-arm_20.2.2.LTS\lib\</path>
         <kind>archive</kind>
         <file>rtsv7M4_T_le_v4SPD16_eabi.lib</file>
         <name>i_tofd_t2.asm.obj</name>
      </input_file>
      <input_file id="fl-ea">
         <path>C:\ti\ccs1011\ccs\tools\compiler\ti-cgt-arm_20.2.2.LTS\lib\</path>
         <kind>archive</kind>
         <file>rtsv7M4_T_le_v4SPD16_eabi.lib</file>
         <name>memset_t2.asm.obj</name>
      </input_file>
      <input_file id="fl-eb">
         <path>C:\ti\ccs1011\ccs\tools\compiler\ti-cgt-arm_20.2.2.LTS\lib\</path>
         <kind>archive</kind>
         <file>rtsv7M4_T_le_v4SPD16_eabi.lib</file>
         <name>copy_zero_init.c.obj</name>
      </input_file>
      <input_file id="fl-ec">
         <path>C:\ti\ccs1011\ccs\tools\compiler\ti-cgt-arm_20.2.2.LTS\lib\</path>
         <kind>archive</kind>
         <file>rtsv7M4_T_le_v4SPD16_eabi.lib</file>
         <name>copy_decompress_none.c.obj</name>
      </input_file>
      <input_file id="fl-ed">
         <path>C:\ti\ccs1011\ccs\tools\compiler\ti-cgt-arm_20.2.2.LTS\lib\</path>
         <kind>archive</kind>
         <file>rtsv7M4_T_le_v4SPD16_eabi.lib</file>
         <name>copy_decompress_lzss.c.obj</name>
      </input_file>
      <input_file id="fl-ee">
         <path>C:\ti\ccs1011\ccs\tools\compiler\ti-cgt-arm_20.2.2.LTS\lib\</path>
         <kind>archive</kind>
         <file>rtsv7M4_T_le_v4SPD16_eabi.lib</file>
         <name>boot_cortex_m.c.obj</name>
      </input_file>
      <input_file id="fl-ef">
         <path>C:\ti\ccs1011\ccs\tools\compiler\ti-cgt-arm_20.2.2.LTS\lib\</path>
         <kind>archive</kind>
         <file>rtsv7M4_T_le_v4SPD16_eabi.lib</file>
         <name>errno.c.obj</name>
      </input_file>
      <input_file id="fl-f0">
         <path>C:\ti\ccs1011\ccs\tools\compiler\ti-cgt-arm_20.2.2.LTS\lib\</path>
         <kind>archive</kind>
         <file>rtsv7M4_T_le_v4SPD16_eabi.lib</file>
         <name>memcpy_t2.asm.obj</name>
      </input_file>
      <input_file id="fl-f1">
         <path>C:\ti\ccs1011\ccs\tools\compiler\ti-cgt-arm_20.2.2.LTS\lib\</path>
         <kind>archive</kind>
         <file>rtsv7M4_T_le_v4SPD16_eabi.lib</file>
         <name>autoinit.c.obj</name>
      </input_file>
      <input_file id="fl-f2">
         <path>C:\ti\ccs1011\ccs\tools\compiler\ti-cgt-arm_20.2.2.LTS\lib\</path>
         <kind>archive</kind>
         <file>rtsv7M4_T_le_v4SPD16_eabi.lib</file>
         <name>pre_init.c.obj</name>
      </input_file>
      <input_file id="fl-f3">
         <path>C:\ti\ccs1011\ccs\tools\compiler\ti-cgt-arm_20.2.2.LTS\lib\</path>
         <kind>archive</kind>
         <file>rtsv7M4_T_le_v4SPD16_eabi.lib</file>
         <name>cpy_tbl.c.obj</name>
      </input_file>
      <input_file id="fl-f4">
         <path>C:\ti\ccs1011\ccs\tools\compiler\ti-cgt-arm_20.2.2.LTS\lib\</path>
         <kind>archive</kind>
         <file>rtsv7M4_T_le_v4SPD16_eabi.lib</file>
         <name>exit.c.obj</name>
      </input_file>
      <input_file id="fl-f5">
         <path>C:\ti\ccs1011\ccs\tools\compiler\ti-cgt-arm_20.2.2.LTS\lib\</path>
         <kind>archive</kind>
         <file>rtsv7M4_T_le_v4SPD16_eabi.lib</file>
         <name>_lock.c.obj</name>
      </input_file>
      <input_file id="fl-f6">
         <path>C:\ti\ccs1011\ccs\tools\compiler\ti-cgt-arm_20.2.2.LTS\lib\</path>
         <kind>archive</kind>
         <file>rtsv7M4_T_le_v4SPD16_eabi.lib</file>
         <name>args_main.c.obj</name>
      </input_file>
   </input_file_list>
   <object_component_list>
      <object_component id="oc-26">
         <name>.intvecs:retain</name>
         <load_address>0x0</load_address>
         <run_address>0x0</run_address>
         <size>0xe4</size>
         <input_file_ref idref="fl-a"/>
      </object_component>
      <object_component id="oc-30a">
         <name>.text:arm_radix4_butterfly_inverse_q15</name>
         <load_address>0x11fec</load_address>
         <run_address>0x11fec</run_address>
         <size>0x4a6</size>
         <input_file_ref idref="fl-1f"/>
      </object_component>
      <object_component id="oc-6d">
         <name>.text:Default_Handler</name>
         <load_address>0x12492</load_address>
         <run_address>0x12492</run_address>
         <size>0x2</size>
         <input_file_ref idref="fl-a"/>
      </object_component>
      <object_component id="oc-316">
         <name>.text:arm_radix4_butterfly_q15</name>
         <load_address>0x12494</load_address>
         <run_address>0x12494</run_address>
         <size>0x4a6</size>
         <input_file_ref idref="fl-1f"/>
      </object_component>
      <object_component id="oc-9f">
         <name>.text:main</name>
         <load_address>0x1293c</load_address>
         <run_address>0x1293c</run_address>
         <size>0x3f0</size>
         <input_file_ref idref="fl-3"/>
      </object_component>
      <object_component id="oc-138">
         <name>.text:arm_fir_q15</name>
         <load_address>0x12d2c</load_address>
         <run_address>0x12d2c</run_address>
         <size>0x34a</size>
         <input_file_ref idref="fl-19"/>
      </object_component>
      <object_component id="oc-310">
         <name>.text:arm_cfft_radix4by2_inverse_q15</name>
         <load_address>0x13078</load_address>
         <run_address>0x13078</run_address>
         <size>0x18c</size>
         <input_file_ref idref="fl-1e"/>
      </object_component>
      <object_component id="oc-31c">
         <name>.text:arm_cfft_radix4by2_q15</name>
         <load_address>0x13204</load_address>
         <run_address>0x13204</run_address>
         <size>0x18c</size>
         <input_file_ref idref="fl-1e"/>
      </object_component>
      <object_component id="oc-208">
         <name>.text:_getIndexForMemRegister</name>
         <load_address>0x13390</load_address>
         <run_address>0x13390</run_address>
         <size>0x160</size>
         <input_file_ref idref="fl-24"/>
      </object_component>
      <object_component id="oc-1ee">
         <name>.text:privateTimer_AProcessClockSourceDivider</name>
         <load_address>0x134f0</load_address>
         <run_address>0x134f0</run_address>
         <size>0x144</size>
         <input_file_ref idref="fl-29"/>
      </object_component>
      <object_component id="oc-13e">
         <name>.text:arm_rfft_init_q15</name>
         <load_address>0x13634</load_address>
         <run_address>0x13634</run_address>
         <size>0x134</size>
         <input_file_ref idref="fl-1b"/>
      </object_component>
      <object_component id="oc-249">
         <name>.text:arm_split_rfft_q15</name>
         <load_address>0x13768</load_address>
         <run_address>0x13768</run_address>
         <size>0x12e</size>
         <input_file_ref idref="fl-1c"/>
      </object_component>
      <object_component id="oc-150">
         <name>.text:arm_max_q15</name>
         <load_address>0x13896</load_address>
         <run_address>0x13896</run_address>
         <size>0x12c</size>
         <input_file_ref idref="fl-1a"/>
      </object_component>
      <object_component id="oc-c5">
         <name>.text:DMA_setChannelTransfer</name>
         <load_address>0x139c4</load_address>
         <run_address>0x139c4</run_address>
         <size>0xf0</size>
         <input_file_ref idref="fl-25"/>
      </object_component>
      <object_component id="oc-243">
         <name>.text:arm_cfft_q15</name>
         <load_address>0x13ab4</load_address>
         <run_address>0x13ab4</run_address>
         <size>0xe8</size>
         <input_file_ref idref="fl-1e"/>
      </object_component>
      <object_component id="oc-322">
         <name>.text</name>
         <load_address>0x13b9c</load_address>
         <run_address>0x13b9c</run_address>
         <size>0xc0</size>
         <input_file_ref idref="fl-21"/>
      </object_component>
      <object_component id="oc-11a">
         <name>.text:ADC14_configureConversionMemory</name>
         <load_address>0x13c5c</load_address>
         <run_address>0x13c5c</run_address>
         <size>0xb4</size>
         <input_file_ref idref="fl-24"/>
      </object_component>
      <object_component id="oc-ea">
         <name>.text:cosf</name>
         <load_address>0x13d10</load_address>
         <run_address>0x13d10</run_address>
         <size>0xb4</size>
         <input_file_ref idref="fl-e2"/>
      </object_component>
      <object_component id="oc-23d">
         <name>.text:arm_split_rifft_q15</name>
         <load_address>0x13dc4</load_address>
         <run_address>0x13dc4</run_address>
         <size>0xb2</size>
         <input_file_ref idref="fl-1c"/>
      </object_component>
      <object_component id="oc-144">
         <name>.text:arm_rfft_q15</name>
         <load_address>0x13e76</load_address>
         <run_address>0x13e76</run_address>
         <size>0xa4</size>
         <input_file_ref idref="fl-1c"/>
      </object_component>
      <object_component id="oc-37">
         <name>.text</name>
         <load_address>0x13f1a</load_address>
         <run_address>0x13f1a</run_address>
         <size>0x9c</size>
         <input_file_ref idref="fl-f0"/>
      </object_component>
      <object_component id="oc-10e">
         <name>.text:GPIO_setAsPeripheralModuleFunctionInputPin</name>
         <load_address>0x13fb8</load_address>
         <run_address>0x13fb8</run_address>
         <size>0x88</size>
         <input_file_ref idref="fl-26"/>
      </object_component>
      <object_component id="oc-b9">
         <name>.text:DMA_getChannelAttribute</name>
         <load_address>0x14040</load_address>
         <run_address>0x14040</run_address>
         <size>0x80</size>
         <input_file_ref idref="fl-25"/>
      </object_component>
      <object_component id="oc-93">
         <name>.text</name>
         <load_address>0x140c0</load_address>
         <run_address>0x140c0</run_address>
         <size>0x7a</size>
         <input_file_ref idref="fl-ea"/>
      </object_component>
      <object_component id="oc-b1">
         <name>.text:SystemInit</name>
         <load_address>0x1413c</load_address>
         <run_address>0x1413c</run_address>
         <size>0x78</size>
         <input_file_ref idref="fl-7"/>
      </object_component>
      <object_component id="oc-f6">
         <name>.text:Timer_A_generatePWM</name>
         <load_address>0x141b4</load_address>
         <run_address>0x141b4</run_address>
         <size>0x74</size>
         <input_file_ref idref="fl-29"/>
      </object_component>
      <object_component id="oc-73">
         <name>.text:DMA_INT1_IRQHandler</name>
         <load_address>0x14228</load_address>
         <run_address>0x14228</run_address>
         <size>0x6c</size>
         <input_file_ref idref="fl-3"/>
      </object_component>
      <object_component id="oc-17">
         <name>.text:decompress:lzss:__TI_decompress_lzss</name>
         <load_address>0x14294</load_address>
         <run_address>0x14294</run_address>
         <size>0x68</size>
         <input_file_ref idref="fl-ed"/>
      </object_component>
      <object_component id="oc-132">
         <name>.text:DMA_disableChannelAttribute</name>
         <load_address>0x142fc</load_address>
         <run_address>0x142fc</run_address>
         <size>0x64</size>
         <input_file_ref idref="fl-25"/>
      </object_component>
      <object_component id="oc-114">
         <name>.text:ADC14_configureSingleSampleMode</name>
         <load_address>0x14360</load_address>
         <run_address>0x14360</run_address>
         <size>0x58</size>
         <input_file_ref idref="fl-24"/>
      </object_component>
      <object_component id="oc-f0">
         <name>.text:arm_fir_init_q15</name>
         <load_address>0x143b8</load_address>
         <run_address>0x143b8</run_address>
         <size>0x56</size>
         <input_file_ref idref="fl-18"/>
      </object_component>
      <object_component id="oc-102">
         <name>.text:ADC14_initModule</name>
         <load_address>0x14410</load_address>
         <run_address>0x14410</run_address>
         <size>0x54</size>
         <input_file_ref idref="fl-24"/>
      </object_component>
      <object_component id="oc-108">
         <name>.text:ADC14_setSampleHoldTrigger</name>
         <load_address>0x14464</load_address>
         <run_address>0x14464</run_address>
         <size>0x48</size>
         <input_file_ref idref="fl-24"/>
      </object_component>
      <object_component id="oc-182">
         <name>.text:__TI_auto_init_nobinit_nopinit:__TI_auto_init_nobinit_nopinit</name>
         <load_address>0x144ac</load_address>
         <run_address>0x144ac</run_address>
         <size>0x44</size>
         <input_file_ref idref="fl-f1"/>
      </object_component>
      <object_component id="oc-bf">
         <name>.text:DMA_setChannelControl</name>
         <load_address>0x144f0</load_address>
         <run_address>0x144f0</run_address>
         <size>0x3c</size>
         <input_file_ref idref="fl-25"/>
      </object_component>
      <object_component id="oc-55">
         <name>.text:_c_int00_noargs:_c_int00_noargs</name>
         <load_address>0x1452c</load_address>
         <run_address>0x1452c</run_address>
         <size>0x34</size>
         <input_file_ref idref="fl-ee"/>
      </object_component>
      <object_component id="oc-120">
         <name>.text:ADC14_setResultFormat</name>
         <load_address>0x14560</load_address>
         <run_address>0x14560</run_address>
         <size>0x30</size>
         <input_file_ref idref="fl-24"/>
      </object_component>
      <object_component id="oc-14a">
         <name>.text:sqrtf</name>
         <load_address>0x14590</load_address>
         <run_address>0x14590</run_address>
         <size>0x28</size>
         <input_file_ref idref="fl-e1"/>
      </object_component>
      <object_component id="oc-12c">
         <name>.text:DMA_setControlBase</name>
         <load_address>0x145b8</load_address>
         <run_address>0x145b8</run_address>
         <size>0x14</size>
         <input_file_ref idref="fl-25"/>
      </object_component>
      <object_component id="oc-1f7">
         <name>.text:ADCIsConversionRunning</name>
         <load_address>0x145cc</load_address>
         <run_address>0x145cc</run_address>
         <size>0x10</size>
         <input_file_ref idref="fl-24"/>
      </object_component>
      <object_component id="oc-1d">
         <name>.text:decompress:none:__TI_decompress_none</name>
         <load_address>0x145dc</load_address>
         <run_address>0x145dc</run_address>
         <size>0xe</size>
         <input_file_ref idref="fl-ec"/>
      </object_component>
      <object_component id="oc-fc">
         <name>.text:ADC14_enableModule</name>
         <load_address>0x145ec</load_address>
         <run_address>0x145ec</run_address>
         <size>0xc</size>
         <input_file_ref idref="fl-24"/>
      </object_component>
      <object_component id="oc-126">
         <name>.text:DMA_enableModule</name>
         <load_address>0x145f8</load_address>
         <run_address>0x145f8</run_address>
         <size>0xc</size>
         <input_file_ref idref="fl-25"/>
      </object_component>
      <object_component id="oc-67">
         <name>.text:Reset_Handler</name>
         <load_address>0x14604</load_address>
         <run_address>0x14604</run_address>
         <size>0xc</size>
         <input_file_ref idref="fl-a"/>
      </object_component>
      <object_component id="oc-49">
         <name>.text:decompress:ZI:__TI_zero_init</name>
         <load_address>0x14610</load_address>
         <run_address>0x14610</run_address>
         <size>0xc</size>
         <input_file_ref idref="fl-eb"/>
      </object_component>
      <object_component id="oc-251">
         <name>.text:__aeabi_errno_addr</name>
         <load_address>0x1461c</load_address>
         <run_address>0x1461c</run_address>
         <size>0x8</size>
         <input_file_ref idref="fl-ef"/>
      </object_component>
      <object_component id="oc-99">
         <name>.text:_system_pre_init</name>
         <load_address>0x14624</load_address>
         <run_address>0x14624</run_address>
         <size>0x4</size>
         <input_file_ref idref="fl-f2"/>
      </object_component>
      <object_component id="oc-176">
         <name>.text:abort:abort</name>
         <load_address>0x14628</load_address>
         <run_address>0x14628</run_address>
         <size>0x4</size>
         <input_file_ref idref="fl-f4"/>
      </object_component>
      <object_component id="oc-21a">
         <name>.const:realCoefAQ15</name>
         <load_address>0xe4</load_address>
         <run_address>0xe4</run_address>
         <size>0x4000</size>
         <input_file_ref idref="fl-1b"/>
      </object_component>
      <object_component id="oc-21d">
         <name>.const:realCoefBQ15</name>
         <load_address>0x40e4</load_address>
         <run_address>0x40e4</run_address>
         <size>0x4000</size>
         <input_file_ref idref="fl-1b"/>
      </object_component>
      <object_component id="oc-2be">
         <name>.const:twiddleCoef_4096_q15</name>
         <load_address>0x80e4</load_address>
         <run_address>0x80e4</run_address>
         <size>0x3000</size>
         <input_file_ref idref="fl-22"/>
      </object_component>
      <object_component id="oc-2c1">
         <name>.const:armBitRevIndexTable_fixed_4096</name>
         <load_address>0xb0e4</load_address>
         <run_address>0xb0e4</run_address>
         <size>0x1f80</size>
         <input_file_ref idref="fl-22"/>
      </object_component>
      <object_component id="oc-2c7">
         <name>.const:twiddleCoef_2048_q15</name>
         <load_address>0xd064</load_address>
         <run_address>0xd064</run_address>
         <size>0x1800</size>
         <input_file_ref idref="fl-22"/>
      </object_component>
      <object_component id="oc-2ca">
         <name>.const:armBitRevIndexTable_fixed_2048</name>
         <load_address>0xe864</load_address>
         <run_address>0xe864</run_address>
         <size>0xf80</size>
         <input_file_ref idref="fl-22"/>
      </object_component>
      <object_component id="oc-2cf">
         <name>.const:twiddleCoef_1024_q15</name>
         <load_address>0xf7e4</load_address>
         <run_address>0xf7e4</run_address>
         <size>0xc00</size>
         <input_file_ref idref="fl-22"/>
      </object_component>
      <object_component id="oc-2d2">
         <name>.const:armBitRevIndexTable_fixed_1024</name>
         <load_address>0x103e4</load_address>
         <run_address>0x103e4</run_address>
         <size>0x7c0</size>
         <input_file_ref idref="fl-22"/>
      </object_component>
      <object_component id="oc-2d7">
         <name>.const:twiddleCoef_512_q15</name>
         <load_address>0x10ba4</load_address>
         <run_address>0x10ba4</run_address>
         <size>0x600</size>
         <input_file_ref idref="fl-22"/>
      </object_component>
      <object_component id="oc-2da">
         <name>.const:armBitRevIndexTable_fixed_512</name>
         <load_address>0x111a4</load_address>
         <run_address>0x111a4</run_address>
         <size>0x3c0</size>
         <input_file_ref idref="fl-22"/>
      </object_component>
      <object_component id="oc-2df">
         <name>.const:twiddleCoef_256_q15</name>
         <load_address>0x11564</load_address>
         <run_address>0x11564</run_address>
         <size>0x300</size>
         <input_file_ref idref="fl-22"/>
      </object_component>
      <object_component id="oc-2e2">
         <name>.const:armBitRevIndexTable_fixed_256</name>
         <load_address>0x11864</load_address>
         <run_address>0x11864</run_address>
         <size>0x1e0</size>
         <input_file_ref idref="fl-22"/>
      </object_component>
      <object_component id="oc-2e7">
         <name>.const:twiddleCoef_128_q15</name>
         <load_address>0x11a44</load_address>
         <run_address>0x11a44</run_address>
         <size>0x180</size>
         <input_file_ref idref="fl-22"/>
      </object_component>
      <object_component id="oc-2ea">
         <name>.const:armBitRevIndexTable_fixed_128</name>
         <load_address>0x11bc4</load_address>
         <run_address>0x11bc4</run_address>
         <size>0xe0</size>
         <input_file_ref idref="fl-22"/>
      </object_component>
      <object_component id="oc-2ef">
         <name>.const:twiddleCoef_64_q15</name>
         <load_address>0x11ca4</load_address>
         <run_address>0x11ca4</run_address>
         <size>0xc0</size>
         <input_file_ref idref="fl-22"/>
      </object_component>
      <object_component id="oc-20f">
         <name>.const:_ctlRegs</name>
         <load_address>0x11d64</load_address>
         <run_address>0x11d64</run_address>
         <size>0x80</size>
         <input_file_ref idref="fl-24"/>
      </object_component>
      <object_component id="oc-2f2">
         <name>.const:armBitRevIndexTable_fixed_64</name>
         <load_address>0x11de4</load_address>
         <run_address>0x11de4</run_address>
         <size>0x70</size>
         <input_file_ref idref="fl-22"/>
      </object_component>
      <object_component id="oc-2f7">
         <name>.const:twiddleCoef_32_q15</name>
         <load_address>0x11e54</load_address>
         <run_address>0x11e54</run_address>
         <size>0x60</size>
         <input_file_ref idref="fl-22"/>
      </object_component>
      <object_component id="oc-1ff">
         <name>.const:GPIO_PORT_TO_BASE</name>
         <load_address>0x11eb4</load_address>
         <run_address>0x11eb4</run_address>
         <size>0x30</size>
         <input_file_ref idref="fl-26"/>
      </object_component>
      <object_component id="oc-2fa">
         <name>.const:armBitRevIndexTable_fixed_32</name>
         <load_address>0x11ee4</load_address>
         <run_address>0x11ee4</run_address>
         <size>0x30</size>
         <input_file_ref idref="fl-22"/>
      </object_component>
      <object_component id="oc-2ff">
         <name>.const:twiddleCoef_16_q15</name>
         <load_address>0x11f14</load_address>
         <run_address>0x11f14</run_address>
         <size>0x30</size>
         <input_file_ref idref="fl-22"/>
      </object_component>
      <object_component id="oc-302">
         <name>.const:armBitRevIndexTable_fixed_16</name>
         <load_address>0x11f44</load_address>
         <run_address>0x11f44</run_address>
         <size>0x18</size>
         <input_file_ref idref="fl-22"/>
      </object_component>
      <object_component id="oc-226">
         <name>.const:arm_cfft_sR_q15_len1024</name>
         <load_address>0x11f5c</load_address>
         <run_address>0x11f5c</run_address>
         <size>0x10</size>
         <input_file_ref idref="fl-1d"/>
      </object_component>
      <object_component id="oc-22f">
         <name>.const:arm_cfft_sR_q15_len128</name>
         <load_address>0x11f6c</load_address>
         <run_address>0x11f6c</run_address>
         <size>0x10</size>
         <input_file_ref idref="fl-1d"/>
      </object_component>
      <object_component id="oc-238">
         <name>.const:arm_cfft_sR_q15_len16</name>
         <load_address>0x11f7c</load_address>
         <run_address>0x11f7c</run_address>
         <size>0x10</size>
         <input_file_ref idref="fl-1d"/>
      </object_component>
      <object_component id="oc-223">
         <name>.const:arm_cfft_sR_q15_len2048</name>
         <load_address>0x11f8c</load_address>
         <run_address>0x11f8c</run_address>
         <size>0x10</size>
         <input_file_ref idref="fl-1d"/>
      </object_component>
      <object_component id="oc-22c">
         <name>.const:arm_cfft_sR_q15_len256</name>
         <load_address>0x11f9c</load_address>
         <run_address>0x11f9c</run_address>
         <size>0x10</size>
         <input_file_ref idref="fl-1d"/>
      </object_component>
      <object_component id="oc-235">
         <name>.const:arm_cfft_sR_q15_len32</name>
         <load_address>0x11fac</load_address>
         <run_address>0x11fac</run_address>
         <size>0x10</size>
         <input_file_ref idref="fl-1d"/>
      </object_component>
      <object_component id="oc-220">
         <name>.const:arm_cfft_sR_q15_len4096</name>
         <load_address>0x11fbc</load_address>
         <run_address>0x11fbc</run_address>
         <size>0x10</size>
         <input_file_ref idref="fl-1d"/>
      </object_component>
      <object_component id="oc-229">
         <name>.const:arm_cfft_sR_q15_len512</name>
         <load_address>0x11fcc</load_address>
         <run_address>0x11fcc</run_address>
         <size>0x10</size>
         <input_file_ref idref="fl-1d"/>
      </object_component>
      <object_component id="oc-232">
         <name>.const:arm_cfft_sR_q15_len64</name>
         <load_address>0x11fdc</load_address>
         <run_address>0x11fdc</run_address>
         <size>0x10</size>
         <input_file_ref idref="fl-1d"/>
      </object_component>
      <object_component id="oc-3cf">
         <name>.cinit..data.load</name>
         <load_address>0x14630</load_address>
         <run_address>0x14630</run_address>
         <size>0x53</size>
      </object_component>
      <object_component id="oc-3cd">
         <name>__TI_handler_table</name>
         <load_address>0x14684</load_address>
         <run_address>0x14684</run_address>
         <size>0xc</size>
      </object_component>
      <object_component id="oc-3d0">
         <name>.cinit..bss.load</name>
         <load_address>0x14690</load_address>
         <run_address>0x14690</run_address>
         <size>0x8</size>
      </object_component>
      <object_component id="oc-3ce">
         <name>__TI_cinit_table</name>
         <load_address>0x14698</load_address>
         <run_address>0x14698</run_address>
         <size>0x10</size>
      </object_component>
      <object_component id="oc-3a1">
         <name>.binit</name>
         <load_address>0x0</load_address>
         <run_address>0x0</run_address>
         <size>0x0</size>
      </object_component>
      <object_component id="oc-ce">
         <name>.data</name>
         <load_address>0x20002644</load_address>
         <run_address>0x20002644</run_address>
         <size>0x10</size>
         <input_file_ref idref="fl-3"/>
      </object_component>
      <object_component id="oc-157">
         <name>.data:firCoeffs32LP</name>
         <load_address>0x20002600</load_address>
         <run_address>0x20002600</run_address>
         <size>0x2a</size>
         <input_file_ref idref="fl-3"/>
      </object_component>
      <object_component id="oc-15d">
         <name>.data:pwmConfig</name>
         <load_address>0x2000262c</load_address>
         <run_address>0x2000262c</run_address>
         <size>0x18</size>
         <input_file_ref idref="fl-3"/>
      </object_component>
      <object_component id="oc-32c">
         <name>.data</name>
         <load_address>0x20002654</load_address>
         <run_address>0x20002654</run_address>
         <size>0x4</size>
         <input_file_ref idref="fl-ef"/>
      </object_component>
      <object_component id="oc-160">
         <name>.bss:MSP_EXP432P401RLP_DMAControlTable</name>
         <uninitialized>true</uninitialized>
         <run_address>0x20002400</run_address>
         <size>0x200</size>
         <input_file_ref idref="fl-3"/>
      </object_component>
      <object_component id="oc-15a">
         <name>.bss:firStateF32</name>
         <uninitialized>true</uninitialized>
         <run_address>0x20001000</run_address>
         <size>0x428</size>
         <input_file_ref idref="fl-3"/>
      </object_component>
      <object_component id="oc-163">
         <name>.common:status</name>
         <uninitialized>true</uninitialized>
         <run_address>0x20002028</run_address>
         <size>0x1</size>
      </object_component>
      <object_component id="oc-156">
         <name>.common:hann</name>
         <uninitialized>true</uninitialized>
         <run_address>0x20000800</run_address>
         <size>0x800</size>
      </object_component>
      <object_component id="oc-cb">
         <name>.common:data_array1</name>
         <uninitialized>true</uninitialized>
         <run_address>0x20001428</run_address>
         <size>0x400</size>
      </object_component>
      <object_component id="oc-d1">
         <name>.common:data_array2</name>
         <uninitialized>true</uninitialized>
         <run_address>0x20001828</run_address>
         <size>0x400</size>
      </object_component>
      <object_component id="oc-164">
         <name>.common:data_input</name>
         <uninitialized>true</uninitialized>
         <run_address>0x20000000</run_address>
         <size>0x800</size>
      </object_component>
      <object_component id="oc-165">
         <name>.common:data_output</name>
         <uninitialized>true</uninitialized>
         <run_address>0x20001c28</run_address>
         <size>0x400</size>
      </object_component>
      <object_component id="oc-29">
         <name>.stack</name>
         <uninitialized>true</uninitialized>
         <run_address>0x2000fe00</run_address>
         <size>0x4</size>
         <input_file_ref idref="fl-ee"/>
      </object_component>
      <object_component id="oc-3d2">
         <name>.stack</name>
         <uninitialized>true</uninitialized>
         <run_address>0x2000fe00</run_address>
         <size>0x0</size>
      </object_component>
      <object_component id="oc-1e5">
         <name>.debug_info</name>
         <load_address>0x0</load_address>
         <run_address>0x0</run_address>
         <size>0x36a</size>
         <input_file_ref idref="fl-2"/>
      </object_component>
      <object_component id="oc-16c">
         <name>.debug_info</name>
         <load_address>0x36a</load_address>
         <run_address>0x36a</run_address>
         <size>0x1ea6</size>
         <input_file_ref idref="fl-2"/>
      </object_component>
      <object_component id="oc-d5">
         <name>.debug_info</name>
         <load_address>0x2210</load_address>
         <run_address>0x2210</run_address>
         <size>0x26b</size>
         <input_file_ref idref="fl-2"/>
      </object_component>
      <object_component id="oc-32">
         <name>.debug_info</name>
         <load_address>0x247b</load_address>
         <run_address>0x247b</run_address>
         <size>0x84</size>
         <input_file_ref idref="fl-2"/>
      </object_component>
      <object_component id="oc-1e0">
         <name>.debug_info</name>
         <load_address>0x24ff</load_address>
         <run_address>0x24ff</run_address>
         <size>0x2a4</size>
         <input_file_ref idref="fl-2"/>
      </object_component>
      <object_component id="oc-1d9">
         <name>.debug_info</name>
         <load_address>0x27a3</load_address>
         <run_address>0x27a3</run_address>
         <size>0xef</size>
         <input_file_ref idref="fl-2"/>
      </object_component>
      <object_component id="oc-171">
         <name>.debug_info</name>
         <load_address>0x2892</load_address>
         <run_address>0x2892</run_address>
         <size>0xbb</size>
         <input_file_ref idref="fl-2"/>
      </object_component>
      <object_component id="oc-e1">
         <name>.debug_info</name>
         <load_address>0x294d</load_address>
         <run_address>0x294d</run_address>
         <size>0x2c</size>
         <input_file_ref idref="fl-2"/>
      </object_component>
      <object_component id="oc-cc">
         <name>.debug_info</name>
         <load_address>0x2979</load_address>
         <run_address>0x2979</run_address>
         <size>0xe78</size>
         <input_file_ref idref="fl-3"/>
      </object_component>
      <object_component id="oc-cf">
         <name>.debug_info</name>
         <load_address>0x37f1</load_address>
         <run_address>0x37f1</run_address>
         <size>0x176</size>
         <input_file_ref idref="fl-3"/>
      </object_component>
      <object_component id="oc-161">
         <name>.debug_info</name>
         <load_address>0x3967</load_address>
         <run_address>0x3967</run_address>
         <size>0x138</size>
         <input_file_ref idref="fl-3"/>
      </object_component>
      <object_component id="oc-15b">
         <name>.debug_info</name>
         <load_address>0x3a9f</load_address>
         <run_address>0x3a9f</run_address>
         <size>0x10c</size>
         <input_file_ref idref="fl-3"/>
      </object_component>
      <object_component id="oc-158">
         <name>.debug_info</name>
         <load_address>0x3bab</load_address>
         <run_address>0x3bab</run_address>
         <size>0x111</size>
         <input_file_ref idref="fl-3"/>
      </object_component>
      <object_component id="oc-15e">
         <name>.debug_info</name>
         <load_address>0x3cbc</load_address>
         <run_address>0x3cbc</run_address>
         <size>0x109</size>
         <input_file_ref idref="fl-3"/>
      </object_component>
      <object_component id="oc-a0">
         <name>.debug_info</name>
         <load_address>0x3dc5</load_address>
         <run_address>0x3dc5</run_address>
         <size>0x4d0</size>
         <input_file_ref idref="fl-3"/>
      </object_component>
      <object_component id="oc-75">
         <name>.debug_info</name>
         <load_address>0x4295</load_address>
         <run_address>0x4295</run_address>
         <size>0x1da</size>
         <input_file_ref idref="fl-3"/>
      </object_component>
      <object_component id="oc-1c0">
         <name>.debug_info</name>
         <load_address>0x446f</load_address>
         <run_address>0x446f</run_address>
         <size>0x37e2</size>
         <input_file_ref idref="fl-3"/>
      </object_component>
      <object_component id="oc-1c5">
         <name>.debug_info</name>
         <load_address>0x7c51</load_address>
         <run_address>0x7c51</run_address>
         <size>0x1028</size>
         <input_file_ref idref="fl-3"/>
      </object_component>
      <object_component id="oc-1ca">
         <name>.debug_info</name>
         <load_address>0x8c79</load_address>
         <run_address>0x8c79</run_address>
         <size>0x439</size>
         <input_file_ref idref="fl-3"/>
      </object_component>
      <object_component id="oc-1cf">
         <name>.debug_info</name>
         <load_address>0x90b2</load_address>
         <run_address>0x90b2</run_address>
         <size>0x8a</size>
         <input_file_ref idref="fl-3"/>
      </object_component>
      <object_component id="oc-1d4">
         <name>.debug_info</name>
         <load_address>0x913c</load_address>
         <run_address>0x913c</run_address>
         <size>0x341</size>
         <input_file_ref idref="fl-3"/>
      </object_component>
      <object_component id="oc-167">
         <name>.debug_info</name>
         <load_address>0x947d</load_address>
         <run_address>0x947d</run_address>
         <size>0x8b</size>
         <input_file_ref idref="fl-3"/>
      </object_component>
      <object_component id="oc-b2">
         <name>.debug_info</name>
         <load_address>0x9508</load_address>
         <run_address>0x9508</run_address>
         <size>0x162</size>
         <input_file_ref idref="fl-7"/>
      </object_component>
      <object_component id="oc-7b">
         <name>.debug_info</name>
         <load_address>0x966a</load_address>
         <run_address>0x966a</run_address>
         <size>0x302</size>
         <input_file_ref idref="fl-a"/>
      </object_component>
      <object_component id="oc-27">
         <name>.debug_info</name>
         <load_address>0x996c</load_address>
         <run_address>0x996c</run_address>
         <size>0x12e</size>
         <input_file_ref idref="fl-a"/>
      </object_component>
      <object_component id="oc-69">
         <name>.debug_info</name>
         <load_address>0x9a9a</load_address>
         <run_address>0x9a9a</run_address>
         <size>0x191</size>
         <input_file_ref idref="fl-a"/>
      </object_component>
      <object_component id="oc-6e">
         <name>.debug_info</name>
         <load_address>0x9c2b</load_address>
         <run_address>0x9c2b</run_address>
         <size>0x179</size>
         <input_file_ref idref="fl-a"/>
      </object_component>
      <object_component id="oc-1ed">
         <name>.debug_info</name>
         <load_address>0x9da4</load_address>
         <run_address>0x9da4</run_address>
         <size>0x3a6</size>
         <input_file_ref idref="fl-18"/>
      </object_component>
      <object_component id="oc-f1">
         <name>.debug_info</name>
         <load_address>0xa14a</load_address>
         <run_address>0xa14a</run_address>
         <size>0x2ce</size>
         <input_file_ref idref="fl-18"/>
      </object_component>
      <object_component id="oc-1e8">
         <name>.debug_info</name>
         <load_address>0xa418</load_address>
         <run_address>0xa418</run_address>
         <size>0x1ea6</size>
         <input_file_ref idref="fl-18"/>
      </object_component>
      <object_component id="oc-299">
         <name>.debug_info</name>
         <load_address>0xc2be</load_address>
         <run_address>0xc2be</run_address>
         <size>0x26b</size>
         <input_file_ref idref="fl-18"/>
      </object_component>
      <object_component id="oc-283">
         <name>.debug_info</name>
         <load_address>0xc529</load_address>
         <run_address>0xc529</run_address>
         <size>0x297</size>
         <input_file_ref idref="fl-18"/>
      </object_component>
      <object_component id="oc-203">
         <name>.debug_info</name>
         <load_address>0xc7c0</load_address>
         <run_address>0xc7c0</run_address>
         <size>0xef</size>
         <input_file_ref idref="fl-18"/>
      </object_component>
      <object_component id="oc-1b6">
         <name>.debug_info</name>
         <load_address>0xc8af</load_address>
         <run_address>0xc8af</run_address>
         <size>0xbb</size>
         <input_file_ref idref="fl-18"/>
      </object_component>
      <object_component id="oc-2a2">
         <name>.debug_info</name>
         <load_address>0xc96a</load_address>
         <run_address>0xc96a</run_address>
         <size>0x2c</size>
         <input_file_ref idref="fl-18"/>
      </object_component>
      <object_component id="oc-219">
         <name>.debug_info</name>
         <load_address>0xc996</load_address>
         <run_address>0xc996</run_address>
         <size>0x37b</size>
         <input_file_ref idref="fl-19"/>
      </object_component>
      <object_component id="oc-139">
         <name>.debug_info</name>
         <load_address>0xcd11</load_address>
         <run_address>0xcd11</run_address>
         <size>0x3af</size>
         <input_file_ref idref="fl-19"/>
      </object_component>
      <object_component id="oc-25a">
         <name>.debug_info</name>
         <load_address>0xd0c0</load_address>
         <run_address>0xd0c0</run_address>
         <size>0x377</size>
         <input_file_ref idref="fl-1a"/>
      </object_component>
      <object_component id="oc-151">
         <name>.debug_info</name>
         <load_address>0xd437</load_address>
         <run_address>0xd437</run_address>
         <size>0x30e</size>
         <input_file_ref idref="fl-1a"/>
      </object_component>
      <object_component id="oc-23c">
         <name>.debug_info</name>
         <load_address>0xd745</load_address>
         <run_address>0xd745</run_address>
         <size>0x57e</size>
         <input_file_ref idref="fl-1b"/>
      </object_component>
      <object_component id="oc-21b">
         <name>.debug_info</name>
         <load_address>0xdcc3</load_address>
         <run_address>0xdcc3</run_address>
         <size>0x133</size>
         <input_file_ref idref="fl-1b"/>
      </object_component>
      <object_component id="oc-21e">
         <name>.debug_info</name>
         <load_address>0xddf6</load_address>
         <run_address>0xddf6</run_address>
         <size>0x134</size>
         <input_file_ref idref="fl-1b"/>
      </object_component>
      <object_component id="oc-13f">
         <name>.debug_info</name>
         <load_address>0xdf2a</load_address>
         <run_address>0xdf2a</run_address>
         <size>0x2e2</size>
         <input_file_ref idref="fl-1b"/>
      </object_component>
      <object_component id="oc-250">
         <name>.debug_info</name>
         <load_address>0xe20c</load_address>
         <run_address>0xe20c</run_address>
         <size>0x3b6</size>
         <input_file_ref idref="fl-1c"/>
      </object_component>
      <object_component id="oc-146">
         <name>.debug_info</name>
         <load_address>0xe5c2</load_address>
         <run_address>0xe5c2</run_address>
         <size>0x2be</size>
         <input_file_ref idref="fl-1c"/>
      </object_component>
      <object_component id="oc-24c">
         <name>.debug_info</name>
         <load_address>0xe880</load_address>
         <run_address>0xe880</run_address>
         <size>0x361</size>
         <input_file_ref idref="fl-1c"/>
      </object_component>
      <object_component id="oc-240">
         <name>.debug_info</name>
         <load_address>0xebe1</load_address>
         <run_address>0xebe1</run_address>
         <size>0x359</size>
         <input_file_ref idref="fl-1c"/>
      </object_component>
      <object_component id="oc-2c6">
         <name>.debug_info</name>
         <load_address>0xef3a</load_address>
         <run_address>0xef3a</run_address>
         <size>0x11d3</size>
         <input_file_ref idref="fl-1d"/>
      </object_component>
      <object_component id="oc-239">
         <name>.debug_info</name>
         <load_address>0x1010d</load_address>
         <run_address>0x1010d</run_address>
         <size>0x13e</size>
         <input_file_ref idref="fl-1d"/>
      </object_component>
      <object_component id="oc-236">
         <name>.debug_info</name>
         <load_address>0x1024b</load_address>
         <run_address>0x1024b</run_address>
         <size>0x13e</size>
         <input_file_ref idref="fl-1d"/>
      </object_component>
      <object_component id="oc-233">
         <name>.debug_info</name>
         <load_address>0x10389</load_address>
         <run_address>0x10389</run_address>
         <size>0x13e</size>
         <input_file_ref idref="fl-1d"/>
      </object_component>
      <object_component id="oc-230">
         <name>.debug_info</name>
         <load_address>0x104c7</load_address>
         <run_address>0x104c7</run_address>
         <size>0x140</size>
         <input_file_ref idref="fl-1d"/>
      </object_component>
      <object_component id="oc-22d">
         <name>.debug_info</name>
         <load_address>0x10607</load_address>
         <run_address>0x10607</run_address>
         <size>0x140</size>
         <input_file_ref idref="fl-1d"/>
      </object_component>
      <object_component id="oc-22a">
         <name>.debug_info</name>
         <load_address>0x10747</load_address>
         <run_address>0x10747</run_address>
         <size>0x140</size>
         <input_file_ref idref="fl-1d"/>
      </object_component>
      <object_component id="oc-227">
         <name>.debug_info</name>
         <load_address>0x10887</load_address>
         <run_address>0x10887</run_address>
         <size>0x142</size>
         <input_file_ref idref="fl-1d"/>
      </object_component>
      <object_component id="oc-224">
         <name>.debug_info</name>
         <load_address>0x109c9</load_address>
         <run_address>0x109c9</run_address>
         <size>0x142</size>
         <input_file_ref idref="fl-1d"/>
      </object_component>
      <object_component id="oc-221">
         <name>.debug_info</name>
         <load_address>0x10b0b</load_address>
         <run_address>0x10b0b</run_address>
         <size>0x142</size>
         <input_file_ref idref="fl-1d"/>
      </object_component>
      <object_component id="oc-328">
         <name>.debug_info</name>
         <load_address>0x10c4d</load_address>
         <run_address>0x10c4d</run_address>
         <size>0x463</size>
         <input_file_ref idref="fl-1e"/>
      </object_component>
      <object_component id="oc-244">
         <name>.debug_info</name>
         <load_address>0x110b0</load_address>
         <run_address>0x110b0</run_address>
         <size>0x335</size>
         <input_file_ref idref="fl-1e"/>
      </object_component>
      <object_component id="oc-31e">
         <name>.debug_info</name>
         <load_address>0x113e5</load_address>
         <run_address>0x113e5</run_address>
         <size>0x37b</size>
         <input_file_ref idref="fl-1e"/>
      </object_component>
      <object_component id="oc-312">
         <name>.debug_info</name>
         <load_address>0x11760</load_address>
         <run_address>0x11760</run_address>
         <size>0x39c</size>
         <input_file_ref idref="fl-1e"/>
      </object_component>
      <object_component id="oc-380">
         <name>.debug_info</name>
         <load_address>0x11afc</load_address>
         <run_address>0x11afc</run_address>
         <size>0x3ca</size>
         <input_file_ref idref="fl-1f"/>
      </object_component>
      <object_component id="oc-319">
         <name>.debug_info</name>
         <load_address>0x11ec6</load_address>
         <run_address>0x11ec6</run_address>
         <size>0x45a</size>
         <input_file_ref idref="fl-1f"/>
      </object_component>
      <object_component id="oc-30d">
         <name>.debug_info</name>
         <load_address>0x12320</load_address>
         <run_address>0x12320</run_address>
         <size>0x46c</size>
         <input_file_ref idref="fl-1f"/>
      </object_component>
      <object_component id="oc-324">
         <name>.debug_info</name>
         <load_address>0x1278c</load_address>
         <run_address>0x1278c</run_address>
         <size>0x199</size>
         <input_file_ref idref="fl-21"/>
      </object_component>
      <object_component id="oc-35a">
         <name>.debug_info</name>
         <load_address>0x12925</load_address>
         <run_address>0x12925</run_address>
         <size>0x65d</size>
         <input_file_ref idref="fl-22"/>
      </object_component>
      <object_component id="oc-300">
         <name>.debug_info</name>
         <load_address>0x12f82</load_address>
         <run_address>0x12f82</run_address>
         <size>0x13a</size>
         <input_file_ref idref="fl-22"/>
      </object_component>
      <object_component id="oc-2f8">
         <name>.debug_info</name>
         <load_address>0x130bc</load_address>
         <run_address>0x130bc</run_address>
         <size>0x13a</size>
         <input_file_ref idref="fl-22"/>
      </object_component>
      <object_component id="oc-2f0">
         <name>.debug_info</name>
         <load_address>0x131f6</load_address>
         <run_address>0x131f6</run_address>
         <size>0x13a</size>
         <input_file_ref idref="fl-22"/>
      </object_component>
      <object_component id="oc-2e8">
         <name>.debug_info</name>
         <load_address>0x13330</load_address>
         <run_address>0x13330</run_address>
         <size>0x13c</size>
         <input_file_ref idref="fl-22"/>
      </object_component>
      <object_component id="oc-2e0">
         <name>.debug_info</name>
         <load_address>0x1346c</load_address>
         <run_address>0x1346c</run_address>
         <size>0x13c</size>
         <input_file_ref idref="fl-22"/>
      </object_component>
      <object_component id="oc-2d8">
         <name>.debug_info</name>
         <load_address>0x135a8</load_address>
         <run_address>0x135a8</run_address>
         <size>0x13c</size>
         <input_file_ref idref="fl-22"/>
      </object_component>
      <object_component id="oc-2d0">
         <name>.debug_info</name>
         <load_address>0x136e4</load_address>
         <run_address>0x136e4</run_address>
         <size>0x13e</size>
         <input_file_ref idref="fl-22"/>
      </object_component>
      <object_component id="oc-2c8">
         <name>.debug_info</name>
         <load_address>0x13822</load_address>
         <run_address>0x13822</run_address>
         <size>0x13e</size>
         <input_file_ref idref="fl-22"/>
      </object_component>
      <object_component id="oc-2bf">
         <name>.debug_info</name>
         <load_address>0x13960</load_address>
         <run_address>0x13960</run_address>
         <size>0x13e</size>
         <input_file_ref idref="fl-22"/>
      </object_component>
      <object_component id="oc-303">
         <name>.debug_info</name>
         <load_address>0x13a9e</load_address>
         <run_address>0x13a9e</run_address>
         <size>0x14e</size>
         <input_file_ref idref="fl-22"/>
      </object_component>
      <object_component id="oc-2fb">
         <name>.debug_info</name>
         <load_address>0x13bec</load_address>
         <run_address>0x13bec</run_address>
         <size>0x14e</size>
         <input_file_ref idref="fl-22"/>
      </object_component>
      <object_component id="oc-2f3">
         <name>.debug_info</name>
         <load_address>0x13d3a</load_address>
         <run_address>0x13d3a</run_address>
         <size>0x14e</size>
         <input_file_ref idref="fl-22"/>
      </object_component>
      <object_component id="oc-2eb">
         <name>.debug_info</name>
         <load_address>0x13e88</load_address>
         <run_address>0x13e88</run_address>
         <size>0x150</size>
         <input_file_ref idref="fl-22"/>
      </object_component>
      <object_component id="oc-2e3">
         <name>.debug_info</name>
         <load_address>0x13fd8</load_address>
         <run_address>0x13fd8</run_address>
         <size>0x150</size>
         <input_file_ref idref="fl-22"/>
      </object_component>
      <object_component id="oc-2db">
         <name>.debug_info</name>
         <load_address>0x14128</load_address>
         <run_address>0x14128</run_address>
         <size>0x150</size>
         <input_file_ref idref="fl-22"/>
      </object_component>
      <object_component id="oc-2d3">
         <name>.debug_info</name>
         <load_address>0x14278</load_address>
         <run_address>0x14278</run_address>
         <size>0x152</size>
         <input_file_ref idref="fl-22"/>
      </object_component>
      <object_component id="oc-2cb">
         <name>.debug_info</name>
         <load_address>0x143ca</load_address>
         <run_address>0x143ca</run_address>
         <size>0x152</size>
         <input_file_ref idref="fl-22"/>
      </object_component>
      <object_component id="oc-2c2">
         <name>.debug_info</name>
         <load_address>0x1451c</load_address>
         <run_address>0x1451c</run_address>
         <size>0x152</size>
         <input_file_ref idref="fl-22"/>
      </object_component>
      <object_component id="oc-213">
         <name>.debug_info</name>
         <load_address>0x1466e</load_address>
         <run_address>0x1466e</run_address>
         <size>0x706</size>
         <input_file_ref idref="fl-24"/>
      </object_component>
      <object_component id="oc-210">
         <name>.debug_info</name>
         <load_address>0x14d74</load_address>
         <run_address>0x14d74</run_address>
         <size>0x124</size>
         <input_file_ref idref="fl-24"/>
      </object_component>
      <object_component id="oc-20a">
         <name>.debug_info</name>
         <load_address>0x14e98</load_address>
         <run_address>0x14e98</run_address>
         <size>0x1d9</size>
         <input_file_ref idref="fl-24"/>
      </object_component>
      <object_component id="oc-1f9">
         <name>.debug_info</name>
         <load_address>0x15071</load_address>
         <run_address>0x15071</run_address>
         <size>0x1b8</size>
         <input_file_ref idref="fl-24"/>
      </object_component>
      <object_component id="oc-fd">
         <name>.debug_info</name>
         <load_address>0x15229</load_address>
         <run_address>0x15229</run_address>
         <size>0x1ad</size>
         <input_file_ref idref="fl-24"/>
      </object_component>
      <object_component id="oc-104">
         <name>.debug_info</name>
         <load_address>0x153d6</load_address>
         <run_address>0x153d6</run_address>
         <size>0x2fa</size>
         <input_file_ref idref="fl-24"/>
      </object_component>
      <object_component id="oc-109">
         <name>.debug_info</name>
         <load_address>0x156d0</load_address>
         <run_address>0x156d0</run_address>
         <size>0x24d</size>
         <input_file_ref idref="fl-24"/>
      </object_component>
      <object_component id="oc-115">
         <name>.debug_info</name>
         <load_address>0x1591d</load_address>
         <run_address>0x1591d</run_address>
         <size>0x29b</size>
         <input_file_ref idref="fl-24"/>
      </object_component>
      <object_component id="oc-11b">
         <name>.debug_info</name>
         <load_address>0x15bb8</load_address>
         <run_address>0x15bb8</run_address>
         <size>0x38b</size>
         <input_file_ref idref="fl-24"/>
      </object_component>
      <object_component id="oc-121">
         <name>.debug_info</name>
         <load_address>0x15f43</load_address>
         <run_address>0x15f43</run_address>
         <size>0x21a</size>
         <input_file_ref idref="fl-24"/>
      </object_component>
      <object_component id="oc-28a">
         <name>.debug_info</name>
         <load_address>0x1615d</load_address>
         <run_address>0x1615d</run_address>
         <size>0x431a</size>
         <input_file_ref idref="fl-24"/>
      </object_component>
      <object_component id="oc-28f">
         <name>.debug_info</name>
         <load_address>0x1a477</load_address>
         <run_address>0x1a477</run_address>
         <size>0x1028</size>
         <input_file_ref idref="fl-24"/>
      </object_component>
      <object_component id="oc-1bc">
         <name>.debug_info</name>
         <load_address>0x1b49f</load_address>
         <run_address>0x1b49f</run_address>
         <size>0x6f0</size>
         <input_file_ref idref="fl-25"/>
      </object_component>
      <object_component id="oc-129">
         <name>.debug_info</name>
         <load_address>0x1bb8f</load_address>
         <run_address>0x1bb8f</run_address>
         <size>0x1a3</size>
         <input_file_ref idref="fl-25"/>
      </object_component>
      <object_component id="oc-12f">
         <name>.debug_info</name>
         <load_address>0x1bd32</load_address>
         <run_address>0x1bd32</run_address>
         <size>0x1ea</size>
         <input_file_ref idref="fl-25"/>
      </object_component>
      <object_component id="oc-135">
         <name>.debug_info</name>
         <load_address>0x1bf1c</load_address>
         <run_address>0x1bf1c</run_address>
         <size>0x218</size>
         <input_file_ref idref="fl-25"/>
      </object_component>
      <object_component id="oc-bc">
         <name>.debug_info</name>
         <load_address>0x1c134</load_address>
         <run_address>0x1c134</run_address>
         <size>0x205</size>
         <input_file_ref idref="fl-25"/>
      </object_component>
      <object_component id="oc-c1">
         <name>.debug_info</name>
         <load_address>0x1c339</load_address>
         <run_address>0x1c339</run_address>
         <size>0x24c</size>
         <input_file_ref idref="fl-25"/>
      </object_component>
      <object_component id="oc-c7">
         <name>.debug_info</name>
         <load_address>0x1c585</load_address>
         <run_address>0x1c585</run_address>
         <size>0x326</size>
         <input_file_ref idref="fl-25"/>
      </object_component>
      <object_component id="oc-294">
         <name>.debug_info</name>
         <load_address>0x1c8ab</load_address>
         <run_address>0x1c8ab</run_address>
         <size>0x8a</size>
         <input_file_ref idref="fl-25"/>
      </object_component>
      <object_component id="oc-2b2">
         <name>.debug_info</name>
         <load_address>0x1c935</load_address>
         <run_address>0x1c935</run_address>
         <size>0x701</size>
         <input_file_ref idref="fl-26"/>
      </object_component>
      <object_component id="oc-200">
         <name>.debug_info</name>
         <load_address>0x1d036</load_address>
         <run_address>0x1d036</run_address>
         <size>0x135</size>
         <input_file_ref idref="fl-26"/>
      </object_component>
      <object_component id="oc-110">
         <name>.debug_info</name>
         <load_address>0x1d16b</load_address>
         <run_address>0x1d16b</run_address>
         <size>0x2a3</size>
         <input_file_ref idref="fl-26"/>
      </object_component>
      <object_component id="oc-1f5">
         <name>.debug_info</name>
         <load_address>0x1d40e</load_address>
         <run_address>0x1d40e</run_address>
         <size>0x725</size>
         <input_file_ref idref="fl-29"/>
      </object_component>
      <object_component id="oc-1ef">
         <name>.debug_info</name>
         <load_address>0x1db33</load_address>
         <run_address>0x1db33</run_address>
         <size>0x25e</size>
         <input_file_ref idref="fl-29"/>
      </object_component>
      <object_component id="oc-f7">
         <name>.debug_info</name>
         <load_address>0x1dd91</load_address>
         <run_address>0x1dd91</run_address>
         <size>0x248</size>
         <input_file_ref idref="fl-29"/>
      </object_component>
      <object_component id="oc-2aa">
         <name>.debug_info</name>
         <load_address>0x1dfd9</load_address>
         <run_address>0x1dfd9</run_address>
         <size>0x341</size>
         <input_file_ref idref="fl-29"/>
      </object_component>
      <object_component id="oc-258">
         <name>.debug_info</name>
         <load_address>0x1e31a</load_address>
         <run_address>0x1e31a</run_address>
         <size>0x2cb</size>
         <input_file_ref idref="fl-e1"/>
      </object_component>
      <object_component id="oc-14b">
         <name>.debug_info</name>
         <load_address>0x1e5e5</load_address>
         <run_address>0x1e5e5</run_address>
         <size>0x171</size>
         <input_file_ref idref="fl-e1"/>
      </object_component>
      <object_component id="oc-eb">
         <name>.debug_info</name>
         <load_address>0x1e756</load_address>
         <run_address>0x1e756</run_address>
         <size>0x171</size>
         <input_file_ref idref="fl-e2"/>
      </object_component>
      <object_component id="oc-94">
         <name>.debug_info</name>
         <load_address>0x1e8c7</load_address>
         <run_address>0x1e8c7</run_address>
         <size>0x147</size>
         <input_file_ref idref="fl-ea"/>
      </object_component>
      <object_component id="oc-92">
         <name>.debug_info</name>
         <load_address>0x1ea0e</load_address>
         <run_address>0x1ea0e</run_address>
         <size>0x2d4</size>
         <input_file_ref idref="fl-eb"/>
      </object_component>
      <object_component id="oc-4a">
         <name>.debug_info</name>
         <load_address>0x1ece2</load_address>
         <run_address>0x1ece2</run_address>
         <size>0x1b5</size>
         <input_file_ref idref="fl-eb"/>
      </object_component>
      <object_component id="oc-8d">
         <name>.debug_info</name>
         <load_address>0x1ee97</load_address>
         <run_address>0x1ee97</run_address>
         <size>0x46</size>
         <input_file_ref idref="fl-eb"/>
      </object_component>
      <object_component id="oc-42">
         <name>.debug_info</name>
         <load_address>0x1eedd</load_address>
         <run_address>0x1eedd</run_address>
         <size>0x2a8</size>
         <input_file_ref idref="fl-ec"/>
      </object_component>
      <object_component id="oc-1f">
         <name>.debug_info</name>
         <load_address>0x1f185</load_address>
         <run_address>0x1f185</run_address>
         <size>0x1ea</size>
         <input_file_ref idref="fl-ec"/>
      </object_component>
      <object_component id="oc-3d">
         <name>.debug_info</name>
         <load_address>0x1f36f</load_address>
         <run_address>0x1f36f</run_address>
         <size>0x46</size>
         <input_file_ref idref="fl-ec"/>
      </object_component>
      <object_component id="oc-85">
         <name>.debug_info</name>
         <load_address>0x1f3b5</load_address>
         <run_address>0x1f3b5</run_address>
         <size>0x2c</size>
         <input_file_ref idref="fl-ec"/>
      </object_component>
      <object_component id="oc-83">
         <name>.debug_info</name>
         <load_address>0x1f3e1</load_address>
         <run_address>0x1f3e1</run_address>
         <size>0x29e</size>
         <input_file_ref idref="fl-ed"/>
      </object_component>
      <object_component id="oc-19">
         <name>.debug_info</name>
         <load_address>0x1f67f</load_address>
         <run_address>0x1f67f</run_address>
         <size>0x250</size>
         <input_file_ref idref="fl-ed"/>
      </object_component>
      <object_component id="oc-2d">
         <name>.debug_info</name>
         <load_address>0x1f8cf</load_address>
         <run_address>0x1f8cf</run_address>
         <size>0x60</size>
         <input_file_ref idref="fl-ed"/>
      </object_component>
      <object_component id="oc-da">
         <name>.debug_info</name>
         <load_address>0x1f92f</load_address>
         <run_address>0x1f92f</run_address>
         <size>0x46</size>
         <input_file_ref idref="fl-ed"/>
      </object_component>
      <object_component id="oc-7e">
         <name>.debug_info</name>
         <load_address>0x1f975</load_address>
         <run_address>0x1f975</run_address>
         <size>0x39</size>
         <input_file_ref idref="fl-ed"/>
      </object_component>
      <object_component id="oc-2a">
         <name>.debug_info</name>
         <load_address>0x1f9ae</load_address>
         <run_address>0x1f9ae</run_address>
         <size>0x10b</size>
         <input_file_ref idref="fl-ee"/>
      </object_component>
      <object_component id="oc-56">
         <name>.debug_info</name>
         <load_address>0x1fab9</load_address>
         <run_address>0x1fab9</run_address>
         <size>0x1a9</size>
         <input_file_ref idref="fl-ee"/>
      </object_component>
      <object_component id="oc-330">
         <name>.debug_info</name>
         <load_address>0x1fc62</load_address>
         <run_address>0x1fc62</run_address>
         <size>0x289</size>
         <input_file_ref idref="fl-ef"/>
      </object_component>
      <object_component id="oc-32d">
         <name>.debug_info</name>
         <load_address>0x1feeb</load_address>
         <run_address>0x1feeb</run_address>
         <size>0x10e</size>
         <input_file_ref idref="fl-ef"/>
      </object_component>
      <object_component id="oc-255">
         <name>.debug_info</name>
         <load_address>0x1fff9</load_address>
         <run_address>0x1fff9</run_address>
         <size>0x14e</size>
         <input_file_ref idref="fl-ef"/>
      </object_component>
      <object_component id="oc-38">
         <name>.debug_info</name>
         <load_address>0x20147</load_address>
         <run_address>0x20147</run_address>
         <size>0x119</size>
         <input_file_ref idref="fl-f0"/>
      </object_component>
      <object_component id="oc-26e">
         <name>.debug_info</name>
         <load_address>0x20260</load_address>
         <run_address>0x20260</run_address>
         <size>0x4b3</size>
         <input_file_ref idref="fl-f1"/>
      </object_component>
      <object_component id="oc-183">
         <name>.debug_info</name>
         <load_address>0x20713</load_address>
         <run_address>0x20713</run_address>
         <size>0x1a6</size>
         <input_file_ref idref="fl-f1"/>
      </object_component>
      <object_component id="oc-345">
         <name>.debug_info</name>
         <load_address>0x208b9</load_address>
         <run_address>0x208b9</run_address>
         <size>0x39</size>
         <input_file_ref idref="fl-f1"/>
      </object_component>
      <object_component id="oc-38e">
         <name>.debug_info</name>
         <load_address>0x208f2</load_address>
         <run_address>0x208f2</run_address>
         <size>0x39</size>
         <input_file_ref idref="fl-f1"/>
      </object_component>
      <object_component id="oc-34a">
         <name>.debug_info</name>
         <load_address>0x2092b</load_address>
         <run_address>0x2092b</run_address>
         <size>0x39</size>
         <input_file_ref idref="fl-f1"/>
      </object_component>
      <object_component id="oc-34f">
         <name>.debug_info</name>
         <load_address>0x20964</load_address>
         <run_address>0x20964</run_address>
         <size>0xcd</size>
         <input_file_ref idref="fl-f1"/>
      </object_component>
      <object_component id="oc-9d">
         <name>.debug_info</name>
         <load_address>0x20a31</load_address>
         <run_address>0x20a31</run_address>
         <size>0x153</size>
         <input_file_ref idref="fl-f2"/>
      </object_component>
      <object_component id="oc-177">
         <name>.debug_info</name>
         <load_address>0x20b84</load_address>
         <run_address>0x20b84</run_address>
         <size>0x122</size>
         <input_file_ref idref="fl-f4"/>
      </object_component>
      <object_component id="oc-3d3">
         <name>.debug_info</name>
         <load_address>0x20ca6</load_address>
         <run_address>0x20ca6</run_address>
         <size>0xd6</size>
      </object_component>
      <object_component id="oc-29f">
         <name>.debug_line</name>
         <load_address>0x0</load_address>
         <run_address>0x0</run_address>
         <size>0x20</size>
         <input_file_ref idref="fl-2"/>
      </object_component>
      <object_component id="oc-16f">
         <name>.debug_line</name>
         <load_address>0x20</load_address>
         <run_address>0x20</run_address>
         <size>0x78</size>
         <input_file_ref idref="fl-2"/>
      </object_component>
      <object_component id="oc-d8">
         <name>.debug_line</name>
         <load_address>0x98</load_address>
         <run_address>0x98</run_address>
         <size>0x6f</size>
         <input_file_ref idref="fl-2"/>
      </object_component>
      <object_component id="oc-35">
         <name>.debug_line</name>
         <load_address>0x107</load_address>
         <run_address>0x107</run_address>
         <size>0x20</size>
         <input_file_ref idref="fl-2"/>
      </object_component>
      <object_component id="oc-1e3">
         <name>.debug_line</name>
         <load_address>0x127</load_address>
         <run_address>0x127</run_address>
         <size>0x73</size>
         <input_file_ref idref="fl-2"/>
      </object_component>
      <object_component id="oc-1dc">
         <name>.debug_line</name>
         <load_address>0x19a</load_address>
         <run_address>0x19a</run_address>
         <size>0x6f</size>
         <input_file_ref idref="fl-2"/>
      </object_component>
      <object_component id="oc-174">
         <name>.debug_line</name>
         <load_address>0x209</load_address>
         <run_address>0x209</run_address>
         <size>0x70</size>
         <input_file_ref idref="fl-2"/>
      </object_component>
      <object_component id="oc-e4">
         <name>.debug_line</name>
         <load_address>0x279</load_address>
         <run_address>0x279</run_address>
         <size>0x6b</size>
         <input_file_ref idref="fl-2"/>
      </object_component>
      <object_component id="oc-1bf">
         <name>.debug_line</name>
         <load_address>0x2e4</load_address>
         <run_address>0x2e4</run_address>
         <size>0x239</size>
         <input_file_ref idref="fl-3"/>
      </object_component>
      <object_component id="oc-1df">
         <name>.debug_line</name>
         <load_address>0x51d</load_address>
         <run_address>0x51d</run_address>
         <size>0x2d</size>
         <input_file_ref idref="fl-3"/>
      </object_component>
      <object_component id="oc-262">
         <name>.debug_line</name>
         <load_address>0x54a</load_address>
         <run_address>0x54a</run_address>
         <size>0x2d</size>
         <input_file_ref idref="fl-3"/>
      </object_component>
      <object_component id="oc-25e">
         <name>.debug_line</name>
         <load_address>0x577</load_address>
         <run_address>0x577</run_address>
         <size>0x2d</size>
         <input_file_ref idref="fl-3"/>
      </object_component>
      <object_component id="oc-25c">
         <name>.debug_line</name>
         <load_address>0x5a4</load_address>
         <run_address>0x5a4</run_address>
         <size>0x2d</size>
         <input_file_ref idref="fl-3"/>
      </object_component>
      <object_component id="oc-260">
         <name>.debug_line</name>
         <load_address>0x5d1</load_address>
         <run_address>0x5d1</run_address>
         <size>0x2d</size>
         <input_file_ref idref="fl-3"/>
      </object_component>
      <object_component id="oc-a3">
         <name>.debug_line</name>
         <load_address>0x5fe</load_address>
         <run_address>0x5fe</run_address>
         <size>0xfb</size>
         <input_file_ref idref="fl-3"/>
      </object_component>
      <object_component id="oc-74">
         <name>.debug_line</name>
         <load_address>0x6f9</load_address>
         <run_address>0x6f9</run_address>
         <size>0x4d</size>
         <input_file_ref idref="fl-3"/>
      </object_component>
      <object_component id="oc-1c3">
         <name>.debug_line</name>
         <load_address>0x746</load_address>
         <run_address>0x746</run_address>
         <size>0x7b</size>
         <input_file_ref idref="fl-3"/>
      </object_component>
      <object_component id="oc-1c8">
         <name>.debug_line</name>
         <load_address>0x7c1</load_address>
         <run_address>0x7c1</run_address>
         <size>0x78</size>
[...]
      </symbol>
      <symbol id="sm-11c">
         <name>Reset_Handler</name>
         <value>0x14605</value>
         <object_component_ref idref="oc-67"/>
      </symbol>
      <symbol id="sm-11d">
         <name>Default_Handler</name>
         <value>0x12493</value>
         <object_component_ref idref="oc-6d"/>
      </symbol>
      <symbol id="sm-11e">
         <name>interruptVectors</name>
         <value>0x0</value>
         <object_component_ref idref="oc-26"/>
      </symbol>
      <symbol id="sm-14c">
         <name>arm_fir_init_q15</name>
         <value>0x143b9</value>
         <object_component_ref idref="oc-f0"/>
      </symbol>
      <symbol id="sm-165">
         <name>arm_fir_q15</name>
         <value>0x12d2d</value>
         <object_component_ref idref="oc-138"/>
      </symbol>
      <symbol id="sm-17b">
         <name>arm_max_q15</name>
         <value>0x13897</value>
         <object_component_ref idref="oc-150"/>
      </symbol>
      <symbol id="sm-1ad">
         <name>realCoefBQ15</name>
         <value>0x40e4</value>
         <object_component_ref idref="oc-21d"/>
      </symbol>
      <symbol id="sm-1ae">
         <name>arm_rfft_init_q15</name>
         <value>0x13635</value>
         <object_component_ref idref="oc-13e"/>
      </symbol>
      <symbol id="sm-1af">
         <name>realCoefAQ15</name>
         <value>0xe4</value>
         <object_component_ref idref="oc-21a"/>
      </symbol>
      <symbol id="sm-1d4">
         <name>arm_split_rfft_q15</name>
         <value>0x13769</value>
         <object_component_ref idref="oc-249"/>
      </symbol>
      <symbol id="sm-1d5">
         <name>arm_rfft_q15</name>
         <value>0x13e77</value>
         <object_component_ref idref="oc-144"/>
      </symbol>
      <symbol id="sm-1d6">
         <name>arm_split_rifft_q15</name>
         <value>0x13dc5</value>
         <object_component_ref idref="oc-23d"/>
      </symbol>
      <symbol id="sm-211">
         <name>arm_cfft_sR_q15_len4096</name>
         <value>0x11fbc</value>
         <object_component_ref idref="oc-220"/>
      </symbol>
      <symbol id="sm-212">
         <name>arm_cfft_sR_q15_len512</name>
         <value>0x11fcc</value>
         <object_component_ref idref="oc-229"/>
      </symbol>
      <symbol id="sm-213">
         <name>arm_cfft_sR_q15_len128</name>
         <value>0x11f6c</value>
         <object_component_ref idref="oc-22f"/>
      </symbol>
      <symbol id="sm-214">
         <name>arm_cfft_sR_q15_len64</name>
         <value>0x11fdc</value>
         <object_component_ref idref="oc-232"/>
      </symbol>
      <symbol id="sm-215">
         <name>arm_cfft_sR_q15_len256</name>
         <value>0x11f9c</value>
         <object_component_ref idref="oc-22c"/>
      </symbol>
      <symbol id="sm-216">
         <name>arm_cfft_sR_q15_len16</name>
         <value>0x11f7c</value>
         <object_component_ref idref="oc-238"/>
      </symbol>
      <symbol id="sm-217">
         <name>arm_cfft_sR_q15_len32</name>
         <value>0x11fac</value>
         <object_component_ref idref="oc-235"/>
      </symbol>
      <symbol id="sm-218">
         <name>arm_cfft_sR_q15_len1024</name>
         <value>0x11f5c</value>
         <object_component_ref idref="oc-226"/>
      </symbol>
      <symbol id="sm-219">
         <name>arm_cfft_sR_q15_len2048</name>
         <value>0x11f8c</value>
         <object_component_ref idref="oc-223"/>
      </symbol>
      <symbol id="sm-24c">
         <name>arm_cfft_q15</name>
         <value>0x13ab5</value>
         <object_component_ref idref="oc-243"/>
      </symbol>
      <symbol id="sm-24d">
         <name>arm_cfft_radix4by2_q15</name>
         <value>0x13205</value>
         <object_component_ref idref="oc-31c"/>
      </symbol>
      <symbol id="sm-24e">
         <name>arm_cfft_radix4by2_inverse_q15</name>
         <value>0x13079</value>
         <object_component_ref idref="oc-310"/>
      </symbol>
      <symbol id="sm-27b">
         <name>arm_radix4_butterfly_inverse_q15</name>
         <value>0x11fed</value>
         <object_component_ref idref="oc-30a"/>
      </symbol>
      <symbol id="sm-27c">
         <name>arm_radix4_butterfly_q15</name>
         <value>0x12495</value>
         <object_component_ref idref="oc-316"/>
      </symbol>
      <symbol id="sm-288">
         <name>arm_bitreversal_32</name>
         <value>0x13b9d</value>
         <object_component_ref idref="oc-322"/>
      </symbol>
      <symbol id="sm-289">
         <name>arm_bitreversal_16</name>
         <value>0x13c07</value>
         <object_component_ref idref="oc-322"/>
      </symbol>
      <symbol id="sm-2fa">
         <name>armBitRevIndexTable_fixed_256</name>
         <value>0x11864</value>
         <object_component_ref idref="oc-2e2"/>
      </symbol>
      <symbol id="sm-2fb">
         <name>twiddleCoef_128_q15</name>
         <value>0x11a44</value>
         <object_component_ref idref="oc-2e7"/>
      </symbol>
      <symbol id="sm-2fc">
         <name>twiddleCoef_16_q15</name>
         <value>0x11f14</value>
         <object_component_ref idref="oc-2ff"/>
      </symbol>
      <symbol id="sm-2fd">
         <name>twiddleCoef_2048_q15</name>
         <value>0xd064</value>
         <object_component_ref idref="oc-2c7"/>
      </symbol>
      <symbol id="sm-2fe">
         <name>armBitRevIndexTable_fixed_16</name>
         <value>0x11f44</value>
         <object_component_ref idref="oc-302"/>
      </symbol>
      <symbol id="sm-2ff">
         <name>armBitRevIndexTable_fixed_32</name>
         <value>0x11ee4</value>
         <object_component_ref idref="oc-2fa"/>
      </symbol>
      <symbol id="sm-300">
         <name>armBitRevIndexTable_fixed_1024</name>
         <value>0x103e4</value>
         <object_component_ref idref="oc-2d2"/>
      </symbol>
      <symbol id="sm-301">
         <name>armBitRevIndexTable_fixed_4096</name>
         <value>0xb0e4</value>
         <object_component_ref idref="oc-2c1"/>
      </symbol>
      <symbol id="sm-302">
         <name>twiddleCoef_64_q15</name>
         <value>0x11ca4</value>
         <object_component_ref idref="oc-2ef"/>
      </symbol>
      <symbol id="sm-303">
         <name>armBitRevIndexTable_fixed_64</name>
         <value>0x11de4</value>
         <object_component_ref idref="oc-2f2"/>
      </symbol>
      <symbol id="sm-304">
         <name>armBitRevIndexTable_fixed_128</name>
         <value>0x11bc4</value>
         <object_component_ref idref="oc-2ea"/>
      </symbol>
      <symbol id="sm-305">
         <name>twiddleCoef_4096_q15</name>
         <value>0x80e4</value>
         <object_component_ref idref="oc-2be"/>
      </symbol>
      <symbol id="sm-306">
         <name>armBitRevIndexTable_fixed_512</name>
         <value>0x111a4</value>
         <object_component_ref idref="oc-2da"/>
      </symbol>
      <symbol id="sm-307">
         <name>twiddleCoef_32_q15</name>
         <value>0x11e54</value>
         <object_component_ref idref="oc-2f7"/>
      </symbol>
      <symbol id="sm-308">
         <name>twiddleCoef_256_q15</name>
         <value>0x11564</value>
         <object_component_ref idref="oc-2df"/>
      </symbol>
      <symbol id="sm-309">
         <name>twiddleCoef_1024_q15</name>
         <value>0xf7e4</value>
         <object_component_ref idref="oc-2cf"/>
      </symbol>
      <symbol id="sm-30a">
         <name>armBitRevIndexTable_fixed_2048</name>
         <value>0xe864</value>
         <object_component_ref idref="oc-2ca"/>
      </symbol>
      <symbol id="sm-30b">
         <name>twiddleCoef_512_q15</name>
         <value>0x10ba4</value>
         <object_component_ref idref="oc-2d7"/>
      </symbol>
      <symbol id="sm-3b6">
         <name>ADC14_configureSingleSampleMode</name>
         <value>0x14361</value>
         <object_component_ref idref="oc-114"/>
      </symbol>
      <symbol id="sm-3b7">
         <name>ADC14_setResultFormat</name>
         <value>0x14561</value>
         <object_component_ref idref="oc-120"/>
      </symbol>
      <symbol id="sm-3b8">
         <name>ADC14_initModule</name>
         <value>0x14411</value>
         <object_component_ref idref="oc-102"/>
      </symbol>
      <symbol id="sm-3b9">
         <name>ADC14_setSampleHoldTrigger</name>
         <value>0x14465</value>
         <object_component_ref idref="oc-108"/>
      </symbol>
      <symbol id="sm-3ba">
         <name>ADC14_configureConversionMemory</name>
         <value>0x13c5d</value>
         <object_component_ref idref="oc-11a"/>
      </symbol>
      <symbol id="sm-3bb">
         <name>ADC14_enableModule</name>
         <value>0x145ed</value>
         <object_component_ref idref="oc-fc"/>
      </symbol>
      <symbol id="sm-417">
         <name>DMA_getChannelAttribute</name>
         <value>0x14041</value>
         <object_component_ref idref="oc-b9"/>
      </symbol>
      <symbol id="sm-418">
         <name>DMA_enableModule</name>
         <value>0x145f9</value>
         <object_component_ref idref="oc-126"/>
      </symbol>
      <symbol id="sm-419">
         <name>DMA_setChannelTransfer</name>
         <value>0x139c5</value>
         <object_component_ref idref="oc-c5"/>
      </symbol>
      <symbol id="sm-41a">
         <name>DMA_setChannelControl</name>
         <value>0x144f1</value>
         <object_component_ref idref="oc-bf"/>
      </symbol>
      <symbol id="sm-41b">
         <name>DMA_setControlBase</name>
         <value>0x145b9</value>
         <object_component_ref idref="oc-12c"/>
      </symbol>
      <symbol id="sm-41c">
         <name>DMA_disableChannelAttribute</name>
         <value>0x142fd</value>
         <object_component_ref idref="oc-132"/>
      </symbol>
      <symbol id="sm-437">
         <name>GPIO_setAsPeripheralModuleFunctionInputPin</name>
         <value>0x13fb9</value>
         <object_component_ref idref="oc-10e"/>
      </symbol>
      <symbol id="sm-464">
         <name>Timer_A_generatePWM</name>
         <value>0x141b5</value>
         <object_component_ref idref="oc-f6"/>
      </symbol>
      <symbol id="sm-476">
         <name>sqrtf</name>
         <value>0x14591</value>
         <object_component_ref idref="oc-14a"/>
      </symbol>
      <symbol id="sm-48a">
         <name>cosf</name>
         <value>0x13d11</value>
         <object_component_ref idref="oc-ea"/>
      </symbol>
      <symbol id="sm-4a0">
         <name>__aeabi_memset</name>
         <value>0x140c3</value>
         <object_component_ref idref="oc-93"/>
      </symbol>
      <symbol id="sm-4a1">
         <name>memset</name>
         <value>0x140c9</value>
         <object_component_ref idref="oc-93"/>
      </symbol>
      <symbol id="sm-4a2">
         <name>__aeabi_memset8</name>
         <value>0x140c3</value>
         <object_component_ref idref="oc-93"/>
      </symbol>
      <symbol id="sm-4a3">
         <name>__aeabi_memset4</name>
         <value>0x140c3</value>
         <object_component_ref idref="oc-93"/>
      </symbol>
      <symbol id="sm-4a4">
         <name>__aeabi_memclr8</name>
         <value>0x140c1</value>
         <object_component_ref idref="oc-93"/>
      </symbol>
      <symbol id="sm-4a5">
         <name>__aeabi_memclr4</name>
         <value>0x140c1</value>
         <object_component_ref idref="oc-93"/>
      </symbol>
      <symbol id="sm-4a6">
         <name>__aeabi_memclr</name>
         <value>0x140c1</value>
         <object_component_ref idref="oc-93"/>
      </symbol>
      <symbol id="sm-4b8">
         <name>__TI_zero_init</name>
         <value>0x14611</value>
         <object_component_ref idref="oc-49"/>
      </symbol>
      <symbol id="sm-4cf">
         <name>__TI_decompress_none</name>
         <value>0x145dd</value>
         <object_component_ref idref="oc-1d"/>
      </symbol>
      <symbol id="sm-4f2">
         <name>__TI_decompress_lzss</name>
         <value>0x14295</value>
         <object_component_ref idref="oc-17"/>
      </symbol>
      <symbol id="sm-505">
         <name>__stack</name>
         <value>0x2000fe00</value>
         <object_component_ref idref="oc-29"/>
      </symbol>
      <symbol id="sm-506">
         <name>_c_int00_noargs</name>
         <value>0x1452d</value>
         <object_component_ref idref="oc-55"/>
      </symbol>
      <symbol id="sm-51c">
         <name>__aeabi_errno_addr</name>
         <value>0x1461d</value>
         <object_component_ref idref="oc-251"/>
      </symbol>
      <symbol id="sm-51d">
         <name>errno</name>
         <value>0x20002654</value>
         <object_component_ref idref="oc-32c"/>
      </symbol>
      <symbol id="sm-538">
         <name>memcpy</name>
         <value>0x13f1b</value>
         <object_component_ref idref="oc-37"/>
      </symbol>
      <symbol id="sm-539">
         <name>__aeabi_memcpy</name>
         <value>0x13f1b</value>
         <object_component_ref idref="oc-37"/>
      </symbol>
      <symbol id="sm-53a">
         <name>__aeabi_memcpy8</name>
         <value>0x13f1b</value>
         <object_component_ref idref="oc-37"/>
      </symbol>
      <symbol id="sm-53b">
         <name>__aeabi_memcpy4</name>
         <value>0x13f1b</value>
         <object_component_ref idref="oc-37"/>
      </symbol>
      <symbol id="sm-563">
         <name>__TI_auto_init_nobinit_nopinit</name>
         <value>0x144ad</value>
         <object_component_ref idref="oc-182"/>
      </symbol>
      <symbol id="sm-56d">
         <name>_system_pre_init</name>
         <value>0x14625</value>
         <object_component_ref idref="oc-99"/>
      </symbol>
      <symbol id="sm-579">
         <name>C$$EXIT</name>
         <value>0x14629</value>
         <object_component_ref idref="oc-176"/>
      </symbol>
      <symbol id="sm-57a">
         <name>abort</name>
         <value>0x14629</value>
         <object_component_ref idref="oc-176"/>
      </symbol>
      <symbol id="sm-57d">
         <name>__TI_static_base__</name>
         <value>0x0</value>
      </symbol>
      <symbol id="sm-580">
         <name>__mpu_init</name>
         <value>0x0</value>
      </symbol>
      <symbol id="sm-581">
         <name>_system_post_cinit</name>
         <value>0x0</value>
      </symbol>
      <symbol id="sm-582">
         <name>NMI_Handler</name>
         <value>0x12493</value>
      </symbol>
      <symbol id="sm-583">
         <name>HardFault_Handler</name>
         <value>0x12493</value>
      </symbol>
      <symbol id="sm-584">
         <name>MemManage_Handler</name>
         <value>0x12493</value>
      </symbol>
      <symbol id="sm-585">
         <name>BusFault_Handler</name>
         <value>0x12493</value>
      </symbol>
      <symbol id="sm-586">
         <name>UsageFault_Handler</name>
         <value>0x12493</value>
      </symbol>
      <symbol id="sm-587">
         <name>SVC_Handler</name>
         <value>0x12493</value>
      </symbol>
      <symbol id="sm-588">
         <name>DebugMon_Handler</name>
         <value>0x12493</value>
      </symbol>
      <symbol id="sm-589">
         <name>PendSV_Handler</name>
         <value>0x12493</value>
      </symbol>
      <symbol id="sm-58a">
         <name>SysTick_Handler</name>
         <value>0x12493</value>
      </symbol>
      <symbol id="sm-58b">
         <name>PSS_IRQHandler</name>
         <value>0x12493</value>
      </symbol>
      <symbol id="sm-58c">
         <name>CS_IRQHandler</name>
         <value>0x12493</value>
      </symbol>
      <symbol id="sm-58d">
         <name>PCM_IRQHandler</name>
         <value>0x12493</value>
      </symbol>
      <symbol id="sm-58e">
         <name>WDT_A_IRQHandler</name>
         <value>0x12493</value>
      </symbol>
      <symbol id="sm-58f">
         <name>FPU_IRQHandler</name>
         <value>0x12493</value>
      </symbol>
      <symbol id="sm-590">
         <name>FLCTL_IRQHandler</name>
         <value>0x12493</value>
      </symbol>
      <symbol id="sm-591">
         <name>COMP_E0_IRQHandler</name>
         <value>0x12493</value>
      </symbol>
      <symbol id="sm-592">
         <name>COMP_E1_IRQHandler</name>
         <value>0x12493</value>
      </symbol>
      <symbol id="sm-593">
         <name>TA0_0_IRQHandler</name>
         <value>0x12493</value>
      </symbol>
      <symbol id="sm-594">
         <name>TA0_N_IRQHandler</name>
         <value>0x12493</value>
      </symbol>
      <symbol id="sm-595">
         <name>TA1_0_IRQHandler</name>
         <value>0x12493</value>
      </symbol>
      <symbol id="sm-596">
         <name>TA1_N_IRQHandler</name>
         <value>0x12493</value>
      </symbol>
      <symbol id="sm-597">
         <name>TA2_0_IRQHandler</name>
         <value>0x12493</value>
      </symbol>
      <symbol id="sm-598">
         <name>TA2_N_IRQHandler</name>
         <value>0x12493</value>
      </symbol>
      <symbol id="sm-599">
         <name>TA3_0_IRQHandler</name>
         <value>0x12493</value>
      </symbol>
      <symbol id="sm-59a">
         <name>TA3_N_IRQHandler</name>
         <value>0x12493</value>
      </symbol>
      <symbol id="sm-59b">
         <name>EUSCIA0_IRQHandler</name>
         <value>0x12493</value>
      </symbol>
      <symbol id="sm-59c">
         <name>EUSCIA1_IRQHandler</name>
         <value>0x12493</value>
      </symbol>
      <symbol id="sm-59d">
         <name>EUSCIA2_IRQHandler</name>
         <value>0x12493</value>
      </symbol>
      <symbol id="sm-59e">
         <name>EUSCIA3_IRQHandler</name>
         <value>0x12493</value>
      </symbol>
      <symbol id="sm-59f">
         <name>EUSCIB0_IRQHandler</name>
         <value>0x12493</value>
      </symbol>
      <symbol id="sm-5a0">
         <name>EUSCIB1_IRQHandler</name>
         <value>0x12493</value>
      </symbol>
      <symbol id="sm-5a1">
         <name>EUSCIB2_IRQHandler</name>
         <value>0x12493</value>
      </symbol>
      <symbol id="sm-5a2">
         <name>EUSCIB3_IRQHandler</name>
         <value>0x12493</value>
      </symbol>
      <symbol id="sm-5a3">
         <name>ADC14_IRQHandler</name>
         <value>0x12493</value>
      </symbol>
      <symbol id="sm-5a4">
         <name>T32_INT1_IRQHandler</name>
         <value>0x12493</value>
      </symbol>
      <symbol id="sm-5a5">
         <name>T32_INT2_IRQHandler</name>
         <value>0x12493</value>
      </symbol>
      <symbol id="sm-5a6">
         <name>T32_INTC_IRQHandler</name>
         <value>0x12493</value>
      </symbol>
      <symbol id="sm-5a7">
         <name>AES256_IRQHandler</name>
         <value>0x12493</value>
      </symbol>
      <symbol id="sm-5a8">
         <name>RTC_C_IRQHandler</name>
         <value>0x12493</value>
      </symbol>
      <symbol id="sm-5a9">
         <name>DMA_ERR_IRQHandler</name>
         <value>0x12493</value>
      </symbol>
      <symbol id="sm-5aa">
         <name>DMA_INT3_IRQHandler</name>
         <value>0x12493</value>
      </symbol>
      <symbol id="sm-5ab">
         <name>DMA_INT2_IRQHandler</name>
         <value>0x12493</value>
      </symbol>
      <symbol id="sm-5ac">
         <name>DMA_INT1_IRQHandler</name>
         <value>0x14229</value>
      </symbol>
      <symbol id="sm-5ad">
         <name>DMA_INT0_IRQHandler</name>
         <value>0x12493</value>
      </symbol>
      <symbol id="sm-5ae">
         <name>PORT1_IRQHandler</name>
         <value>0x12493</value>
      </symbol>
      <symbol id="sm-5af">
         <name>PORT2_IRQHandler</name>
         <value>0x12493</value>
      </symbol>
      <symbol id="sm-5b0">
         <name>PORT3_IRQHandler</name>
         <value>0x12493</value>
      </symbol>
      <symbol id="sm-5b1">
         <name>PORT4_IRQHandler</name>
         <value>0x12493</value>
      </symbol>
      <symbol id="sm-5b2">
         <name>PORT5_IRQHandler</name>
         <value>0x12493</value>
      </symbol>
      <symbol id="sm-5b3">
         <name>PORT6_IRQHandler</name>
         <value>0x12493</value>
      </symbol>
   </symbol_table>
   <title>Link successful</title>
</link_info>
