<?xml version="1.0" encoding="ISO-8859-1" ?>
<link_info>
   <banner>TI ARM Linker PC v20.2.2.LTS</banner>
   <copyright>Copyright (c) 1996-2018 Texas Instruments Incorporated</copyright>
   <link_time>0x5f6c6aa0</link_time>
   <link_errors>0x0</link_errors>
   <output_file>voice_detection_MSP_EXP432P401R_nortos_ccs.out</output_file>
   <entry_point>
      <name>_c_int00_noargs</name>
      <address>0xc665</address>
   </entry_point>
   <input_file_list>
      <input_file id="fl-2">
         <path>.\</path>
         <kind>object</kind>
         <file>main.obj</file>
         <name>main.obj</name>
      </input_file>
      <input_file id="fl-3">
         <path>.\</path>
         <kind>object</kind>
         <file>system_msp432p401r.obj</file>
         <name>system_msp432p401r.obj</name>
      </input_file>
      <input_file id="fl-4">
         <path>.\LcdDriver\</path>
         <kind>object</kind>
         <file>HAL_MSP_EXP432P401R_KITRONIX320X240_SSD2119_SPI.obj</file>
         <name>HAL_MSP_EXP432P401R_KITRONIX320X240_SSD2119_SPI.obj</name>
      </input_file>
      <input_file id="fl-5">
         <path>.\LcdDriver\</path>
         <kind>object</kind>
         <file>Sharp96x96.obj</file>
         <name>Sharp96x96.obj</name>
      </input_file>
      <input_file id="fl-6">
         <path>.\LcdDriver\</path>
         <kind>object</kind>
         <file>Sharp96x96utils.obj</file>
         <name>Sharp96x96utils.obj</name>
      </input_file>
      <input_file id="fl-7">
         <path>.\LcdDriver\</path>
         <kind>object</kind>
         <file>kitronix320x240x16_ssd2119_spi.obj</file>
         <name>kitronix320x240x16_ssd2119_spi.obj</name>
      </input_file>
      <input_file id="fl-8">
         <path>.\ccs\</path>
         <kind>object</kind>
         <file>startup_msp432p401r_ccs.obj</file>
         <name>startup_msp432p401r_ccs.obj</name>
      </input_file>
      <input_file id="fl-9">
         <path>.\demo\</path>
         <kind>object</kind>
         <file>audio_collect.obj</file>
         <name>audio_collect.obj</name>
      </input_file>
      <input_file id="fl-a">
         <path>.\demo\</path>
         <kind>object</kind>
         <file>buttons.obj</file>
         <name>buttons.obj</name>
      </input_file>
      <input_file id="fl-b">
         <path>.\demo\</path>
         <kind>object</kind>
         <file>delete_menu.obj</file>
         <name>delete_menu.obj</name>
      </input_file>
      <input_file id="fl-c">
         <path>.\demo\</path>
         <kind>object</kind>
         <file>dma_control_table.obj</file>
         <name>dma_control_table.obj</name>
      </input_file>
      <input_file id="fl-d">
         <path>.\demo\</path>
         <kind>object</kind>
         <file>enroll_menu.obj</file>
         <name>enroll_menu.obj</name>
      </input_file>
      <input_file id="fl-e">
         <path>.\demo\</path>
         <kind>object</kind>
         <file>lcd.obj</file>
         <name>lcd.obj</name>
      </input_file>
      <input_file id="fl-f">
         <path>.\demo\</path>
         <kind>object</kind>
         <file>leds.obj</file>
         <name>leds.obj</name>
      </input_file>
      <input_file id="fl-10">
         <path>.\demo\</path>
         <kind>object</kind>
         <file>main_menu.obj</file>
         <name>main_menu.obj</name>
      </input_file>
      <input_file id="fl-11">
         <path>.\demo\</path>
         <kind>object</kind>
         <file>menus.obj</file>
         <name>menus.obj</name>
      </input_file>
      <input_file id="fl-12">
         <path>.\demo\</path>
         <kind>object</kind>
         <file>recognize_menu.obj</file>
         <name>recognize_menu.obj</name>
      </input_file>
      <input_file id="fl-13">
         <path>.\demo\</path>
         <kind>object</kind>
         <file>touch.obj</file>
         <name>touch.obj</name>
      </input_file>
      <input_file id="fl-14">
         <path>.\demo\</path>
         <kind>object</kind>
         <file>update_menu.obj</file>
         <name>update_menu.obj</name>
      </input_file>
      <input_file id="fl-15">
         <path>.\demo\</path>
         <kind>object</kind>
         <file>vcd_user.obj</file>
         <name>vcd_user.obj</name>
      </input_file>
      <input_file id="fl-16">
         <path>.\fonts\</path>
         <kind>object</kind>
         <file>fontcmss20b.obj</file>
         <name>fontcmss20b.obj</name>
      </input_file>
      <input_file id="fl-17">
         <path>.\fonts\</path>
         <kind>object</kind>
         <file>fontfixed6x8.obj</file>
         <name>fontfixed6x8.obj</name>
      </input_file>
      <input_file id="fl-21">
         <kind>object</kind>
         <file>&lt;internal&gt;</file>
         <name>&lt;internal&gt;</name>
      </input_file>
      <input_file id="fl-22">
         <path>C:\ti\simplelink_msp432p4_sdk_1_50_00_12\source\ti\grlib\ccs\</path>
         <kind>archive</kind>
         <file>grlib.lib</file>
         <name>context.o</name>
      </input_file>
      <input_file id="fl-23">
         <path>C:\ti\simplelink_msp432p4_sdk_1_50_00_12\source\ti\grlib\ccs\</path>
         <kind>archive</kind>
         <file>grlib.lib</file>
         <name>display.o</name>
      </input_file>
      <input_file id="fl-24">
         <path>C:\ti\simplelink_msp432p4_sdk_1_50_00_12\source\ti\grlib\ccs\</path>
         <kind>archive</kind>
         <file>grlib.lib</file>
         <name>rectangle.o</name>
      </input_file>
      <input_file id="fl-25">
         <path>C:\ti\simplelink_msp432p4_sdk_1_50_00_12\source\ti\grlib\ccs\</path>
         <kind>archive</kind>
         <file>grlib.lib</file>
         <name>string.o</name>
      </input_file>
      <input_file id="fl-26">
         <path>C:\ti\simplelink_msp432p4_sdk_1_50_00_12\source\ti\grlib\ccs\</path>
         <kind>archive</kind>
         <file>grlib.lib</file>
         <name>line.o</name>
      </input_file>
      <input_file id="fl-27">
         <path>C:\ti\simplelink_sdk_voice_detection_plugin_1_50_00_15\source\ti\voice_detection\lib\ccs\m4\</path>
         <kind>archive</kind>
         <file>vcd.a</file>
         <name>vcd_common.obj</name>
      </input_file>
      <input_file id="fl-28">
         <path>C:\ti\simplelink_sdk_voice_detection_plugin_1_50_00_15\source\ti\voice_detection\lib\ccs\m4\</path>
         <kind>archive</kind>
         <file>vcd.a</file>
         <name>vcd_enroll.obj</name>
      </input_file>
      <input_file id="fl-29">
         <path>C:\ti\simplelink_sdk_voice_detection_plugin_1_50_00_15\source\ti\voice_detection\lib\ccs\m4\</path>
         <kind>archive</kind>
         <file>vcd.a</file>
         <name>vcd_memory.obj</name>
      </input_file>
      <input_file id="fl-2a">
         <path>C:\ti\simplelink_sdk_voice_detection_plugin_1_50_00_15\source\ti\voice_detection\lib\ccs\m4\</path>
         <kind>archive</kind>
         <file>vcd.a</file>
         <name>vcd_reco.obj</name>
      </input_file>
      <input_file id="fl-2b">
         <path>C:\ti\simplelink_sdk_voice_detection_plugin_1_50_00_15\source\ti\voice_detection\lib\ccs\m4\</path>
         <kind>archive</kind>
         <file>vcd.a</file>
         <name>vcd_models.obj</name>
      </input_file>
      <input_file id="fl-2c">
         <path>C:\ti\simplelink_sdk_voice_detection_plugin_1_50_00_15\source\ti\voice_detection\lib\ccs\m4\</path>
         <kind>archive</kind>
         <file>vcd.a</file>
         <name>vcd_models_memory.obj</name>
      </input_file>
      <input_file id="fl-2d">
         <path>C:\ti\simplelink_sdk_voice_detection_plugin_1_50_00_15\source\ti\voice_detection\lib\ccs\m4\</path>
         <kind>archive</kind>
         <file>vcd.a</file>
         <name>vcd_trace.obj</name>
      </input_file>
      <input_file id="fl-2e">
         <path>C:\ti\simplelink_sdk_voice_detection_plugin_1_50_00_15\source\ti\voice_detection\lib\ccs\m4\</path>
         <kind>archive</kind>
         <file>vcd.a</file>
         <name>vcd_upd_gsp.obj</name>
      </input_file>
      <input_file id="fl-2f">
         <path>C:\ti\simplelink_sdk_voice_detection_plugin_1_50_00_15\source\ti\voice_detection\lib\ccs\m4\</path>
         <kind>archive</kind>
         <file>vcd.a</file>
         <name>vcd_frontend.obj</name>
      </input_file>
      <input_file id="fl-30">
         <path>C:\ti\simplelink_sdk_voice_detection_plugin_1_50_00_15\source\ti\voice_detection\lib\ccs\m4\</path>
         <kind>archive</kind>
         <file>vcd.a</file>
         <name>vcd_frontend_memory.obj</name>
      </input_file>
      <input_file id="fl-31">
         <path>C:\ti\simplelink_sdk_voice_detection_plugin_1_50_00_15\source\ti\voice_detection\lib\ccs\m4\</path>
         <kind>archive</kind>
         <file>vcd.a</file>
         <name>vcd_get_fb.obj</name>
      </input_file>
      <input_file id="fl-32">
         <path>C:\ti\simplelink_sdk_voice_detection_plugin_1_50_00_15\source\ti\voice_detection\lib\ccs\m4\</path>
         <kind>archive</kind>
         <file>vcd.a</file>
         <name>vcd_get_gsf.obj</name>
      </input_file>
      <input_file id="fl-33">
         <path>C:\ti\simplelink_sdk_voice_detection_plugin_1_50_00_15\source\ti\voice_detection\lib\ccs\m4\</path>
         <kind>archive</kind>
         <file>vcd.a</file>
         <name>vcd_get_gsp.obj</name>
      </input_file>
      <input_file id="fl-34">
         <path>C:\ti\simplelink_sdk_voice_detection_plugin_1_50_00_15\source\ti\voice_detection\lib\ccs\m4\</path>
         <kind>archive</kind>
         <file>vcd.a</file>
         <name>vcd_get_rfe.obj</name>
      </input_file>
      <input_file id="fl-35">
         <path>C:\ti\simplelink_sdk_voice_detection_plugin_1_50_00_15\source\ti\voice_detection\lib\ccs\m4\</path>
         <kind>archive</kind>
         <file>vcd.a</file>
         <name>vcd_get_rhoa.obj</name>
      </input_file>
      <input_file id="fl-36">
         <path>C:\ti\simplelink_sdk_voice_detection_plugin_1_50_00_15\source\ti\voice_detection\lib\ccs\m4\</path>
         <kind>archive</kind>
         <file>vcd.a</file>
         <name>vcd_getrhofs.obj</name>
      </input_file>
      <input_file id="fl-37">
         <path>C:\ti\simplelink_sdk_voice_detection_plugin_1_50_00_15\source\ti\voice_detection\lib\ccs\m4\</path>
         <kind>archive</kind>
         <file>vcd.a</file>
         <name>vcd_hmm_oov.obj</name>
      </input_file>
      <input_file id="fl-38">
         <path>C:\ti\simplelink_sdk_voice_detection_plugin_1_50_00_15\source\ti\voice_detection\lib\ccs\m4\</path>
         <kind>archive</kind>
         <file>vcd.a</file>
         <name>vcd_level.obj</name>
      </input_file>
      <input_file id="fl-39">
         <path>C:\ti\simplelink_sdk_voice_detection_plugin_1_50_00_15\source\ti\voice_detection\lib\ccs\m4\</path>
         <kind>archive</kind>
         <file>vcd.a</file>
         <name>vcd_mathfunc.obj</name>
      </input_file>
      <input_file id="fl-3a">
         <path>C:\ti\simplelink_sdk_voice_detection_plugin_1_50_00_15\source\ti\voice_detection\lib\ccs\m4\</path>
         <kind>archive</kind>
         <file>vcd.a</file>
         <name>vcd_utt_det.obj</name>
      </input_file>
      <input_file id="fl-3b">
         <path>C:\ti\simplelink_sdk_voice_detection_plugin_1_50_00_15\source\ti\voice_detection\lib\ccs\m4\</path>
         <kind>archive</kind>
         <file>vad.a</file>
         <name>vad.obj</name>
      </input_file>
      <input_file id="fl-3c">
         <path>C:\ti\simplelink_msp432p4_sdk_1_50_00_12\source\ti\devices\msp432p4xx\driverlib\ccs\</path>
         <kind>archive</kind>
         <file>msp432p4xx_driverlib.lib</file>
         <name>cs_MSP432P4XX.obj</name>
      </input_file>
      <input_file id="fl-3d">
         <path>C:\ti\simplelink_msp432p4_sdk_1_50_00_12\source\ti\devices\msp432p4xx\driverlib\ccs\</path>
         <kind>archive</kind>
         <file>msp432p4xx_driverlib.lib</file>
         <name>gpio_MSP432P4XX.obj</name>
      </input_file>
      <input_file id="fl-3e">
         <path>C:\ti\simplelink_msp432p4_sdk_1_50_00_12\source\ti\devices\msp432p4xx\driverlib\ccs\</path>
         <kind>archive</kind>
         <file>msp432p4xx_driverlib.lib</file>
         <name>interrupt_MSP432P4XX.obj</name>
      </input_file>
      <input_file id="fl-3f">
         <path>C:\ti\simplelink_msp432p4_sdk_1_50_00_12\source\ti\devices\msp432p4xx\driverlib\ccs\</path>
         <kind>archive</kind>
         <file>msp432p4xx_driverlib.lib</file>
         <name>pcm_MSP432P4XX.obj</name>
      </input_file>
      <input_file id="fl-40">
         <path>C:\ti\simplelink_msp432p4_sdk_1_50_00_12\source\ti\devices\msp432p4xx\driverlib\ccs\</path>
         <kind>archive</kind>
         <file>msp432p4xx_driverlib.lib</file>
         <name>rtc_c_MSP432P4XX.obj</name>
      </input_file>
      <input_file id="fl-41">
         <path>C:\ti\simplelink_msp432p4_sdk_1_50_00_12\source\ti\devices\msp432p4xx\driverlib\ccs\</path>
         <kind>archive</kind>
         <file>msp432p4xx_driverlib.lib</file>
         <name>spi_MSP432P4XX.obj</name>
      </input_file>
      <input_file id="fl-42">
         <path>C:\ti\simplelink_msp432p4_sdk_1_50_00_12\source\ti\devices\msp432p4xx\driverlib\ccs\</path>
         <kind>archive</kind>
         <file>msp432p4xx_driverlib.lib</file>
         <name>sysctl_a_MSP432P4XX.obj</name>
      </input_file>
      <input_file id="fl-43">
         <path>C:\ti\simplelink_msp432p4_sdk_1_50_00_12\source\ti\devices\msp432p4xx\driverlib\ccs\</path>
         <kind>archive</kind>
         <file>msp432p4xx_driverlib.lib</file>
         <name>timer_a_MSP432P4XX.obj</name>
      </input_file>
      <input_file id="fl-44">
         <path>C:\ti\simplelink_msp432p4_sdk_1_50_00_12\source\ti\devices\msp432p4xx\driverlib\ccs\</path>
         <kind>archive</kind>
         <file>msp432p4xx_driverlib.lib</file>
         <name>wdt_a_MSP432P4XX.obj</name>
      </input_file>
      <input_file id="fl-45">
         <path>C:\ti\simplelink_msp432p4_sdk_1_50_00_12\source\ti\devices\msp432p4xx\driverlib\ccs\</path>
         <kind>archive</kind>
         <file>msp432p4xx_driverlib.lib</file>
         <name>cpu_MSP432P4XX.obj</name>
      </input_file>
      <input_file id="fl-fb">
         <path>C:\ti\ccs1011\ccs\tools\compiler\ti-cgt-arm_20.2.2.LTS\lib\</path>
         <kind>archive</kind>
         <file>rtsv7M4_T_le_v4SPD16_eabi.lib</file>
         <name>sprintf.c.obj</name>
      </input_file>
      <input_file id="fl-fc">
         <path>C:\ti\ccs1011\ccs\tools\compiler\ti-cgt-arm_20.2.2.LTS\lib\</path>
         <kind>archive</kind>
         <file>rtsv7M4_T_le_v4SPD16_eabi.lib</file>
         <name>memcpy_t2.asm.obj</name>
      </input_file>
      <input_file id="fl-fd">
         <path>C:\ti\ccs1011\ccs\tools\compiler\ti-cgt-arm_20.2.2.LTS\lib\</path>
         <kind>archive</kind>
         <file>rtsv7M4_T_le_v4SPD16_eabi.lib</file>
         <name>copy_zero_init.c.obj</name>
      </input_file>
      <input_file id="fl-fe">
         <path>C:\ti\ccs1011\ccs\tools\compiler\ti-cgt-arm_20.2.2.LTS\lib\</path>
         <kind>archive</kind>
         <file>rtsv7M4_T_le_v4SPD16_eabi.lib</file>
         <name>copy_decompress_none.c.obj</name>
      </input_file>
      <input_file id="fl-ff">
         <path>C:\ti\ccs1011\ccs\tools\compiler\ti-cgt-arm_20.2.2.LTS\lib\</path>
         <kind>archive</kind>
         <file>rtsv7M4_T_le_v4SPD16_eabi.lib</file>
         <name>copy_decompress_lzss.c.obj</name>
      </input_file>
      <input_file id="fl-100">
         <path>C:\ti\ccs1011\ccs\tools\compiler\ti-cgt-arm_20.2.2.LTS\lib\</path>
         <kind>archive</kind>
         <file>rtsv7M4_T_le_v4SPD16_eabi.lib</file>
         <name>exit.c.obj</name>
      </input_file>
      <input_file id="fl-101">
         <path>C:\ti\ccs1011\ccs\tools\compiler\ti-cgt-arm_20.2.2.LTS\lib\</path>
         <kind>archive</kind>
         <file>rtsv7M4_T_le_v4SPD16_eabi.lib</file>
         <name>_lock.c.obj</name>
      </input_file>
      <input_file id="fl-102">
         <path>C:\ti\ccs1011\ccs\tools\compiler\ti-cgt-arm_20.2.2.LTS\lib\</path>
         <kind>archive</kind>
         <file>rtsv7M4_T_le_v4SPD16_eabi.lib</file>
         <name>memmov.c.obj</name>
      </input_file>
      <input_file id="fl-103">
         <path>C:\ti\ccs1011\ccs\tools\compiler\ti-cgt-arm_20.2.2.LTS\lib\</path>
         <kind>archive</kind>
         <file>rtsv7M4_T_le_v4SPD16_eabi.lib</file>
         <name>strcat.c.obj</name>
      </input_file>
      <input_file id="fl-104">
         <path>C:\ti\ccs1011\ccs\tools\compiler\ti-cgt-arm_20.2.2.LTS\lib\</path>
         <kind>archive</kind>
         <file>rtsv7M4_T_le_v4SPD16_eabi.lib</file>
         <name>strcpy.c.obj</name>
      </input_file>
      <input_file id="fl-105">
         <path>C:\ti\ccs1011\ccs\tools\compiler\ti-cgt-arm_20.2.2.LTS\lib\</path>
         <kind>archive</kind>
         <file>rtsv7M4_T_le_v4SPD16_eabi.lib</file>
         <name>boot_cortex_m.c.obj</name>
      </input_file>
      <input_file id="fl-106">
         <path>C:\ti\ccs1011\ccs\tools\compiler\ti-cgt-arm_20.2.2.LTS\lib\</path>
         <kind>archive</kind>
         <file>rtsv7M4_T_le_v4SPD16_eabi.lib</file>
         <name>_printfi.c.obj</name>
      </input_file>
      <input_file id="fl-107">
         <path>C:\ti\ccs1011\ccs\tools\compiler\ti-cgt-arm_20.2.2.LTS\lib\</path>
         <kind>archive</kind>
         <file>rtsv7M4_T_le_v4SPD16_eabi.lib</file>
         <name>fd_add_t2.asm.obj</name>
      </input_file>
      <input_file id="fl-108">
         <path>C:\ti\ccs1011\ccs\tools\compiler\ti-cgt-arm_20.2.2.LTS\lib\</path>
         <kind>archive</kind>
         <file>rtsv7M4_T_le_v4SPD16_eabi.lib</file>
         <name>fd_cmp_t2.asm.obj</name>
      </input_file>
      <input_file id="fl-109">
         <path>C:\ti\ccs1011\ccs\tools\compiler\ti-cgt-arm_20.2.2.LTS\lib\</path>
         <kind>archive</kind>
         <file>rtsv7M4_T_le_v4SPD16_eabi.lib</file>
         <name>fd_div_t2.asm.obj</name>
      </input_file>
      <input_file id="fl-10a">
         <path>C:\ti\ccs1011\ccs\tools\compiler\ti-cgt-arm_20.2.2.LTS\lib\</path>
         <kind>archive</kind>
         <file>rtsv7M4_T_le_v4SPD16_eabi.lib</file>
         <name>fd_mul_t2.asm.obj</name>
      </input_file>
      <input_file id="fl-10b">
         <path>C:\ti\ccs1011\ccs\tools\compiler\ti-cgt-arm_20.2.2.LTS\lib\</path>
         <kind>archive</kind>
         <file>rtsv7M4_T_le_v4SPD16_eabi.lib</file>
         <name>fd_toi_t2.asm.obj</name>
      </input_file>
      <input_file id="fl-10c">
         <path>C:\ti\ccs1011\ccs\tools\compiler\ti-cgt-arm_20.2.2.LTS\lib\</path>
         <kind>archive</kind>
         <file>rtsv7M4_T_le_v4SPD16_eabi.lib</file>
         <name>i_tofd_t2.asm.obj</name>
      </input_file>
      <input_file id="fl-10d">
         <path>C:\ti\ccs1011\ccs\tools\compiler\ti-cgt-arm_20.2.2.LTS\lib\</path>
         <kind>archive</kind>
         <file>rtsv7M4_T_le_v4SPD16_eabi.lib</file>
         <name>ull_div_t2.asm.obj</name>
      </input_file>
      <input_file id="fl-10e">
         <path>C:\ti\ccs1011\ccs\tools\compiler\ti-cgt-arm_20.2.2.LTS\lib\</path>
         <kind>archive</kind>
         <file>rtsv7M4_T_le_v4SPD16_eabi.lib</file>
         <name>memset_t2.asm.obj</name>
      </input_file>
      <input_file id="fl-10f">
         <path>C:\ti\ccs1011\ccs\tools\compiler\ti-cgt-arm_20.2.2.LTS\lib\</path>
         <kind>archive</kind>
         <file>rtsv7M4_T_le_v4SPD16_eabi.lib</file>
         <name>autoinit.c.obj</name>
      </input_file>
      <input_file id="fl-110">
         <path>C:\ti\ccs1011\ccs\tools\compiler\ti-cgt-arm_20.2.2.LTS\lib\</path>
         <kind>archive</kind>
         <file>rtsv7M4_T_le_v4SPD16_eabi.lib</file>
         <name>pre_init.c.obj</name>
      </input_file>
      <input_file id="fl-111">
         <path>C:\ti\ccs1011\ccs\tools\compiler\ti-cgt-arm_20.2.2.LTS\lib\</path>
         <kind>archive</kind>
         <file>rtsv7M4_T_le_v4SPD16_eabi.lib</file>
         <name>cpy_tbl.c.obj</name>
      </input_file>
      <input_file id="fl-112">
         <path>C:\ti\ccs1011\ccs\tools\compiler\ti-cgt-arm_20.2.2.LTS\lib\</path>
         <kind>archive</kind>
         <file>rtsv7M4_T_le_v4SPD16_eabi.lib</file>
         <name>_ltoa.c.obj</name>
      </input_file>
      <input_file id="fl-113">
         <path>C:\ti\ccs1011\ccs\tools\compiler\ti-cgt-arm_20.2.2.LTS\lib\</path>
         <kind>archive</kind>
         <file>rtsv7M4_T_le_v4SPD16_eabi.lib</file>
         <name>args_main.c.obj</name>
      </input_file>
      <input_file id="fl-114">
         <path>C:\ti\ccs1011\ccs\tools\compiler\ti-cgt-arm_20.2.2.LTS\lib\</path>
         <kind>archive</kind>
         <file>rtsv7M4_T_le_v4SPD16_eabi.lib</file>
         <name>atoi.c.obj</name>
      </input_file>
      <input_file id="fl-115">
         <path>C:\ti\ccs1011\ccs\tools\compiler\ti-cgt-arm_20.2.2.LTS\lib\</path>
         <kind>archive</kind>
         <file>rtsv7M4_T_le_v4SPD16_eabi.lib</file>
         <name>ctype.c.obj</name>
      </input_file>
      <input_file id="fl-116">
         <path>C:\ti\ccs1011\ccs\tools\compiler\ti-cgt-arm_20.2.2.LTS\lib\</path>
         <kind>archive</kind>
         <file>rtsv7M4_T_le_v4SPD16_eabi.lib</file>
         <name>memccpy.c.obj</name>
      </input_file>
      <input_file id="fl-117">
         <path>C:\ti\ccs1011\ccs\tools\compiler\ti-cgt-arm_20.2.2.LTS\lib\</path>
         <kind>archive</kind>
         <file>rtsv7M4_T_le_v4SPD16_eabi.lib</file>
         <name>strchr.c.obj</name>
      </input_file>
      <input_file id="fl-118">
         <path>C:\ti\ccs1011\ccs\tools\compiler\ti-cgt-arm_20.2.2.LTS\lib\</path>
         <kind>archive</kind>
         <file>rtsv7M4_T_le_v4SPD16_eabi.lib</file>
         <name>strlen.c.obj</name>
      </input_file>
      <input_file id="fl-119">
         <path>C:\ti\ccs1011\ccs\tools\compiler\ti-cgt-arm_20.2.2.LTS\lib\</path>
         <kind>archive</kind>
         <file>rtsv7M4_T_le_v4SPD16_eabi.lib</file>
         <name>errno.c.obj</name>
      </input_file>
      <input_file id="fl-11a">
         <path>C:\ti\ccs1011\ccs\tools\compiler\ti-cgt-arm_20.2.2.LTS\lib\</path>
         <kind>archive</kind>
         <file>rtsv7M4_T_le_v4SPD16_eabi.lib</file>
         <name>s_frexp.c.obj</name>
      </input_file>
      <input_file id="fl-11b">
         <path>C:\ti\ccs1011\ccs\tools\compiler\ti-cgt-arm_20.2.2.LTS\lib\</path>
         <kind>archive</kind>
         <file>rtsv7M4_T_le_v4SPD16_eabi.lib</file>
         <name>s_scalbn.c.obj</name>
      </input_file>
      <input_file id="fl-11c">
         <path>C:\ti\ccs1011\ccs\tools\compiler\ti-cgt-arm_20.2.2.LTS\lib\</path>
         <kind>archive</kind>
         <file>rtsv7M4_T_le_v4SPD16_eabi.lib</file>
         <name>wcslen.c.obj</name>
      </input_file>
      <input_file id="fl-11d">
         <path>C:\ti\ccs1011\ccs\tools\compiler\ti-cgt-arm_20.2.2.LTS\lib\</path>
         <kind>archive</kind>
         <file>rtsv7M4_T_le_v4SPD16_eabi.lib</file>
         <name>s_copysign.c.obj</name>
      </input_file>
      <input_file id="fl-11e">
         <path>C:\ti\ccs1011\ccs\tools\compiler\ti-cgt-arm_20.2.2.LTS\lib\</path>
         <kind>archive</kind>
         <file>rtsv7M4_T_le_v4SPD16_eabi.lib</file>
         <name>div0.asm.obj</name>
      </input_file>
   </input_file_list>
   <object_component_list>
      <object_component id="oc-26">
         <name>.intvecs:retain</name>
         <load_address>0x0</load_address>
         <run_address>0x0</run_address>
         <size>0xe4</size>
         <input_file_ref idref="fl-8"/>
      </object_component>
      <object_component id="oc-126">
         <name>.text</name>
         <load_address>0xe8</load_address>
         <run_address>0xe8</run_address>
         <size>0x1974</size>
         <input_file_ref idref="fl-27"/>
      </object_component>
      <object_component id="oc-30d">
         <name>.text:CPU_wfi</name>
         <load_address>0x1a5c</load_address>
         <run_address>0x1a5c</run_address>
         <size>0x4</size>
         <input_file_ref idref="fl-45"/>
      </object_component>
      <object_component id="oc-40c">
         <name>.text</name>
         <load_address>0x1a60</load_address>
         <run_address>0x1a60</run_address>
         <size>0x1152</size>
         <input_file_ref idref="fl-37"/>
      </object_component>
      <object_component id="oc-505">
         <name>.text:Graphics_flushBuffer</name>
         <load_address>0x2bb2</load_address>
         <run_address>0x2bb2</run_address>
         <size>0x6</size>
         <input_file_ref idref="fl-22"/>
      </object_component>
      <object_component id="oc-26e">
         <name>.text</name>
         <load_address>0x2bb8</load_address>
         <run_address>0x2bb8</run_address>
         <size>0xc6c</size>
         <input_file_ref idref="fl-28"/>
      </object_component>
      <object_component id="oc-39f">
         <name>.text:EUSCI_A_SPI_transmitData</name>
         <load_address>0x3824</load_address>
         <run_address>0x3824</run_address>
         <size>0x4</size>
         <input_file_ref idref="fl-41"/>
      </object_component>
      <object_component id="oc-262">
         <name>.text</name>
         <load_address>0x3828</load_address>
         <run_address>0x3828</run_address>
         <size>0xb14</size>
         <input_file_ref idref="fl-2b"/>
      </object_component>
      <object_component id="oc-399">
         <name>.text:EUSCI_B_SPI_transmitData</name>
         <load_address>0x433c</load_address>
         <run_address>0x433c</run_address>
         <size>0x4</size>
         <input_file_ref idref="fl-41"/>
      </object_component>
      <object_component id="oc-27d">
         <name>.text</name>
         <load_address>0x4340</load_address>
         <run_address>0x4340</run_address>
         <size>0xb0c</size>
         <input_file_ref idref="fl-2f"/>
      </object_component>
      <object_component id="oc-675">
         <name>.text:__TI_printfi</name>
         <load_address>0x4e4c</load_address>
         <run_address>0x4e4c</run_address>
         <size>0xa4e</size>
         <input_file_ref idref="fl-106"/>
      </object_component>
      <object_component id="oc-65a">
         <name>.text:Graphics_getDisplayHeight</name>
         <load_address>0x589a</load_address>
         <run_address>0x589a</run_address>
         <size>0x6</size>
         <input_file_ref idref="fl-22"/>
      </object_component>
      <object_component id="oc-3f8">
         <name>.text</name>
         <load_address>0x58a0</load_address>
         <run_address>0x58a0</run_address>
         <size>0x9c8</size>
         <input_file_ref idref="fl-2e"/>
      </object_component>
      <object_component id="oc-3f2">
         <name>.text</name>
         <load_address>0x6268</load_address>
         <run_address>0x6268</run_address>
         <size>0x942</size>
         <input_file_ref idref="fl-2d"/>
      </object_component>
      <object_component id="oc-2d9">
         <name>.text:Graphics_getDisplayWidth</name>
         <load_address>0x6baa</load_address>
         <run_address>0x6baa</run_address>
         <size>0x6</size>
         <input_file_ref idref="fl-22"/>
      </object_component>
      <object_component id="oc-420">
         <name>.text</name>
         <load_address>0x6bb0</load_address>
         <run_address>0x6bb0</run_address>
         <size>0x426</size>
         <input_file_ref idref="fl-36"/>
      </object_component>
      <object_component id="oc-6d">
         <name>.text:Default_Handler</name>
         <load_address>0x6fd6</load_address>
         <run_address>0x6fd6</run_address>
         <size>0x2</size>
         <input_file_ref idref="fl-8"/>
      </object_component>
      <object_component id="oc-426">
         <name>.text</name>
         <load_address>0x6fd8</load_address>
         <run_address>0x6fd8</run_address>
         <size>0x416</size>
         <input_file_ref idref="fl-3b"/>
      </object_component>
      <object_component id="oc-826">
         <name>.text</name>
         <load_address>0x73ee</load_address>
         <run_address>0x73ee</run_address>
         <size>0x2</size>
         <input_file_ref idref="fl-11e"/>
      </object_component>
      <object_component id="oc-274">
         <name>.text</name>
         <load_address>0x73f0</load_address>
         <run_address>0x73f0</run_address>
         <size>0x3f8</size>
         <input_file_ref idref="fl-2a"/>
      </object_component>
      <object_component id="oc-438">
         <name>.text</name>
         <load_address>0x77e8</load_address>
         <run_address>0x77e8</run_address>
         <size>0x366</size>
         <input_file_ref idref="fl-35"/>
      </object_component>
      <object_component id="oc-283">
         <name>.text</name>
         <load_address>0x7b50</load_address>
         <run_address>0x7b50</run_address>
         <size>0x328</size>
         <input_file_ref idref="fl-32"/>
      </object_component>
      <object_component id="oc-343">
         <name>.text:EnrollMenu_processEvent</name>
         <load_address>0x7e78</load_address>
         <run_address>0x7e78</run_address>
         <size>0x304</size>
         <input_file_ref idref="fl-d"/>
      </object_component>
      <object_component id="oc-2df">
         <name>.text:Graphics_getFontHeight</name>
         <load_address>0x817c</load_address>
         <run_address>0x817c</run_address>
         <size>0x4</size>
         <input_file_ref idref="fl-22"/>
      </object_component>
      <object_component id="oc-5a2">
         <name>.text</name>
         <load_address>0x8180</load_address>
         <run_address>0x8180</run_address>
         <size>0x2d6</size>
         <input_file_ref idref="fl-39"/>
      </object_component>
      <object_component id="oc-2f1">
         <name>.text:Graphics_drawString</name>
         <load_address>0x8456</load_address>
         <run_address>0x8456</run_address>
         <size>0x2d0</size>
         <input_file_ref idref="fl-25"/>
      </object_component>
      <object_component id="oc-64c">
         <name>.text:RecognizeMenu_processEvent</name>
         <load_address>0x8728</load_address>
         <run_address>0x8728</run_address>
         <size>0x2c0</size>
         <input_file_ref idref="fl-12"/>
      </object_component>
      <object_component id="oc-534">
         <name>.text:Audio_startCollect</name>
         <load_address>0x89e8</load_address>
         <run_address>0x89e8</run_address>
         <size>0x278</size>
         <input_file_ref idref="fl-9"/>
      </object_component>
      <object_component id="oc-758">
         <name>.text:_pconv_a</name>
         <load_address>0x8c60</load_address>
         <run_address>0x8c60</run_address>
         <size>0x270</size>
         <input_file_ref idref="fl-106"/>
      </object_component>
      <object_component id="oc-352">
         <name>.text:UpdateMenu_processEvent</name>
         <load_address>0x8ed0</load_address>
         <run_address>0x8ed0</run_address>
         <size>0x268</size>
         <input_file_ref idref="fl-14"/>
      </object_component>
      <object_component id="oc-b1">
         <name>.text:main</name>
         <load_address>0x9138</load_address>
         <run_address>0x9138</run_address>
         <size>0x1e4</size>
         <input_file_ref idref="fl-2"/>
      </object_component>
      <object_component id="oc-746">
         <name>.text:_pconv_g</name>
         <load_address>0x931c</load_address>
         <run_address>0x931c</run_address>
         <size>0x1d0</size>
         <input_file_ref idref="fl-106"/>
      </object_component>
      <object_component id="oc-404">
         <name>.text:VCD_writeModel</name>
         <load_address>0x94ec</load_address>
         <run_address>0x94ec</run_address>
         <size>0x1c0</size>
         <input_file_ref idref="fl-15"/>
      </object_component>
      <object_component id="oc-7c7">
         <name>.text</name>
         <load_address>0x96ac</load_address>
         <run_address>0x96ac</run_address>
         <size>0x1b6</size>
         <input_file_ref idref="fl-107"/>
      </object_component>
      <object_component id="oc-3fe">
         <name>.text:VCD_updateModel</name>
         <load_address>0x9864</load_address>
         <run_address>0x9864</run_address>
         <size>0x180</size>
         <input_file_ref idref="fl-15"/>
      </object_component>
      <object_component id="oc-2bd">
         <name>.text:Graphics_setFont</name>
         <load_address>0x99e4</load_address>
         <run_address>0x99e4</run_address>
         <size>0x4</size>
         <input_file_ref idref="fl-22"/>
      </object_component>
      <object_component id="oc-432">
         <name>.text</name>
         <load_address>0x99e8</load_address>
         <run_address>0x99e8</run_address>
         <size>0x16c</size>
         <input_file_ref idref="fl-31"/>
      </object_component>
      <object_component id="oc-4bc">
         <name>.text:Sharp96x96_RectFill</name>
         <load_address>0x9b54</load_address>
         <run_address>0x9b54</run_address>
         <size>0x15c</size>
         <input_file_ref idref="fl-5"/>
      </object_component>
      <object_component id="oc-268">
         <name>.text:VCD_clearModel</name>
         <load_address>0x9cb0</load_address>
         <run_address>0x9cb0</run_address>
         <size>0x150</size>
         <input_file_ref idref="fl-15"/>
      </object_component>
      <object_component id="oc-11a">
         <name>.text:Buttons_setup</name>
         <load_address>0x9e00</load_address>
         <run_address>0x9e00</run_address>
         <size>0x144</size>
         <input_file_ref idref="fl-a"/>
      </object_component>
      <object_component id="oc-114">
         <name>.text:Leds_setup</name>
         <load_address>0x9f44</load_address>
         <run_address>0x9f44</run_address>
         <size>0x144</size>
         <input_file_ref idref="fl-f"/>
      </object_component>
      <object_component id="oc-4b0">
         <name>.text:Sharp96x96_LineDrawH</name>
         <load_address>0xa088</load_address>
         <run_address>0xa088</run_address>
         <size>0x13c</size>
         <input_file_ref idref="fl-5"/>
      </object_component>
      <object_component id="oc-752">
         <name>.text:_pconv_e</name>
         <load_address>0xa1c4</load_address>
         <run_address>0xa1c4</run_address>
         <size>0x13c</size>
         <input_file_ref idref="fl-106"/>
      </object_component>
      <object_component id="oc-7ad">
         <name>.text</name>
         <load_address>0xa300</load_address>
         <run_address>0xa300</run_address>
         <size>0x136</size>
         <input_file_ref idref="fl-109"/>
      </object_component>
      <object_component id="oc-42c">
         <name>.text</name>
         <load_address>0xa438</load_address>
         <run_address>0xa438</run_address>
         <size>0x12a</size>
         <input_file_ref idref="fl-3a"/>
      </object_component>
      <object_component id="oc-7d9">
         <name>.text:fcvt</name>
         <load_address>0xa564</load_address>
         <run_address>0xa564</run_address>
         <size>0x124</size>
         <input_file_ref idref="fl-106"/>
      </object_component>
      <object_component id="oc-7ed">
         <name>.text:scalbn</name>
         <load_address>0xa688</load_address>
         <run_address>0xa688</run_address>
         <size>0x110</size>
         <input_file_ref idref="fl-11b"/>
      </object_component>
      <object_component id="oc-361">
         <name>.text:DeleteMenu_processEvent</name>
         <load_address>0xa798</load_address>
         <run_address>0xa798</run_address>
         <size>0x108</size>
         <input_file_ref idref="fl-b"/>
      </object_component>
      <object_component id="oc-7a8">
         <name>.text</name>
         <load_address>0xa8a0</load_address>
         <run_address>0xa8a0</run_address>
         <size>0xfc</size>
         <input_file_ref idref="fl-10a"/>
      </object_component>
      <object_component id="oc-138">
         <name>.text:LCD_showMenu</name>
         <load_address>0xa99c</load_address>
         <run_address>0xa99c</run_address>
         <size>0xf4</size>
         <input_file_ref idref="fl-e"/>
      </object_component>
      <object_component id="oc-79">
         <name>.text:TA3_N_IRQHandler</name>
         <load_address>0xaa90</load_address>
         <run_address>0xaa90</run_address>
         <size>0xe8</size>
         <input_file_ref idref="fl-a"/>
      </object_component>
      <object_component id="oc-132">
         <name>.text:LCD_setup</name>
         <load_address>0xab78</load_address>
         <run_address>0xab78</run_address>
         <size>0xe4</size>
         <input_file_ref idref="fl-e"/>
      </object_component>
      <object_component id="oc-85">
         <name>.text:PORT1_IRQHandler</name>
         <load_address>0xac5c</load_address>
         <run_address>0xac5c</run_address>
         <size>0xe0</size>
         <input_file_ref idref="fl-a"/>
      </object_component>
      <object_component id="oc-ab">
         <name>.text:_system_pre_init</name>
         <load_address>0xad3c</load_address>
         <run_address>0xad3c</run_address>
         <size>0x4</size>
         <input_file_ref idref="fl-110"/>
      </object_component>
      <object_component id="oc-43e">
         <name>.text</name>
         <load_address>0xad40</load_address>
         <run_address>0xad40</run_address>
         <size>0xe0</size>
         <input_file_ref idref="fl-34"/>
      </object_component>
      <object_component id="oc-4c8">
         <name>.text:Sharp96x96_Flush</name>
         <load_address>0xae20</load_address>
         <run_address>0xae20</run_address>
         <size>0xd8</size>
         <input_file_ref idref="fl-5"/>
      </object_component>
      <object_component id="oc-144">
         <name>.text:Leds_setColor2</name>
         <load_address>0xaef8</load_address>
         <run_address>0xaef8</run_address>
         <size>0xd0</size>
         <input_file_ref idref="fl-f"/>
      </object_component>
      <object_component id="oc-528">
         <name>.text:LCD_updateSelectedItem</name>
         <load_address>0xafc8</load_address>
         <run_address>0xafc8</run_address>
         <size>0xc4</size>
         <input_file_ref idref="fl-e"/>
      </object_component>
      <object_component id="oc-600">
         <name>.text:CS_getDCOFrequency</name>
         <load_address>0xb08c</load_address>
         <run_address>0xb08c</run_address>
         <size>0xb8</size>
         <input_file_ref idref="fl-3c"/>
      </object_component>
      <object_component id="oc-73b">
         <name>.text:_ltostr</name>
         <load_address>0xb144</load_address>
         <run_address>0xb144</run_address>
         <size>0xb1</size>
         <input_file_ref idref="fl-106"/>
      </object_component>
      <object_component id="oc-492">
         <name>.text:_CSComputeCLKFrequency</name>
         <load_address>0xb1f8</load_address>
         <run_address>0xb1f8</run_address>
         <size>0x9c</size>
         <input_file_ref idref="fl-3c"/>
      </object_component>
      <object_component id="oc-37">
         <name>.text</name>
         <load_address>0xb294</load_address>
         <run_address>0xb294</run_address>
         <size>0x9c</size>
         <input_file_ref idref="fl-fc"/>
      </object_component>
      <object_component id="oc-31f">
         <name>.text:MainMenu_processEvent</name>
         <load_address>0xb330</load_address>
         <run_address>0xb330</run_address>
         <size>0x98</size>
         <input_file_ref idref="fl-10"/>
      </object_component>
      <object_component id="oc-10e">
         <name>.text:systemSetup</name>
         <load_address>0xb3c8</load_address>
         <run_address>0xb3c8</run_address>
         <size>0x98</size>
         <input_file_ref idref="fl-2"/>
      </object_component>
      <object_component id="oc-44a">
         <name>.text</name>
         <load_address>0xb460</load_address>
         <run_address>0xb460</run_address>
         <size>0x98</size>
         <input_file_ref idref="fl-38"/>
      </object_component>
      <object_component id="oc-7a1">
         <name>.text</name>
         <load_address>0xb4f8</load_address>
         <run_address>0xb4f8</run_address>
         <size>0x96</size>
         <input_file_ref idref="fl-10d"/>
      </object_component>
      <object_component id="oc-52e">
         <name>.text:LCD_showMessage</name>
         <load_address>0xb590</load_address>
         <run_address>0xb590</run_address>
         <size>0x94</size>
         <input_file_ref idref="fl-e"/>
      </object_component>
      <object_component id="oc-4b6">
         <name>.text:Sharp96x96_LineDrawV</name>
         <load_address>0xb624</load_address>
         <run_address>0xb624</run_address>
         <size>0x94</size>
         <input_file_ref idref="fl-5"/>
      </object_component>
      <object_component id="oc-444">
         <name>.text</name>
         <load_address>0xb6b8</load_address>
         <run_address>0xb6b8</run_address>
         <size>0x94</size>
         <input_file_ref idref="fl-33"/>
      </object_component>
      <object_component id="oc-180">
         <name>.text:Buttons_shutdown</name>
         <load_address>0xb74c</load_address>
         <run_address>0xb74c</run_address>
         <size>0x8c</size>
         <input_file_ref idref="fl-a"/>
      </object_component>
      <object_component id="oc-7f">
         <name>.text:DMA_INT1_IRQHandler</name>
         <load_address>0xb7d8</load_address>
         <run_address>0xb7d8</run_address>
         <size>0x8c</size>
         <input_file_ref idref="fl-9"/>
      </object_component>
      <object_component id="oc-741">
         <name>.text:__aeabi_cdcmple</name>
         <load_address>0xb864</load_address>
         <run_address>0xb864</run_address>
         <size>0x86</size>
         <input_file_ref idref="fl-108"/>
      </object_component>
      <object_component id="oc-7b2">
         <name>.text:__aeabi_cdrcmple</name>
         <load_address>0xb8ea</load_address>
         <run_address>0xb8ea</run_address>
         <size>0x86</size>
         <input_file_ref idref="fl-108"/>
      </object_component>
      <object_component id="oc-660">
         <name>.text:Graphics_fillRectangle</name>
         <load_address>0xb970</load_address>
         <run_address>0xb970</run_address>
         <size>0x84</size>
         <input_file_ref idref="fl-24"/>
      </object_component>
      <object_component id="oc-4aa">
         <name>.text:Sharp96x96_DrawMultiple</name>
         <load_address>0xb9f4</load_address>
         <run_address>0xb9f4</run_address>
         <size>0x80</size>
         <input_file_ref idref="fl-5"/>
      </object_component>
      <object_component id="oc-cb">
         <name>.text:Sharp96x96_SendToggleVCOMCommand</name>
         <load_address>0xba74</load_address>
         <run_address>0xba74</run_address>
         <size>0x80</size>
         <input_file_ref idref="fl-5"/>
      </object_component>
      <object_component id="oc-519">
         <name>.text:Audio_stopCollect</name>
         <load_address>0xbaf4</load_address>
         <run_address>0xbaf4</run_address>
         <size>0x7c</size>
         <input_file_ref idref="fl-9"/>
      </object_component>
      <object_component id="oc-477">
         <name>.text:SPI_initMaster</name>
         <load_address>0xbb70</load_address>
         <run_address>0xbb70</run_address>
         <size>0x7c</size>
         <input_file_ref idref="fl-41"/>
      </object_component>
      <object_component id="oc-4ce">
         <name>.text:Sharp96x96_ClearScreen</name>
         <load_address>0xbbec</load_address>
         <run_address>0xbbec</run_address>
         <size>0x7c</size>
         <input_file_ref idref="fl-5"/>
      </object_component>
      <object_component id="oc-a5">
         <name>.text</name>
         <load_address>0xbc68</load_address>
         <run_address>0xbc68</run_address>
         <size>0x7a</size>
         <input_file_ref idref="fl-10e"/>
      </object_component>
      <object_component id="oc-c3">
         <name>.text:SystemInit</name>
         <load_address>0xbce4</load_address>
         <run_address>0xbce4</run_address>
         <size>0x78</size>
         <input_file_ref idref="fl-3"/>
      </object_component>
      <object_component id="oc-2a5">
         <name>.text:Sharp96x96_LCDInit</name>
         <load_address>0xbd5c</load_address>
         <run_address>0xbd5c</run_address>
         <size>0x74</size>
         <input_file_ref idref="fl-5"/>
      </object_component>
      <object_component id="oc-7d2">
         <name>.text:_mcpy</name>
         <load_address>0xbdd0</load_address>
         <run_address>0xbdd0</run_address>
         <size>0x6e</size>
         <input_file_ref idref="fl-106"/>
      </object_component>
      <object_component id="oc-4a4">
         <name>.text:Sharp96x96_PixelDraw</name>
         <load_address>0xbe40</load_address>
         <run_address>0xbe40</run_address>
         <size>0x6c</size>
         <input_file_ref idref="fl-5"/>
      </object_component>
      <object_component id="oc-12c">
         <name>.text:Audio_setupCollect</name>
         <load_address>0xbeac</load_address>
         <run_address>0xbeac</run_address>
         <size>0x68</size>
         <input_file_ref idref="fl-9"/>
      </object_component>
      <object_component id="oc-4e5">
         <name>.text:Graphics_getStringWidth</name>
         <load_address>0xbf14</load_address>
         <run_address>0xbf14</run_address>
         <size>0x68</size>
         <input_file_ref idref="fl-25"/>
      </object_component>
      <object_component id="oc-17">
         <name>.text:decompress:lzss:__TI_decompress_lzss</name>
         <load_address>0xbf7c</load_address>
         <run_address>0xbf7c</run_address>
         <size>0x68</size>
         <input_file_ref idref="fl-ff"/>
      </object_component>
      <object_component id="oc-d8">
         <name>.text:Interrupt_disableInterrupt</name>
         <load_address>0xbfe4</load_address>
         <run_address>0xbfe4</run_address>
         <size>0x64</size>
         <input_file_ref idref="fl-3e"/>
      </object_component>
      <object_component id="oc-120">
         <name>.text:VCD_initModelsList</name>
         <load_address>0xc048</load_address>
         <run_address>0xc048</run_address>
         <size>0x64</size>
         <input_file_ref idref="fl-15"/>
      </object_component>
      <object_component id="oc-7e7">
         <name>.text:frexp</name>
         <load_address>0xc0ac</load_address>
         <run_address>0xc0ac</run_address>
         <size>0x64</size>
         <input_file_ref idref="fl-11a"/>
      </object_component>
      <object_component id="oc-617">
         <name>.text:reverse</name>
         <load_address>0xc110</load_address>
         <run_address>0xc110</run_address>
         <size>0x62</size>
         <input_file_ref idref="fl-6"/>
      </object_component>
      <object_component id="oc-61e">
         <name>.text:Sharp96x96_InitializeDisplayBuffer</name>
         <load_address>0xc174</load_address>
         <run_address>0xc174</run_address>
         <size>0x58</size>
         <input_file_ref idref="fl-5"/>
      </object_component>
      <object_component id="oc-74c">
         <name>.text:_pconv_f</name>
         <load_address>0xc1cc</load_address>
         <run_address>0xc1cc</run_address>
         <size>0x56</size>
         <input_file_ref idref="fl-106"/>
      </object_component>
      <object_component id="oc-6ef">
         <name>.text:SysCtl_A_getTLVInfo</name>
         <load_address>0xc224</load_address>
         <run_address>0xc224</run_address>
         <size>0x54</size>
         <input_file_ref idref="fl-42"/>
      </object_component>
      <object_component id="oc-7bc">
         <name>.text:__TI_ltoa</name>
         <load_address>0xc278</load_address>
         <run_address>0xc278</run_address>
         <size>0x54</size>
         <input_file_ref idref="fl-112"/>
      </object_component>
      <object_component id="oc-7cc">
         <name>.text:_ecpy</name>
         <load_address>0xc2cc</load_address>
         <run_address>0xc2cc</run_address>
         <size>0x52</size>
         <input_file_ref idref="fl-106"/>
      </object_component>
      <object_component id="oc-46b">
         <name>.text:GPIO_setAsPeripheralModuleFunctionOutputPin</name>
         <load_address>0xc320</load_address>
         <run_address>0xc320</run_address>
         <size>0x4c</size>
         <input_file_ref idref="fl-3d"/>
      </object_component>
      <object_component id="oc-6f5">
         <name>.text:_CSGetDOCFrequency</name>
         <load_address>0xc36c</load_address>
         <run_address>0xc36c</run_address>
         <size>0x4c</size>
         <input_file_ref idref="fl-3c"/>
      </object_component>
      <object_component id="oc-735">
         <name>.text:atoi</name>
         <load_address>0xc3b8</load_address>
         <run_address>0xc3b8</run_address>
         <size>0x4c</size>
         <input_file_ref idref="fl-114"/>
      </object_component>
      <object_component id="oc-4f3">
         <name>.text:Graphics_drawLineH</name>
         <load_address>0xc404</load_address>
         <run_address>0xc404</run_address>
         <size>0x4a</size>
         <input_file_ref idref="fl-26"/>
      </object_component>
      <object_component id="oc-5fa">
         <name>.text:_CSGetDividerValue</name>
         <load_address>0xc44e</load_address>
         <run_address>0xc44e</run_address>
         <size>0x48</size>
         <input_file_ref idref="fl-3c"/>
      </object_component>
      <object_component id="oc-7b7">
         <name>.text</name>
         <load_address>0xc496</load_address>
         <run_address>0xc496</run_address>
         <size>0x48</size>
         <input_file_ref idref="fl-10b"/>
      </object_component>
      <object_component id="oc-18c">
         <name>.text:LCD_shutdown</name>
         <load_address>0xc4e0</load_address>
         <run_address>0xc4e0</run_address>
         <size>0x44</size>
         <input_file_ref idref="fl-e"/>
      </object_component>
      <object_component id="oc-1c7">
         <name>.text:__TI_auto_init_nobinit_nopinit:__TI_auto_init_nobinit_nopinit</name>
         <load_address>0xc524</load_address>
         <run_address>0xc524</run_address>
         <size>0x44</size>
         <input_file_ref idref="fl-10f"/>
      </object_component>
      <object_component id="oc-513">
         <name>.text:Menus_nextItem</name>
         <load_address>0xc568</load_address>
         <run_address>0xc568</run_address>
         <size>0x42</size>
         <input_file_ref idref="fl-11"/>
      </object_component>
      <object_component id="oc-540">
         <name>.text:sprintf</name>
         <load_address>0xc5ac</load_address>
         <run_address>0xc5ac</run_address>
         <size>0x40</size>
         <input_file_ref idref="fl-fb"/>
      </object_component>
      <object_component id="oc-7df">
         <name>.text:_fcpy</name>
         <load_address>0xc5ec</load_address>
         <run_address>0xc5ec</run_address>
         <size>0x3e</size>
         <input_file_ref idref="fl-106"/>
      </object_component>
      <object_component id="oc-2eb">
         <name>.text:Graphics_drawStringCentered</name>
         <load_address>0xc62a</load_address>
         <run_address>0xc62a</run_address>
         <size>0x38</size>
         <input_file_ref idref="fl-25"/>
      </object_component>
      <object_component id="oc-55">
         <name>.text:_c_int00_noargs:_c_int00_noargs</name>
         <load_address>0xc664</load_address>
         <run_address>0xc664</run_address>
         <size>0x34</size>
         <input_file_ref idref="fl-105"/>
      </object_component>
      <object_component id="oc-393">
         <name>.text:is_A_Module</name>
         <load_address>0xc698</load_address>
         <run_address>0xc698</run_address>
         <size>0x30</size>
         <input_file_ref idref="fl-41"/>
      </object_component>
      <object_component id="oc-7c2">
         <name>.text</name>
         <load_address>0xc6c8</load_address>
         <run_address>0xc6c8</run_address>
         <size>0x2e</size>
         <input_file_ref idref="fl-10c"/>
      </object_component>
      <object_component id="oc-2e5">
         <name>.text:LCD_clear</name>
         <load_address>0xc6f8</load_address>
         <run_address>0xc6f8</run_address>
         <size>0x2c</size>
         <input_file_ref idref="fl-e"/>
      </object_component>
      <object_component id="oc-2f7">
         <name>.text:LCD_flush</name>
         <load_address>0xc724</load_address>
         <run_address>0xc724</run_address>
         <size>0x2c</size>
         <input_file_ref idref="fl-e"/>
      </object_component>
      <object_component id="oc-186">
         <name>.text:Leds_shutdown</name>
         <load_address>0xc750</load_address>
         <run_address>0xc750</run_address>
         <size>0x28</size>
         <input_file_ref idref="fl-f"/>
      </object_component>
      <object_component id="oc-162">
         <name>.text:PCM_gotoLPM0</name>
         <load_address>0xc778</load_address>
         <run_address>0xc778</run_address>
         <size>0x28</size>
         <input_file_ref idref="fl-3f"/>
      </object_component>
      <object_component id="oc-5b8">
         <name>.text:memmove</name>
         <load_address>0xc7a0</load_address>
         <run_address>0xc7a0</run_address>
         <size>0x28</size>
         <input_file_ref idref="fl-102"/>
      </object_component>
      <object_component id="oc-2ff">
         <name>.text:Timer_A_initCompare</name>
         <load_address>0xc7c8</load_address>
         <run_address>0xc7c8</run_address>
         <size>0x26</size>
         <input_file_ref idref="fl-43"/>
      </object_component>
      <object_component id="oc-606">
         <name>.text:CS_clearInterruptFlag</name>
         <load_address>0xc7f0</load_address>
         <run_address>0xc7f0</run_address>
         <size>0x24</size>
         <input_file_ref idref="fl-3c"/>
      </object_component>
      <object_component id="oc-471">
         <name>.text:GPIO_setAsOutputPin</name>
         <load_address>0xc814</load_address>
         <run_address>0xc814</run_address>
         <size>0x24</size>
         <input_file_ref idref="fl-3d"/>
      </object_component>
      <object_component id="oc-2ab">
         <name>.text:Graphics_initContext</name>
         <load_address>0xc838</load_address>
         <run_address>0xc838</run_address>
         <size>0x22</size>
         <input_file_ref idref="fl-22"/>
      </object_component>
      <object_component id="oc-200">
         <name>.text:SPI_transmitData</name>
         <load_address>0xc85a</load_address>
         <run_address>0xc85a</run_address>
         <size>0x20</size>
         <input_file_ref idref="fl-41"/>
      </object_component>
      <object_component id="oc-73">
         <name>.text:TA2_0_IRQHandler</name>
         <load_address>0xc87c</load_address>
         <run_address>0xc87c</run_address>
         <size>0x20</size>
         <input_file_ref idref="fl-e"/>
      </object_component>
      <object_component id="oc-715">
         <name>.text:strcat</name>
         <load_address>0xc89c</load_address>
         <run_address>0xc89c</run_address>
         <size>0x1e</size>
         <input_file_ref idref="fl-103"/>
      </object_component>
      <object_component id="oc-206">
         <name>.text:EUSCI_B_SPI_isBusy</name>
         <load_address>0xc8bc</load_address>
         <run_address>0xc8bc</run_address>
         <size>0x1c</size>
         <input_file_ref idref="fl-41"/>
      </object_component>
      <object_component id="oc-eb">
         <name>.text:Timer_A_getCounterValue</name>
         <load_address>0xc8d8</load_address>
         <run_address>0xc8d8</run_address>
         <size>0x1c</size>
         <input_file_ref idref="fl-43"/>
      </object_component>
      <object_component id="oc-75e">
         <name>.text:memccpy</name>
         <load_address>0xc8f4</load_address>
         <run_address>0xc8f4</run_address>
         <size>0x1c</size>
         <input_file_ref idref="fl-116"/>
      </object_component>
      <object_component id="oc-53a">
         <name>.text:Audio_getActiveBuffer</name>
         <load_address>0xc910</load_address>
         <run_address>0xc910</run_address>
         <size>0x1a</size>
         <input_file_ref idref="fl-9"/>
      </object_component>
      <object_component id="oc-4ed">
         <name>.text:Graphics_getNumberOfLeadingZeros</name>
         <load_address>0xc92a</load_address>
         <run_address>0xc92a</run_address>
         <size>0x1a</size>
         <input_file_ref idref="fl-25"/>
      </object_component>
      <object_component id="oc-47d">
         <name>.text:SPI_enableModule</name>
         <load_address>0xc944</load_address>
         <run_address>0xc944</run_address>
         <size>0x1a</size>
         <input_file_ref idref="fl-41"/>
      </object_component>
      <object_component id="oc-83f">
         <name>.text:copysign</name>
         <load_address>0xc95e</load_address>
         <run_address>0xc95e</run_address>
         <size>0x1a</size>
         <input_file_ref idref="fl-11d"/>
      </object_component>
      <object_component id="oc-17a">
         <name>.text:Audio_shutdownCollect</name>
         <load_address>0xc978</load_address>
         <run_address>0xc978</run_address>
         <size>0x18</size>
         <input_file_ref idref="fl-9"/>
      </object_component>
      <object_component id="oc-2c3">
         <name>.text:CS_getACLK</name>
         <load_address>0xc990</load_address>
         <run_address>0xc990</run_address>
         <size>0x18</size>
         <input_file_ref idref="fl-3c"/>
      </object_component>
      <object_component id="oc-667">
         <name>.text:CS_getSMCLK</name>
         <load_address>0xc9a8</load_address>
         <run_address>0xc9a8</run_address>
         <size>0x18</size>
         <input_file_ref idref="fl-3c"/>
      </object_component>
      <object_component id="oc-20c">
         <name>.text:GPIO_setOutputLowOnPin</name>
         <load_address>0xc9c0</load_address>
         <run_address>0xc9c0</run_address>
         <size>0x18</size>
         <input_file_ref idref="fl-3d"/>
      </object_component>
      <object_component id="oc-13e">
         <name>.text:Leds_off1</name>
         <load_address>0xc9d8</load_address>
         <run_address>0xc9d8</run_address>
         <size>0x18</size>
         <input_file_ref idref="fl-f"/>
      </object_component>
      <object_component id="oc-709">
         <name>.text:Leds_on1</name>
         <load_address>0xc9f0</load_address>
         <run_address>0xc9f0</run_address>
         <size>0x18</size>
         <input_file_ref idref="fl-f"/>
      </object_component>
      <object_component id="oc-67b">
         <name>.text:_outs</name>
         <load_address>0xca08</load_address>
         <run_address>0xca08</run_address>
         <size>0x18</size>
         <input_file_ref idref="fl-fb"/>
      </object_component>
      <object_component id="oc-634">
         <name>.text:Graphics_drawHorizontalLineOnDisplay</name>
         <load_address>0xca20</load_address>
         <run_address>0xca20</run_address>
         <size>0x16</size>
         <input_file_ref idref="fl-23"/>
      </object_component>
      <object_component id="oc-7f3">
         <name>.text:strchr</name>
         <load_address>0xca36</load_address>
         <run_address>0xca36</run_address>
         <size>0x16</size>
         <input_file_ref idref="fl-117"/>
      </object_component>
      <object_component id="oc-1fa">
         <name>.text:GPIO_setOutputHighOnPin</name>
         <load_address>0xca4c</load_address>
         <run_address>0xca4c</run_address>
         <size>0x14</size>
         <input_file_ref idref="fl-3d"/>
      </object_component>
      <object_component id="oc-d2">
         <name>.text:Interrupt_disableSleepOnIsrExit</name>
         <load_address>0xca60</load_address>
         <run_address>0xca60</run_address>
         <size>0x14</size>
         <input_file_ref idref="fl-3e"/>
      </object_component>
      <object_component id="oc-15c">
         <name>.text:Interrupt_enableSleepOnIsrExit</name>
         <load_address>0xca74</load_address>
         <run_address>0xca74</run_address>
         <size>0x14</size>
         <input_file_ref idref="fl-3e"/>
      </object_component>
      <object_component id="oc-70f">
         <name>.text:strcpy</name>
         <load_address>0xca88</load_address>
         <run_address>0xca88</run_address>
         <size>0x14</size>
         <input_file_ref idref="fl-104"/>
      </object_component>
      <object_component id="oc-72f">
         <name>.text:strlen</name>
         <load_address>0xca9c</load_address>
         <run_address>0xca9c</run_address>
         <size>0x14</size>
         <input_file_ref idref="fl-118"/>
      </object_component>
      <object_component id="oc-4c2">
         <name>.text:Sharp96x96_ColorTranslate</name>
         <load_address>0xcab0</load_address>
         <run_address>0xcab0</run_address>
         <size>0x12</size>
         <input_file_ref idref="fl-5"/>
      </object_component>
      <object_component id="oc-764">
         <name>.text:wcslen</name>
         <load_address>0xcac2</load_address>
         <run_address>0xcac2</run_address>
         <size>0x12</size>
         <input_file_ref idref="fl-11c"/>
      </object_component>
      <object_component id="oc-174">
         <name>.text:Audio_resetActive</name>
         <load_address>0xcad4</load_address>
         <run_address>0xcad4</run_address>
         <size>0x10</size>
         <input_file_ref idref="fl-9"/>
      </object_component>
      <object_component id="oc-168">
         <name>.text:Buttons_clearButton1</name>
         <load_address>0xcae4</load_address>
         <run_address>0xcae4</run_address>
         <size>0x10</size>
         <input_file_ref idref="fl-a"/>
      </object_component>
      <object_component id="oc-16e">
         <name>.text:Buttons_clearButton2</name>
         <load_address>0xcaf4</load_address>
         <run_address>0xcaf4</run_address>
         <size>0x10</size>
         <input_file_ref idref="fl-a"/>
      </object_component>
      <object_component id="oc-14a">
         <name>.text:Audio_getActive</name>
         <load_address>0xcb04</load_address>
         <run_address>0xcb04</run_address>
         <size>0xe</size>
         <input_file_ref idref="fl-9"/>
      </object_component>
      <object_component id="oc-150">
         <name>.text:Buttons_getButton1</name>
         <load_address>0xcb12</load_address>
         <run_address>0xcb12</run_address>
         <size>0xe</size>
         <input_file_ref idref="fl-a"/>
      </object_component>
      <object_component id="oc-156">
         <name>.text:Buttons_getButton2</name>
         <load_address>0xcb20</load_address>
         <run_address>0xcb20</run_address>
         <size>0xe</size>
         <input_file_ref idref="fl-a"/>
      </object_component>
      <object_component id="oc-4f9">
         <name>.text:Graphics_drawPixelOnDisplay</name>
         <load_address>0xcb2e</load_address>
         <run_address>0xcb2e</run_address>
         <size>0xe</size>
         <input_file_ref idref="fl-23"/>
      </object_component>
      <object_component id="oc-2b7">
         <name>.text:Graphics_setBackgroundColor</name>
         <load_address>0xcb3c</load_address>
         <run_address>0xcb3c</run_address>
         <size>0xe</size>
         <input_file_ref idref="fl-22"/>
      </object_component>
      <object_component id="oc-2b1">
         <name>.text:Graphics_setForegroundColor</name>
         <load_address>0xcb4a</load_address>
         <run_address>0xcb4a</run_address>
         <size>0xe</size>
         <input_file_ref idref="fl-22"/>
      </object_component>
      <object_component id="oc-1d">
         <name>.text:decompress:none:__TI_decompress_none</name>
         <load_address>0xcb58</load_address>
         <run_address>0xcb58</run_address>
         <size>0xe</size>
         <input_file_ref idref="fl-fe"/>
      </object_component>
      <object_component id="oc-5ed">
         <name>.text:EUSCI_A_SPI_enable</name>
         <load_address>0xcb66</load_address>
         <run_address>0xcb66</run_address>
         <size>0xc</size>
         <input_file_ref idref="fl-41"/>
      </object_component>
      <object_component id="oc-5e7">
         <name>.text:EUSCI_B_SPI_enable</name>
         <load_address>0xcb72</load_address>
         <run_address>0xcb72</run_address>
         <size>0xc</size>
         <input_file_ref idref="fl-41"/>
      </object_component>
      <object_component id="oc-67">
         <name>.text:Reset_Handler</name>
         <load_address>0xcb7e</load_address>
         <run_address>0xcb7e</run_address>
         <size>0xc</size>
         <input_file_ref idref="fl-8"/>
      </object_component>
      <object_component id="oc-49">
         <name>.text:decompress:ZI:__TI_zero_init</name>
         <load_address>0xcb8a</load_address>
         <run_address>0xcb8a</run_address>
         <size>0xc</size>
         <input_file_ref idref="fl-fd"/>
      </object_component>
      <object_component id="oc-4de">
         <name>.text:Graphics_clearDisplay</name>
         <load_address>0xcb96</load_address>
         <run_address>0xcb96</run_address>
         <size>0xa</size>
         <input_file_ref idref="fl-22"/>
      </object_component>
      <object_component id="oc-629">
         <name>.text:Graphics_clearDisplayOnDisplay</name>
         <load_address>0xcba0</load_address>
         <run_address>0xcba0</run_address>
         <size>0xa</size>
         <input_file_ref idref="fl-23"/>
      </object_component>
      <object_component id="oc-722">
         <name>.text:Graphics_fillRectangleOnDisplay</name>
         <load_address>0xcbaa</load_address>
         <run_address>0xcbaa</run_address>
         <size>0xa</size>
         <input_file_ref idref="fl-23"/>
      </object_component>
      <object_component id="oc-63d">
         <name>.text:Graphics_flushOnDisplay</name>
         <load_address>0xcbb4</load_address>
         <run_address>0xcbb4</run_address>
         <size>0xa</size>
         <input_file_ref idref="fl-23"/>
      </object_component>
      <object_component id="oc-489">
         <name>.text:Graphics_translateColorOnDisplay</name>
         <load_address>0xcbbe</load_address>
         <run_address>0xcbbe</run_address>
         <size>0xa</size>
         <input_file_ref idref="fl-23"/>
      </object_component>
      <object_component id="oc-681">
         <name>.text:_outc</name>
         <load_address>0xcbc8</load_address>
         <run_address>0xcbc8</run_address>
         <size>0xa</size>
         <input_file_ref idref="fl-fb"/>
      </object_component>
      <object_component id="oc-76a">
         <name>.text:__aeabi_errno_addr</name>
         <load_address>0xcbd4</load_address>
         <run_address>0xcbd4</run_address>
         <size>0x8</size>
         <input_file_ref idref="fl-119"/>
      </object_component>
      <object_component id="oc-1bb">
         <name>.text:abort:abort</name>
         <load_address>0xcbdc</load_address>
         <run_address>0xcbdc</run_address>
         <size>0x4</size>
         <input_file_ref idref="fl-100"/>
      </object_component>
      <object_component id="oc-25b">
         <name>.const:VCD_modelsMemory</name>
         <load_address>0xd000</load_address>
         <run_address>0xd000</run_address>
         <size>0x8000</size>
         <input_file_ref idref="fl-15"/>
      </object_component>
      <object_component id="oc-5cf">
         <name>.const:fb_coef_data</name>
         <load_address>0x15000</load_address>
         <run_address>0x15000</run_address>
         <size>0x578</size>
         <input_file_ref idref="fl-30"/>
      </object_component>
      <object_component id="oc-4d6">
         <name>.const:.string:g_pucFontFixed6x8Data</name>
         <load_address>0x15578</load_address>
         <run_address>0x15578</run_address>
         <size>0x2f8</size>
         <input_file_ref idref="fl-17"/>
      </object_component>
      <object_component id="oc-5b5">
         <name>.const:window_coef</name>
         <load_address>0x15870</load_address>
         <run_address>0x15870</run_address>
         <size>0x1e0</size>
         <input_file_ref idref="fl-30"/>
      </object_component>
      <object_component id="oc-3e2">
         <name>.const:Filler_data</name>
         <load_address>0x15a50</load_address>
         <run_address>0x15a50</run_address>
         <size>0x168</size>
         <input_file_ref idref="fl-2c"/>
      </object_component>
      <object_component id="oc-45f">
         <name>.const:transform</name>
         <load_address>0x15bb8</load_address>
         <run_address>0x15bb8</run_address>
         <size>0x140</size>
         <input_file_ref idref="fl-30"/>
      </object_component>
      <object_component id="oc-6ba">
         <name>.const:$O1$$</name>
         <load_address>0x15cf8</load_address>
         <run_address>0x15cf8</run_address>
         <size>0x104</size>
         <input_file_ref idref="fl-39"/>
      </object_component>
      <object_component id="oc-79c">
         <name>.const:.string:_ctypes_</name>
         <load_address>0x15dfc</load_address>
         <run_address>0x15dfc</run_address>
         <size>0x101</size>
         <input_file_ref idref="fl-115"/>
      </object_component>
      <object_component id="oc-2d5">
         <name>.const:g_sFontFixed6x8</name>
         <load_address>0x15f00</load_address>
         <run_address>0x15f00</run_address>
         <size>0xc8</size>
         <input_file_ref idref="fl-17"/>
      </object_component>
      <object_component id="oc-35d">
         <name>.const:.string</name>
         <load_address>0x15fc8</load_address>
         <run_address>0x15fc8</run_address>
         <size>0x56</size>
         <input_file_ref idref="fl-b"/>
      </object_component>
      <object_component id="oc-33f">
         <name>.const:.string</name>
         <load_address>0x16020</load_address>
         <run_address>0x16020</run_address>
         <size>0x56</size>
         <input_file_ref idref="fl-d"/>
      </object_component>
      <object_component id="oc-34e">
         <name>.const:.string</name>
         <load_address>0x16078</load_address>
         <run_address>0x16078</run_address>
         <size>0x56</size>
         <input_file_ref idref="fl-14"/>
      </object_component>
      <object_component id="oc-31b">
         <name>.const:.string</name>
         <load_address>0x160d0</load_address>
         <run_address>0x160d0</run_address>
         <size>0x46</size>
         <input_file_ref idref="fl-10"/>
      </object_component>
      <object_component id="oc-38e">
         <name>.const:GPIO_PORT_TO_BASE</name>
         <load_address>0x16118</load_address>
         <run_address>0x16118</run_address>
         <size>0x30</size>
         <input_file_ref idref="fl-3d"/>
      </object_component>
      <object_component id="oc-648">
         <name>.const:.string</name>
         <load_address>0x16148</load_address>
         <run_address>0x16148</run_address>
         <size>0x24</size>
         <input_file_ref idref="fl-12"/>
      </object_component>
      <object_component id="oc-35e">
         <name>.const:deleteItems</name>
         <load_address>0x1616c</load_address>
         <run_address>0x1616c</run_address>
         <size>0x24</size>
         <input_file_ref idref="fl-b"/>
      </object_component>
      <object_component id="oc-340">
         <name>.const:enrollItems</name>
         <load_address>0x16190</load_address>
         <run_address>0x16190</run_address>
         <size>0x24</size>
         <input_file_ref idref="fl-d"/>
      </object_component>
      <object_component id="oc-34f">
         <name>.const:updateItems</name>
         <load_address>0x161b4</load_address>
         <run_address>0x161b4</run_address>
         <size>0x24</size>
         <input_file_ref idref="fl-14"/>
      </object_component>
      <object_component id="oc-2d2">
         <name>.const:g_sharp96x96LCD_funcs</name>
         <load_address>0x161d8</load_address>
         <run_address>0x161d8</run_address>
         <size>0x20</size>
         <input_file_ref idref="fl-5"/>
      </object_component>
      <object_component id="oc-483">
         <name>.const:$P$T0$1</name>
         <load_address>0x161f8</load_address>
         <run_address>0x161f8</run_address>
         <size>0x1c</size>
         <input_file_ref idref="fl-5"/>
      </object_component>
      <object_component id="oc-66d">
         <name>.const:$P$T0$1</name>
         <load_address>0x16214</load_address>
         <run_address>0x16214</run_address>
         <size>0x18</size>
         <input_file_ref idref="fl-9"/>
      </object_component>
      <object_component id="oc-2c9">
         <name>.const:$P$T0$1</name>
         <load_address>0x1622c</load_address>
         <run_address>0x1622c</run_address>
         <size>0x18</size>
         <input_file_ref idref="fl-e"/>
      </object_component>
      <object_component id="oc-248">
         <name>.const:$P$T0$1</name>
         <load_address>0x16244</load_address>
         <run_address>0x16244</run_address>
         <size>0x18</size>
         <input_file_ref idref="fl-f"/>
      </object_component>
      <object_component id="oc-5a8">
         <name>.const:oneoverx</name>
         <load_address>0x1625c</load_address>
         <run_address>0x1625c</run_address>
         <size>0x16</size>
         <input_file_ref idref="fl-2e"/>
      </object_component>
      <object_component id="oc-252">
         <name>.const:$P$T0$1</name>
         <load_address>0x16274</load_address>
         <run_address>0x16274</run_address>
         <size>0x10</size>
         <input_file_ref idref="fl-a"/>
      </object_component>
      <object_component id="oc-670">
         <name>.const:$P$T1$2</name>
         <load_address>0x16284</load_address>
         <run_address>0x16284</run_address>
         <size>0x10</size>
         <input_file_ref idref="fl-9"/>
      </object_component>
      <object_component id="oc-24b">
         <name>.const:$P$T1$2</name>
         <load_address>0x16294</load_address>
         <run_address>0x16294</run_address>
         <size>0x10</size>
         <input_file_ref idref="fl-f"/>
      </object_component>
      <object_component id="oc-305">
         <name>.const:$P$T2$3</name>
         <load_address>0x162a4</load_address>
         <run_address>0x162a4</run_address>
         <size>0x10</size>
         <input_file_ref idref="fl-f"/>
      </object_component>
      <object_component id="oc-31c">
         <name>.const:mainItems</name>
         <load_address>0x162b4</load_address>
         <run_address>0x162b4</run_address>
         <size>0x10</size>
         <input_file_ref idref="fl-10"/>
      </object_component>
      <object_component id="oc-24e">
         <name>.const:.string:leds_mapping</name>
         <load_address>0x162c4</load_address>
         <run_address>0x162c4</run_address>
         <size>0x8</size>
         <input_file_ref idref="fl-f"/>
      </object_component>
      <object_component id="oc-219">
         <name>.const:g_pulDisRegs</name>
         <load_address>0x162cc</load_address>
         <run_address>0x162cc</run_address>
         <size>0x8</size>
         <input_file_ref idref="fl-3e"/>
      </object_component>
      <object_component id="oc-649">
         <name>.const:recognizeItems</name>
         <load_address>0x162d4</load_address>
         <run_address>0x162d4</run_address>
         <size>0x8</size>
         <input_file_ref idref="fl-12"/>
      </object_component>
      <object_component id="oc-5be">
         <name>.const</name>
         <load_address>0x162dc</load_address>
         <run_address>0x162dc</run_address>
         <size>0x4</size>
         <input_file_ref idref="fl-30"/>
      </object_component>
      <object_component id="oc-89d">
         <name>.cinit..data.load</name>
         <load_address>0xcbe0</load_address>
         <run_address>0xcbe0</run_address>
         <size>0x89</size>
      </object_component>
      <object_component id="oc-89b">
         <name>__TI_handler_table</name>
         <load_address>0xcc6c</load_address>
         <run_address>0xcc6c</run_address>
         <size>0xc</size>
      </object_component>
      <object_component id="oc-89e">
         <name>.cinit..bss.load</name>
         <load_address>0xcc78</load_address>
         <run_address>0xcc78</run_address>
         <size>0x8</size>
      </object_component>
      <object_component id="oc-89c">
         <name>__TI_cinit_table</name>
         <load_address>0xcc80</load_address>
         <run_address>0xcc80</run_address>
         <size>0x10</size>
      </object_component>
      <object_component id="oc-86f">
         <name>.binit</name>
         <load_address>0x0</load_address>
         <run_address>0x0</run_address>
         <size>0x0</size>
      </object_component>
      <object_component id="oc-212">
         <name>.data</name>
         <load_address>0x20003ad6</load_address>
         <run_address>0x20003ad6</run_address>
         <size>0x2</size>
         <input_file_ref idref="fl-5"/>
      </object_component>
      <object_component id="oc-2cf">
         <name>.data:g_sharp96x96LCD</name>
         <load_address>0x20003a90</load_address>
         <run_address>0x20003a90</run_address>
         <size>0x10</size>
         <input_file_ref idref="fl-5"/>
      </object_component>
      <object_component id="oc-367">
         <name>.data:itemState</name>
         <load_address>0x20003aa0</load_address>
         <run_address>0x20003aa0</run_address>
         <size>0x9</size>
         <input_file_ref idref="fl-b"/>
      </object_component>
      <object_component id="oc-1a2">
         <name>.data:DeleteMenu</name>
         <load_address>0x20003a2c</load_address>
         <run_address>0x20003a2c</run_address>
         <size>0x14</size>
         <input_file_ref idref="fl-b"/>
      </object_component>
      <object_component id="oc-349">
         <name>.data:itemState</name>
         <load_address>0x20003aa9</load_address>
         <run_address>0x20003aa9</run_address>
         <size>0x9</size>
         <input_file_ref idref="fl-d"/>
      </object_component>
      <object_component id="oc-546">
         <name>.data:enrollState</name>
         <load_address>0x20003abc</load_address>
         <run_address>0x20003abc</run_address>
         <size>0x8</size>
         <input_file_ref idref="fl-d"/>
      </object_component>
      <object_component id="oc-19c">
         <name>.data:EnrollMenu</name>
         <load_address>0x20003a40</load_address>
         <run_address>0x20003a40</run_address>
         <size>0x14</size>
         <input_file_ref idref="fl-d"/>
      </object_component>
      <object_component id="oc-325">
         <name>.data:mainItemState</name>
         <load_address>0x20003acc</load_address>
         <run_address>0x20003acc</run_address>
         <size>0x5</size>
         <input_file_ref idref="fl-10"/>
      </object_component>
      <object_component id="oc-192">
         <name>.data:MainMenu</name>
         <load_address>0x20003a54</load_address>
         <run_address>0x20003a54</run_address>
         <size>0x14</size>
         <input_file_ref idref="fl-10"/>
      </object_component>
      <object_component id="oc-652">
         <name>.data:itemState</name>
         <load_address>0x20003adc</load_address>
         <run_address>0x20003adc</run_address>
         <size>0x2</size>
         <input_file_ref idref="fl-12"/>
      </object_component>
      <object_component id="oc-51f">
         <name>.data:RecognizeMenu</name>
         <load_address>0x20003a68</load_address>
         <run_address>0x20003a68</run_address>
         <size>0x14</size>
         <input_file_ref idref="fl-12"/>
      </object_component>
      <object_component id="oc-71b">
[...]
      <symbol id="sm-c7c">
         <name>VAD_setFastCoef</name>
         <value>0x7069</value>
         <object_component_ref idref="oc-426"/>
      </symbol>
      <symbol id="sm-c7d">
         <name>VAD_setNoiseRate</name>
         <value>0x7051</value>
         <object_component_ref idref="oc-426"/>
      </symbol>
      <symbol id="sm-c7e">
         <name>VAD_setAlpha</name>
         <value>0x7079</value>
         <object_component_ref idref="oc-426"/>
      </symbol>
      <symbol id="sm-c7f">
         <name>VAD_setSignalFloor</name>
         <value>0x7039</value>
         <object_component_ref idref="oc-426"/>
      </symbol>
      <symbol id="sm-c80">
         <name>VAD_setDelayFrames</name>
         <value>0x7071</value>
         <object_component_ref idref="oc-426"/>
      </symbol>
      <symbol id="sm-c81">
         <name>VAD_setSigSNRThresh</name>
         <value>0x7041</value>
         <object_component_ref idref="oc-426"/>
      </symbol>
      <symbol id="sm-c82">
         <name>VAD_getSigSNRThresh</name>
         <value>0x73b1</value>
         <object_component_ref idref="oc-426"/>
      </symbol>
      <symbol id="sm-c83">
         <name>VAD_getSigSNRLimit</name>
         <value>0x73b9</value>
         <object_component_ref idref="oc-426"/>
      </symbol>
      <symbol id="sm-c84">
         <name>VAD_getNoiseRate</name>
         <value>0x73c1</value>
         <object_component_ref idref="oc-426"/>
      </symbol>
      <symbol id="sm-d05">
         <name>CS_getACLK</name>
         <value>0xc991</value>
         <object_component_ref idref="oc-2c3"/>
      </symbol>
      <symbol id="sm-d06">
         <name>CS_clearInterruptFlag</name>
         <value>0xc7f1</value>
         <object_component_ref idref="oc-606"/>
      </symbol>
      <symbol id="sm-d07">
         <name>CS_getDCOFrequency</name>
         <value>0xb08d</value>
         <object_component_ref idref="oc-600"/>
      </symbol>
      <symbol id="sm-d08">
         <name>CS_getSMCLK</name>
         <value>0xc9a9</value>
         <object_component_ref idref="oc-667"/>
      </symbol>
      <symbol id="sm-d41">
         <name>GPIO_setOutputHighOnPin</name>
         <value>0xca4d</value>
         <object_component_ref idref="oc-1fa"/>
      </symbol>
      <symbol id="sm-d42">
         <name>GPIO_setAsOutputPin</name>
         <value>0xc815</value>
         <object_component_ref idref="oc-471"/>
      </symbol>
      <symbol id="sm-d43">
         <name>GPIO_setOutputLowOnPin</name>
         <value>0xc9c1</value>
         <object_component_ref idref="oc-20c"/>
      </symbol>
      <symbol id="sm-d44">
         <name>GPIO_setAsPeripheralModuleFunctionOutputPin</name>
         <value>0xc321</value>
         <object_component_ref idref="oc-46b"/>
      </symbol>
      <symbol id="sm-d77">
         <name>Interrupt_disableInterrupt</name>
         <value>0xbfe5</value>
         <object_component_ref idref="oc-d8"/>
      </symbol>
      <symbol id="sm-d78">
         <name>Interrupt_enableSleepOnIsrExit</name>
         <value>0xca75</value>
         <object_component_ref idref="oc-15c"/>
      </symbol>
      <symbol id="sm-d79">
         <name>Interrupt_disableSleepOnIsrExit</name>
         <value>0xca61</value>
         <object_component_ref idref="oc-d2"/>
      </symbol>
      <symbol id="sm-d87">
         <name>PCM_gotoLPM0</name>
         <value>0xc779</value>
         <object_component_ref idref="oc-162"/>
      </symbol>
      <symbol id="sm-de2">
         <name>EUSCI_B_SPI_isBusy</name>
         <value>0xc8bd</value>
         <object_component_ref idref="oc-206"/>
      </symbol>
      <symbol id="sm-de3">
         <name>EUSCI_B_SPI_enable</name>
         <value>0xcb73</value>
         <object_component_ref idref="oc-5e7"/>
      </symbol>
      <symbol id="sm-de4">
         <name>SPI_enableModule</name>
         <value>0xc945</value>
         <object_component_ref idref="oc-47d"/>
      </symbol>
      <symbol id="sm-de5">
         <name>EUSCI_A_SPI_transmitData</name>
         <value>0x3825</value>
         <object_component_ref idref="oc-39f"/>
      </symbol>
      <symbol id="sm-de6">
         <name>EUSCI_B_SPI_transmitData</name>
         <value>0x433d</value>
         <object_component_ref idref="oc-399"/>
      </symbol>
      <symbol id="sm-de7">
         <name>SPI_transmitData</name>
         <value>0xc85b</value>
         <object_component_ref idref="oc-200"/>
      </symbol>
      <symbol id="sm-de8">
         <name>EUSCI_A_SPI_enable</name>
         <value>0xcb67</value>
         <object_component_ref idref="oc-5ed"/>
      </symbol>
      <symbol id="sm-de9">
         <name>SPI_initMaster</name>
         <value>0xbb71</value>
         <object_component_ref idref="oc-477"/>
      </symbol>
      <symbol id="sm-dff">
         <name>SysCtl_A_getTLVInfo</name>
         <value>0xc225</value>
         <object_component_ref idref="oc-6ef"/>
      </symbol>
      <symbol id="sm-e18">
         <name>Timer_A_getCounterValue</name>
         <value>0xc8d9</value>
         <object_component_ref idref="oc-eb"/>
      </symbol>
      <symbol id="sm-e19">
         <name>Timer_A_initCompare</name>
         <value>0xc7c9</value>
         <object_component_ref idref="oc-2ff"/>
      </symbol>
      <symbol id="sm-e24">
         <name>CPU_wfi</name>
         <value>0x1a5d</value>
         <object_component_ref idref="oc-30d"/>
      </symbol>
      <symbol id="sm-e4b">
         <name>sprintf</name>
         <value>0xc5ad</value>
         <object_component_ref idref="oc-540"/>
      </symbol>
      <symbol id="sm-e66">
         <name>memcpy</name>
         <value>0xb295</value>
         <object_component_ref idref="oc-37"/>
      </symbol>
      <symbol id="sm-e67">
         <name>__aeabi_memcpy</name>
         <value>0xb295</value>
         <object_component_ref idref="oc-37"/>
      </symbol>
      <symbol id="sm-e68">
         <name>__aeabi_memcpy8</name>
         <value>0xb295</value>
         <object_component_ref idref="oc-37"/>
      </symbol>
      <symbol id="sm-e69">
         <name>__aeabi_memcpy4</name>
         <value>0xb295</value>
         <object_component_ref idref="oc-37"/>
      </symbol>
      <symbol id="sm-e80">
         <name>__TI_zero_init</name>
         <value>0xcb8b</value>
         <object_component_ref idref="oc-49"/>
      </symbol>
      <symbol id="sm-e97">
         <name>__TI_decompress_none</name>
         <value>0xcb59</value>
         <object_component_ref idref="oc-1d"/>
      </symbol>
      <symbol id="sm-eba">
         <name>__TI_decompress_lzss</name>
         <value>0xbf7d</value>
         <object_component_ref idref="oc-17"/>
      </symbol>
      <symbol id="sm-ec5">
         <name>C$$EXIT</name>
         <value>0xcbdd</value>
         <object_component_ref idref="oc-1bb"/>
      </symbol>
      <symbol id="sm-ec6">
         <name>abort</name>
         <value>0xcbdd</value>
         <object_component_ref idref="oc-1bb"/>
      </symbol>
      <symbol id="sm-ed8">
         <name>memmove</name>
         <value>0xc7a1</value>
         <object_component_ref idref="oc-5b8"/>
      </symbol>
      <symbol id="sm-ee8">
         <name>strcat</name>
         <value>0xc89d</value>
         <object_component_ref idref="oc-715"/>
      </symbol>
      <symbol id="sm-ef6">
         <name>strcpy</name>
         <value>0xca89</value>
         <object_component_ref idref="oc-70f"/>
      </symbol>
      <symbol id="sm-f09">
         <name>__stack</name>
         <value>0x2000fe00</value>
         <object_component_ref idref="oc-29"/>
      </symbol>
      <symbol id="sm-f0a">
         <name>_c_int00_noargs</name>
         <value>0xc665</value>
         <object_component_ref idref="oc-55"/>
      </symbol>
      <symbol id="sm-106f">
         <name>__TI_printfi</name>
         <value>0x4e4d</value>
         <object_component_ref idref="oc-675"/>
      </symbol>
      <symbol id="sm-1086">
         <name>__aeabi_dsub</name>
         <value>0x96ad</value>
         <object_component_ref idref="oc-7c7"/>
      </symbol>
      <symbol id="sm-1087">
         <name>__aeabi_dadd</name>
         <value>0x96b7</value>
         <object_component_ref idref="oc-7c7"/>
      </symbol>
      <symbol id="sm-10a9">
         <name>__aeabi_cdcmpeq</name>
         <value>0xb865</value>
         <object_component_ref idref="oc-741"/>
      </symbol>
      <symbol id="sm-10aa">
         <name>__aeabi_cdcmple</name>
         <value>0xb865</value>
         <object_component_ref idref="oc-741"/>
      </symbol>
      <symbol id="sm-10ab">
         <name>__aeabi_cdrcmple</name>
         <value>0xb8eb</value>
         <object_component_ref idref="oc-7b2"/>
      </symbol>
      <symbol id="sm-10bf">
         <name>__aeabi_ddiv</name>
         <value>0xa301</value>
         <object_component_ref idref="oc-7ad"/>
      </symbol>
      <symbol id="sm-10ca">
         <name>__aeabi_dmul</name>
         <value>0xa8a1</value>
         <object_component_ref idref="oc-7a8"/>
      </symbol>
      <symbol id="sm-10d4">
         <name>__aeabi_d2iz</name>
         <value>0xc497</value>
         <object_component_ref idref="oc-7b7"/>
      </symbol>
      <symbol id="sm-10de">
         <name>__aeabi_i2d</name>
         <value>0xc6c9</value>
         <object_component_ref idref="oc-7c2"/>
      </symbol>
      <symbol id="sm-10eb">
         <name>__aeabi_uldivmod</name>
         <value>0xb4f9</value>
         <object_component_ref idref="oc-7a1"/>
      </symbol>
      <symbol id="sm-10fa">
         <name>__aeabi_memset</name>
         <value>0xbc6b</value>
         <object_component_ref idref="oc-a5"/>
      </symbol>
      <symbol id="sm-10fb">
         <name>memset</name>
         <value>0xbc71</value>
         <object_component_ref idref="oc-a5"/>
      </symbol>
      <symbol id="sm-10fc">
         <name>__aeabi_memset8</name>
         <value>0xbc6b</value>
         <object_component_ref idref="oc-a5"/>
      </symbol>
      <symbol id="sm-10fd">
         <name>__aeabi_memset4</name>
         <value>0xbc6b</value>
         <object_component_ref idref="oc-a5"/>
      </symbol>
      <symbol id="sm-10fe">
         <name>__aeabi_memclr8</name>
         <value>0xbc69</value>
         <object_component_ref idref="oc-a5"/>
      </symbol>
      <symbol id="sm-10ff">
         <name>__aeabi_memclr4</name>
         <value>0xbc69</value>
         <object_component_ref idref="oc-a5"/>
      </symbol>
      <symbol id="sm-1100">
         <name>__aeabi_memclr</name>
         <value>0xbc69</value>
         <object_component_ref idref="oc-a5"/>
      </symbol>
      <symbol id="sm-1128">
         <name>__TI_auto_init_nobinit_nopinit</name>
         <value>0xc525</value>
         <object_component_ref idref="oc-1c7"/>
      </symbol>
      <symbol id="sm-1132">
         <name>_system_pre_init</name>
         <value>0xad3d</value>
         <object_component_ref idref="oc-ab"/>
      </symbol>
      <symbol id="sm-1142">
         <name>__TI_ltoa</name>
         <value>0xc279</value>
         <object_component_ref idref="oc-7bc"/>
      </symbol>
      <symbol id="sm-1159">
         <name>atoi</name>
         <value>0xc3b9</value>
         <object_component_ref idref="oc-735"/>
      </symbol>
      <symbol id="sm-1164">
         <name>_ctypes_</name>
         <value>0x15dfc</value>
         <object_component_ref idref="oc-79c"/>
      </symbol>
      <symbol id="sm-1174">
         <name>memccpy</name>
         <value>0xc8f5</value>
         <object_component_ref idref="oc-75e"/>
      </symbol>
      <symbol id="sm-1184">
         <name>strchr</name>
         <value>0xca37</value>
         <object_component_ref idref="oc-7f3"/>
      </symbol>
      <symbol id="sm-1192">
         <name>strlen</name>
         <value>0xca9d</value>
         <object_component_ref idref="oc-72f"/>
      </symbol>
      <symbol id="sm-11a8">
         <name>__aeabi_errno_addr</name>
         <value>0xcbd5</value>
         <object_component_ref idref="oc-76a"/>
      </symbol>
      <symbol id="sm-11a9">
         <name>errno</name>
         <value>0x20003ad8</value>
         <object_component_ref idref="oc-803"/>
      </symbol>
      <symbol id="sm-11c9">
         <name>frexpl</name>
         <value>0xc0ad</value>
         <object_component_ref idref="oc-7e7"/>
      </symbol>
      <symbol id="sm-11ca">
         <name>frexp</name>
         <value>0xc0ad</value>
         <object_component_ref idref="oc-7e7"/>
      </symbol>
      <symbol id="sm-11e7">
         <name>scalbn</name>
         <value>0xa689</value>
         <object_component_ref idref="oc-7ed"/>
      </symbol>
      <symbol id="sm-11e8">
         <name>scalbnl</name>
         <value>0xa689</value>
         <object_component_ref idref="oc-7ed"/>
      </symbol>
      <symbol id="sm-11e9">
         <name>ldexpl</name>
         <value>0xa689</value>
         <object_component_ref idref="oc-7ed"/>
      </symbol>
      <symbol id="sm-11ea">
         <name>ldexp</name>
         <value>0xa689</value>
         <object_component_ref idref="oc-7ed"/>
      </symbol>
      <symbol id="sm-1203">
         <name>wcslen</name>
         <value>0xcac3</value>
         <object_component_ref idref="oc-764"/>
      </symbol>
      <symbol id="sm-120d">
         <name>copysign</name>
         <value>0xc95f</value>
         <object_component_ref idref="oc-83f"/>
      </symbol>
      <symbol id="sm-120e">
         <name>copysignl</name>
         <value>0xc95f</value>
         <object_component_ref idref="oc-83f"/>
      </symbol>
      <symbol id="sm-1218">
         <name>__aeabi_idiv0</name>
         <value>0x73ef</value>
         <object_component_ref idref="oc-826"/>
      </symbol>
      <symbol id="sm-1219">
         <name>__aeabi_ldiv0</name>
         <value>0x73ef</value>
         <object_component_ref idref="oc-826"/>
      </symbol>
      <symbol id="sm-121a">
         <name>__TI_static_base__</name>
         <value>0x0</value>
      </symbol>
      <symbol id="sm-121d">
         <name>__mpu_init</name>
         <value>0x0</value>
      </symbol>
      <symbol id="sm-121e">
         <name>_system_post_cinit</name>
         <value>0x0</value>
      </symbol>
      <symbol id="sm-121f">
         <name>NMI_Handler</name>
         <value>0x6fd7</value>
      </symbol>
      <symbol id="sm-1220">
         <name>HardFault_Handler</name>
         <value>0x6fd7</value>
      </symbol>
      <symbol id="sm-1221">
         <name>MemManage_Handler</name>
         <value>0x6fd7</value>
      </symbol>
      <symbol id="sm-1222">
         <name>BusFault_Handler</name>
         <value>0x6fd7</value>
      </symbol>
      <symbol id="sm-1223">
         <name>UsageFault_Handler</name>
         <value>0x6fd7</value>
      </symbol>
      <symbol id="sm-1224">
         <name>SVC_Handler</name>
         <value>0x6fd7</value>
      </symbol>
      <symbol id="sm-1225">
         <name>DebugMon_Handler</name>
         <value>0x6fd7</value>
      </symbol>
      <symbol id="sm-1226">
         <name>PendSV_Handler</name>
         <value>0x6fd7</value>
      </symbol>
      <symbol id="sm-1227">
         <name>SysTick_Handler</name>
         <value>0x6fd7</value>
      </symbol>
      <symbol id="sm-1228">
         <name>PSS_IRQHandler</name>
         <value>0x6fd7</value>
      </symbol>
      <symbol id="sm-1229">
         <name>CS_IRQHandler</name>
         <value>0x6fd7</value>
      </symbol>
      <symbol id="sm-122a">
         <name>PCM_IRQHandler</name>
         <value>0x6fd7</value>
      </symbol>
      <symbol id="sm-122b">
         <name>WDT_A_IRQHandler</name>
         <value>0x6fd7</value>
      </symbol>
      <symbol id="sm-122c">
         <name>FPU_IRQHandler</name>
         <value>0x6fd7</value>
      </symbol>
      <symbol id="sm-122d">
         <name>FLCTL_IRQHandler</name>
         <value>0x6fd7</value>
      </symbol>
      <symbol id="sm-122e">
         <name>COMP_E0_IRQHandler</name>
         <value>0x6fd7</value>
      </symbol>
      <symbol id="sm-122f">
         <name>COMP_E1_IRQHandler</name>
         <value>0x6fd7</value>
      </symbol>
      <symbol id="sm-1230">
         <name>TA0_0_IRQHandler</name>
         <value>0x6fd7</value>
      </symbol>
      <symbol id="sm-1231">
         <name>TA0_N_IRQHandler</name>
         <value>0x6fd7</value>
      </symbol>
      <symbol id="sm-1232">
         <name>TA1_0_IRQHandler</name>
         <value>0x6fd7</value>
      </symbol>
      <symbol id="sm-1233">
         <name>TA1_N_IRQHandler</name>
         <value>0x6fd7</value>
      </symbol>
      <symbol id="sm-1234">
         <name>TA2_0_IRQHandler</name>
         <value>0xc87d</value>
      </symbol>
      <symbol id="sm-1235">
         <name>TA2_N_IRQHandler</name>
         <value>0x6fd7</value>
      </symbol>
      <symbol id="sm-1236">
         <name>TA3_0_IRQHandler</name>
         <value>0x6fd7</value>
      </symbol>
      <symbol id="sm-1237">
         <name>TA3_N_IRQHandler</name>
         <value>0xaa91</value>
      </symbol>
      <symbol id="sm-1238">
         <name>EUSCIA0_IRQHandler</name>
         <value>0x6fd7</value>
      </symbol>
      <symbol id="sm-1239">
         <name>EUSCIA1_IRQHandler</name>
         <value>0x6fd7</value>
      </symbol>
      <symbol id="sm-123a">
         <name>EUSCIA2_IRQHandler</name>
         <value>0x6fd7</value>
      </symbol>
      <symbol id="sm-123b">
         <name>EUSCIA3_IRQHandler</name>
         <value>0x6fd7</value>
      </symbol>
      <symbol id="sm-123c">
         <name>EUSCIB0_IRQHandler</name>
         <value>0x6fd7</value>
      </symbol>
      <symbol id="sm-123d">
         <name>EUSCIB1_IRQHandler</name>
         <value>0x6fd7</value>
      </symbol>
      <symbol id="sm-123e">
         <name>EUSCIB2_IRQHandler</name>
         <value>0x6fd7</value>
      </symbol>
      <symbol id="sm-123f">
         <name>EUSCIB3_IRQHandler</name>
         <value>0x6fd7</value>
      </symbol>
      <symbol id="sm-1240">
         <name>ADC14_IRQHandler</name>
         <value>0x6fd7</value>
      </symbol>
      <symbol id="sm-1241">
         <name>T32_INT1_IRQHandler</name>
         <value>0x6fd7</value>
      </symbol>
      <symbol id="sm-1242">
         <name>T32_INT2_IRQHandler</name>
         <value>0x6fd7</value>
      </symbol>
      <symbol id="sm-1243">
         <name>T32_INTC_IRQHandler</name>
         <value>0x6fd7</value>
      </symbol>
      <symbol id="sm-1244">
         <name>AES256_IRQHandler</name>
         <value>0x6fd7</value>
      </symbol>
      <symbol id="sm-1245">
         <name>RTC_C_IRQHandler</name>
         <value>0x6fd7</value>
      </symbol>
      <symbol id="sm-1246">
         <name>DMA_ERR_IRQHandler</name>
         <value>0x6fd7</value>
      </symbol>
      <symbol id="sm-1247">
         <name>DMA_INT3_IRQHandler</name>
         <value>0x6fd7</value>
      </symbol>
      <symbol id="sm-1248">
         <name>DMA_INT2_IRQHandler</name>
         <value>0x6fd7</value>
      </symbol>
      <symbol id="sm-1249">
         <name>DMA_INT1_IRQHandler</name>
         <value>0xb7d9</value>
      </symbol>
      <symbol id="sm-124a">
         <name>DMA_INT0_IRQHandler</name>
         <value>0x6fd7</value>
      </symbol>
      <symbol id="sm-124b">
         <name>PORT1_IRQHandler</name>
         <value>0xac5d</value>
      </symbol>
      <symbol id="sm-124c">
         <name>PORT2_IRQHandler</name>
         <value>0x6fd7</value>
      </symbol>
      <symbol id="sm-124d">
         <name>PORT3_IRQHandler</name>
         <value>0x6fd7</value>
      </symbol>
      <symbol id="sm-124e">
         <name>PORT4_IRQHandler</name>
         <value>0x6fd7</value>
      </symbol>
      <symbol id="sm-124f">
         <name>PORT5_IRQHandler</name>
         <value>0x6fd7</value>
      </symbol>
      <symbol id="sm-1250">
         <name>PORT6_IRQHandler</name>
         <value>0x6fd7</value>
      </symbol>
   </symbol_table>
   <title>Link successful</title>
</link_info>
